../Core/Src/main.c:67:6:transmit1	32	static
../Core/Src/main.c:73:6:transmit2	32	static
../Core/Src/main.c:79:6:transmit3	32	static
../Core/Src/main.c:85:13:task1	16	static
../Core/Src/main.c:95:13:task2	16	static
../Core/Src/main.c:104:13:task3	16	static
../Core/Src/main.c:119:5:main	32	static
../Core/Src/main.c:173:6:SystemClock_Config	88	static
../Core/Src/main.c:214:13:MX_USART2_UART_Init	8	static
../Core/Src/main.c:262:13:MX_GPIO_Init	48	static
../Core/Src/main.c:299:6:HAL_TIM_PeriodElapsedCallback	16	static
../Core/Src/main.c:316:6:Error_Handler	8	static,ignoring_inline_asm
