13:10:06 **** Incremental Build of configuration Debug for project Switch2 ****
make -j7 all 
arm-none-eabi-gcc "../Src/main.c" -mcpu=cortex-m0plus -std=gnu11 -g3 -DDEBUG -DNUCLEO_G070RB -DSTM32G070RBTx -DSTM32 -DSTM32G0 -c -I../Inc -O0 -ffunction-sections -fdata-sections -Wall -fstack-usage -fcyclomatic-complexity -MMD -MP -MF"Src/main.d" -MT"Src/main.o" --specs=nano.specs -mfloat-abi=soft -mthumb -o "Src/main.o"
arm-none-eabi-gcc -o "Switch2.elf" @"objects.list"   -mcpu=cortex-m0plus -T"/Users/nithish/STM32CubeIDE/Bare_metal/Switch2/STM32G070RBTX_FLASH.ld" --specs=nosys.specs -Wl,-Map="Switch2.map" -Wl,--gc-sections -static --specs=nano.specs -mfloat-abi=soft -mthumb -Wl,--start-group -lc -lm -Wl,--end-group
Finished building target: Switch2.elf
 
arm-none-eabi-size   Switch2.elf 
arm-none-eabi-objdump -h -S  Switch2.elf  > "Switch2.list"
   text	   data	    bss	    dec	    hex	filename
    732	      8	   1568	   2308	    904	Switch2.elf
Finished building: default.size.stdout
 
Finished building: Switch2.list
 

13:10:07 Build Finished. 0 errors, 0 warnings. (took 365ms)

