11:56:03 **** Incremental Build of configuration Debug for project Timer ****
make -j7 all 
arm-none-eabi-gcc "../Src/main.c" -mcpu=cortex-m0plus -std=gnu11 -g3 -DDEBUG -DNUCLEO_G070RB -DSTM32G070RBTx -DSTM32 -DSTM32G0 -c -I../Inc -O0 -ffunction-sections -fdata-sections -Wall -fstack-usage -fcyclomatic-complexity -MMD -MP -MF"Src/main.d" -MT"Src/main.o" --specs=nano.specs -mfloat-abi=soft -mthumb -o "Src/main.o"
arm-none-eabi-gcc -o "Timer.elf" @"objects.list"   -mcpu=cortex-m0plus -T"/Users/nithish/STM32CubeIDE/Bare_metal/Timer/STM32G070RBTX_FLASH.ld" --specs=nosys.specs -Wl,-Map="Timer.map" -Wl,--gc-sections -static --specs=nano.specs -mfloat-abi=soft -mthumb -Wl,--start-group -lc -lm -Wl,--end-group
Finished building target: Timer.elf
 
arm-none-eabi-size   Timer.elf 
arm-none-eabi-objdump -h -S  Timer.elf  > "Timer.list"
   text	   data	    bss	    dec	    hex	filename
    612	      8	   1568	   2188	    88c	Timer.elf
Finished building: default.size.stdout
 
Finished building: Timer.list
 

11:56:03 Build Finished. 0 errors, 0 warnings. (took 364ms)

