12:11:04 **** Incremental Build of configuration Debug for project TIMER6 ****
make -j7 all 
arm-none-eabi-gcc "../Src/main.c" -mcpu=cortex-m0plus -std=gnu11 -g3 -DDEBUG -DNUCLEO_G070RB -DSTM32G070RBTx -DSTM32 -DSTM32G0 -c -I../Inc -O0 -ffunction-sections -fdata-sections -Wall -fstack-usage -fcyclomatic-complexity -MMD -MP -MF"Src/main.d" -MT"Src/main.o" --specs=nano.specs -mfloat-abi=soft -mthumb -o "Src/main.o"
arm-none-eabi-gcc -o "TIMER6.elf" @"objects.list"   -mcpu=cortex-m0plus -T"/Users/nithish/STM32CubeIDE/Bare_metal/TIMER6/STM32G070RBTX_FLASH.ld" --specs=nosys.specs -Wl,-Map="TIMER6.map" -Wl,--gc-sections -static --specs=nano.specs -mfloat-abi=soft -mthumb -Wl,--start-group -lc -lm -Wl,--end-group
Finished building target: TIMER6.elf
 
arm-none-eabi-size   TIMER6.elf 
arm-none-eabi-objdump -h -S  TIMER6.elf  > "TIMER6.list"
   text	   data	    bss	    dec	    hex	filename
    616	      8	   1568	   2192	    890	TIMER6.elf
Finished building: default.size.stdout
 
Finished building: TIMER6.list
 

12:11:04 Build Finished. 0 errors, 0 warnings. (took 356ms)

