../Core/Src/main.c:87:5:main	16	static
../Core/Src/main.c:146:6:SystemClock_Config	88	static
../Core/Src/main.c:187:13:MX_USART2_UART_Init	8	static
../Core/Src/main.c:235:13:MX_GPIO_Init	48	static
../Core/Src/main.c:270:6:GPIO_Init	48	static
../Core/Src/main.c:297:6:EXTI_Init	24	static
../Core/Src/main.c:309:6:transmit1	32	static
../Core/Src/main.c:315:6:transmit2	32	static
../Core/Src/main.c:321:6:transmit3	32	static
../Core/Src/main.c:328:6:vTask1	16	static
../Core/Src/main.c:340:6:vTask2	16	static
../Core/Src/main.c:351:6:vTask3	16	static
../Core/Src/main.c:362:6:EXTI4_15_IRQHandler	8	static
../Core/Src/main.c:386:6:HAL_GPIO_EXTI_Callback	16	static
../Core/Src/main.c:404:6:HAL_TIM_PeriodElapsedCallback	16	static
../Core/Src/main.c:421:6:Error_Handler	8	static,ignoring_inline_asm
