Archive member included to satisfy reference by file (symbol)

/Applications/STM32CubeIDE.app/Contents/Eclipse/plugins/com.st.stm32cube.ide.mcu.externaltools.gnu-tools-for-stm32.10.3-2021.10.macos64_1.0.200.202301161003/tools/bin/../lib/gcc/arm-none-eabi/10.3.1/../../../../arm-none-eabi/lib/thumb/v6-m/nofp/libc_nano.a(lib_a-errno.o)
                              ./Core/Src/syscalls.o (__errno)
/Applications/STM32CubeIDE.app/Contents/Eclipse/plugins/com.st.stm32cube.ide.mcu.externaltools.gnu-tools-for-stm32.10.3-2021.10.macos64_1.0.200.202301161003/tools/bin/../lib/gcc/arm-none-eabi/10.3.1/../../../../arm-none-eabi/lib/thumb/v6-m/nofp/libc_nano.a(lib_a-exit.o)
                              /Applications/STM32CubeIDE.app/Contents/Eclipse/plugins/com.st.stm32cube.ide.mcu.externaltools.gnu-tools-for-stm32.10.3-2021.10.macos64_1.0.200.202301161003/tools/bin/../lib/gcc/arm-none-eabi/10.3.1/../../../../arm-none-eabi/lib/thumb/v6-m/nofp/crt0.o (exit)
/Applications/STM32CubeIDE.app/Contents/Eclipse/plugins/com.st.stm32cube.ide.mcu.externaltools.gnu-tools-for-stm32.10.3-2021.10.macos64_1.0.200.202301161003/tools/bin/../lib/gcc/arm-none-eabi/10.3.1/../../../../arm-none-eabi/lib/thumb/v6-m/nofp/libc_nano.a(lib_a-impure.o)
                              /Applications/STM32CubeIDE.app/Contents/Eclipse/plugins/com.st.stm32cube.ide.mcu.externaltools.gnu-tools-for-stm32.10.3-2021.10.macos64_1.0.200.202301161003/tools/bin/../lib/gcc/arm-none-eabi/10.3.1/../../../../arm-none-eabi/lib/thumb/v6-m/nofp/libc_nano.a(lib_a-exit.o) (_global_impure_ptr)
/Applications/STM32CubeIDE.app/Contents/Eclipse/plugins/com.st.stm32cube.ide.mcu.externaltools.gnu-tools-for-stm32.10.3-2021.10.macos64_1.0.200.202301161003/tools/bin/../lib/gcc/arm-none-eabi/10.3.1/../../../../arm-none-eabi/lib/thumb/v6-m/nofp/libc_nano.a(lib_a-init.o)
                              /Applications/STM32CubeIDE.app/Contents/Eclipse/plugins/com.st.stm32cube.ide.mcu.externaltools.gnu-tools-for-stm32.10.3-2021.10.macos64_1.0.200.202301161003/tools/bin/../lib/gcc/arm-none-eabi/10.3.1/../../../../arm-none-eabi/lib/thumb/v6-m/nofp/crt0.o (__libc_init_array)
/Applications/STM32CubeIDE.app/Contents/Eclipse/plugins/com.st.stm32cube.ide.mcu.externaltools.gnu-tools-for-stm32.10.3-2021.10.macos64_1.0.200.202301161003/tools/bin/../lib/gcc/arm-none-eabi/10.3.1/../../../../arm-none-eabi/lib/thumb/v6-m/nofp/libc_nano.a(lib_a-memcpy-stub.o)
                              ./middleware/FreeRTOS/queue.o (memcpy)
/Applications/STM32CubeIDE.app/Contents/Eclipse/plugins/com.st.stm32cube.ide.mcu.externaltools.gnu-tools-for-stm32.10.3-2021.10.macos64_1.0.200.202301161003/tools/bin/../lib/gcc/arm-none-eabi/10.3.1/../../../../arm-none-eabi/lib/thumb/v6-m/nofp/libc_nano.a(lib_a-memset.o)
                              /Applications/STM32CubeIDE.app/Contents/Eclipse/plugins/com.st.stm32cube.ide.mcu.externaltools.gnu-tools-for-stm32.10.3-2021.10.macos64_1.0.200.202301161003/tools/bin/../lib/gcc/arm-none-eabi/10.3.1/../../../../arm-none-eabi/lib/thumb/v6-m/nofp/crt0.o (memset)
/Applications/STM32CubeIDE.app/Contents/Eclipse/plugins/com.st.stm32cube.ide.mcu.externaltools.gnu-tools-for-stm32.10.3-2021.10.macos64_1.0.200.202301161003/tools/bin/../lib/gcc/arm-none-eabi/10.3.1/../../../../arm-none-eabi/lib/thumb/v6-m/nofp/libc_nano.a(lib_a-sprintf.o)
                              ./Core/Src/main.o (sprintf)
/Applications/STM32CubeIDE.app/Contents/Eclipse/plugins/com.st.stm32cube.ide.mcu.externaltools.gnu-tools-for-stm32.10.3-2021.10.macos64_1.0.200.202301161003/tools/bin/../lib/gcc/arm-none-eabi/10.3.1/../../../../arm-none-eabi/lib/thumb/v6-m/nofp/libc_nano.a(lib_a-strlen.o)
                              ./Core/Src/main.o (strlen)
/Applications/STM32CubeIDE.app/Contents/Eclipse/plugins/com.st.stm32cube.ide.mcu.externaltools.gnu-tools-for-stm32.10.3-2021.10.macos64_1.0.200.202301161003/tools/bin/../lib/gcc/arm-none-eabi/10.3.1/../../../../arm-none-eabi/lib/thumb/v6-m/nofp/libc_nano.a(lib_a-nano-svfprintf.o)
                              /Applications/STM32CubeIDE.app/Contents/Eclipse/plugins/com.st.stm32cube.ide.mcu.externaltools.gnu-tools-for-stm32.10.3-2021.10.macos64_1.0.200.202301161003/tools/bin/../lib/gcc/arm-none-eabi/10.3.1/../../../../arm-none-eabi/lib/thumb/v6-m/nofp/libc_nano.a(lib_a-sprintf.o) (_svfprintf_r)
/Applications/STM32CubeIDE.app/Contents/Eclipse/plugins/com.st.stm32cube.ide.mcu.externaltools.gnu-tools-for-stm32.10.3-2021.10.macos64_1.0.200.202301161003/tools/bin/../lib/gcc/arm-none-eabi/10.3.1/../../../../arm-none-eabi/lib/thumb/v6-m/nofp/libc_nano.a(lib_a-nano-vfprintf_i.o)
                              /Applications/STM32CubeIDE.app/Contents/Eclipse/plugins/com.st.stm32cube.ide.mcu.externaltools.gnu-tools-for-stm32.10.3-2021.10.macos64_1.0.200.202301161003/tools/bin/../lib/gcc/arm-none-eabi/10.3.1/../../../../arm-none-eabi/lib/thumb/v6-m/nofp/libc_nano.a(lib_a-nano-svfprintf.o) (_printf_i)
[...]
Memory Configuration

Name             Origin             Length             Attributes
RAM              0x0000000020000000 0x0000000000009000 xrw
FLASH            0x0000000008000000 0x0000000000020000 xr
*default*        0x0000000000000000 0xffffffffffffffff

Linker script and memory map

LOAD /Applications/STM32CubeIDE.app/Contents/Eclipse/plugins/com.st.stm32cube.ide.mcu.externaltools.gnu-tools-for-stm32.10.3-2021.10.macos64_1.0.200.202301161003/tools/bin/../lib/gcc/arm-none-eabi/10.3.1/thumb/v6-m/nofp/crti.o
LOAD /Applications/STM32CubeIDE.app/Contents/Eclipse/plugins/com.st.stm32cube.ide.mcu.externaltools.gnu-tools-for-stm32.10.3-2021.10.macos64_1.0.200.202301161003/tools/bin/../lib/gcc/arm-none-eabi/10.3.1/thumb/v6-m/nofp/crtbegin.o
LOAD /Applications/STM32CubeIDE.app/Contents/Eclipse/plugins/com.st.stm32cube.ide.mcu.externaltools.gnu-tools-for-stm32.10.3-2021.10.macos64_1.0.200.202301161003/tools/bin/../lib/gcc/arm-none-eabi/10.3.1/../../../../arm-none-eabi/lib/thumb/v6-m/nofp/crt0.o
LOAD ./Core/Src/main.o
LOAD ./Core/Src/stm32g0xx_hal_msp.o
LOAD ./Core/Src/stm32g0xx_hal_timebase_tim.o
LOAD ./Core/Src/stm32g0xx_it.o
LOAD ./Core/Src/syscalls.o
LOAD ./Core/Src/system_stm32g0xx.o
LOAD ./Core/Startup/startup_stm32g070rbtx.o
LOAD ./Drivers/STM32G0xx_HAL_Driver/Src/stm32g0xx_hal.o
LOAD ./Drivers/STM32G0xx_HAL_Driver/Src/stm32g0xx_hal_cortex.o
LOAD ./Drivers/STM32G0xx_HAL_Driver/Src/stm32g0xx_hal_dma.o
LOAD ./Drivers/STM32G0xx_HAL_Driver/Src/stm32g0xx_hal_dma_ex.o
LOAD ./Drivers/STM32G0xx_HAL_Driver/Src/stm32g0xx_hal_exti.o
LOAD ./Drivers/STM32G0xx_HAL_Driver/Src/stm32g0xx_hal_flash.o
LOAD ./Drivers/STM32G0xx_HAL_Driver/Src/stm32g0xx_hal_flash_ex.o
LOAD ./Drivers/STM32G0xx_HAL_Driver/Src/stm32g0xx_hal_gpio.o
LOAD ./Drivers/STM32G0xx_HAL_Driver/Src/stm32g0xx_hal_pwr.o
LOAD ./Drivers/STM32G0xx_HAL_Driver/Src/stm32g0xx_hal_pwr_ex.o
LOAD ./Drivers/STM32G0xx_HAL_Driver/Src/stm32g0xx_hal_rcc.o
LOAD ./Drivers/STM32G0xx_HAL_Driver/Src/stm32g0xx_hal_rcc_ex.o
LOAD ./Drivers/STM32G0xx_HAL_Driver/Src/stm32g0xx_hal_tim.o
LOAD ./Drivers/STM32G0xx_HAL_Driver/Src/stm32g0xx_hal_tim_ex.o
LOAD ./Drivers/STM32G0xx_HAL_Driver/Src/stm32g0xx_hal_uart.o
LOAD ./Drivers/STM32G0xx_HAL_Driver/Src/stm32g0xx_hal_uart_ex.o
LOAD ./Drivers/STM32G0xx_HAL_Driver/Src/stm32g0xx_ll_dma.o
LOAD ./Drivers/STM32G0xx_HAL_Driver/Src/stm32g0xx_ll_rcc.o
LOAD ./middleware/FreeRTOS/croutine.o
LOAD ./middleware/FreeRTOS/event_groups.o
LOAD ./middleware/FreeRTOS/list.o
LOAD ./middleware/FreeRTOS/queue.o
LOAD ./middleware/FreeRTOS/stream_buffer.o
LOAD ./middleware/FreeRTOS/tasks.o
LOAD ./middleware/FreeRTOS/timers.o
LOAD ./middleware/FreeRTOS/portable/GCC/ARM_CM0/port.o
LOAD ./middleware/FreeRTOS/portable/MemMang/heap_4.o
START GROUP
LOAD /Applications/STM32CubeIDE.app/Contents/Eclipse/plugins/com.st.stm32cube.ide.mcu.externaltools.gnu-tools-for-stm32.10.3-2021.10.macos64_1.0.200.202301161003/tools/bin/../lib/gcc/arm-none-eabi/10.3.1/../../../../arm-none-eabi/lib/thumb/v6-m/nofp/libc_nano.a
LOAD /Applications/STM32CubeIDE.app/Contents/Eclipse/plugins/com.st.stm32cube.ide.mcu.externaltools.gnu-tools-for-stm32.10.3-2021.10.macos64_1.0.200.202301161003/tools/bin/../lib/gcc/arm-none-eabi/10.3.1/../../../../arm-none-eabi/lib/thumb/v6-m/nofp/libm.a
END GROUP
START GROUP
LOAD /Applications/STM32CubeIDE.app/Contents/Eclipse/plugins/com.st.stm32cube.ide.mcu.externaltools.gnu-tools-for-stm32.10.3-2021.10.macos64_1.0.200.202301161003/tools/bin/../lib/gcc/arm-none-eabi/10.3.1/thumb/v6-m/nofp/libgcc.a
LOAD /Applications/STM32CubeIDE.app/Contents/Eclipse/plugins/com.st.stm32cube.ide.mcu.externaltools.gnu-tools-for-stm32.10.3-2021.10.macos64_1.0.200.202301161003/tools/bin/../lib/gcc/arm-none-eabi/10.3.1/../../../../arm-none-eabi/lib/thumb/v6-m/nofp/libc_nano.a
END GROUP
START GROUP
LOAD /Applications/STM32CubeIDE.app/Contents/Eclipse/plugins/com.st.stm32cube.ide.mcu.externaltools.gnu-tools-for-stm32.10.3-2021.10.macos64_1.0.200.202301161003/tools/bin/../lib/gcc/arm-none-eabi/10.3.1/thumb/v6-m/nofp/libgcc.a
LOAD /Applications/STM32CubeIDE.app/Contents/Eclipse/plugins/com.st.stm32cube.ide.mcu.externaltools.gnu-tools-for-stm32.10.3-2021.10.macos64_1.0.200.202301161003/tools/bin/../lib/gcc/arm-none-eabi/10.3.1/../../../../arm-none-eabi/lib/thumb/v6-m/nofp/libc_nano.a
LOAD /Applications/STM32CubeIDE.app/Contents/Eclipse/plugins/com.st.stm32cube.ide.mcu.externaltools.gnu-tools-for-stm32.10.3-2021.10.macos64_1.0.200.202301161003/tools/bin/../lib/gcc/arm-none-eabi/10.3.1/../../../../arm-none-eabi/lib/thumb/v6-m/nofp/libnosys.a
END GROUP
START GROUP
LOAD /Applications/STM32CubeIDE.app/Contents/Eclipse/plugins/com.st.stm32cube.ide.mcu.externaltools.gnu-tools-for-stm32.10.3-2021.10.macos64_1.0.200.202301161003/tools/bin/../lib/gcc/arm-none-eabi/10.3.1/thumb/v6-m/nofp/libgcc.a
LOAD /Applications/STM32CubeIDE.app/Contents/Eclipse/plugins/com.st.stm32cube.ide.mcu.externaltools.gnu-tools-for-stm32.10.3-2021.10.macos64_1.0.200.202301161003/tools/bin/../lib/gcc/arm-none-eabi/10.3.1/../../../../arm-none-eabi/lib/thumb/v6-m/nofp/libc_nano.a
LOAD /Applications/STM32CubeIDE.app/Contents/Eclipse/plugins/com.st.stm32cube.ide.mcu.externaltools.gnu-tools-for-stm32.10.3-2021.10.macos64_1.0.200.202301161003/tools/bin/../lib/gcc/arm-none-eabi/10.3.1/../../../../arm-none-eabi/lib/thumb/v6-m/nofp/libnosys.a
END GROUP
LOAD /Applications/STM32CubeIDE.app/Contents/Eclipse/plugins/com.st.stm32cube.ide.mcu.externaltools.gnu-tools-for-stm32.10.3-2021.10.macos64_1.0.200.202301161003/tools/bin/../lib/gcc/arm-none-eabi/10.3.1/thumb/v6-m/nofp/crtend.o
LOAD /Applications/STM32CubeIDE.app/Contents/Eclipse/plugins/com.st.stm32cube.ide.mcu.externaltools.gnu-tools-for-stm32.10.3-2021.10.macos64_1.0.200.202301161003/tools/bin/../lib/gcc/arm-none-eabi/10.3.1/thumb/v6-m/nofp/crtn.o
                0x0000000020009000                _estack = (ORIGIN (RAM) + LENGTH (RAM))
                0x0000000000000200                _Min_Heap_Size = 0x200
                0x0000000000000400                _Min_Stack_Size = 0x400

.isr_vector     0x0000000008000000       0xb8
                0x0000000008000000                . = ALIGN (0x4)
 *(.isr_vector)
 .isr_vector    0x0000000008000000       0xb8 ./Core/Startup/startup_stm32g070rbtx.o
                0x0000000008000000                g_pfnVectors
                0x00000000080000b8                . = ALIGN (0x4)

.text           0x00000000080000c0     0x57e0
                0x00000000080000c0                . = ALIGN (0x4)
 *(.text)
 .text          0x00000000080000c0       0x48 /Applications/STM32CubeIDE.app/Contents/Eclipse/plugins/com.st.stm32cube.ide.mcu.externaltools.gnu-tools-for-stm32.10.3-2021.10.macos64_1.0.200.202301161003/tools/bin/../lib/gcc/arm-none-eabi/10.3.1/thumb/v6-m/nofp/crtbegin.o
 .text          0x0000000008000108        0xe /Applications/STM32CubeIDE.app/Contents/Eclipse/plugins/com.st.stm32cube.ide.mcu.externaltools.gnu-tools-for-stm32.10.3-2021.10.macos64_1.0.200.202301161003/tools/bin/../lib/gcc/arm-none-eabi/10.3.1/../../../../arm-none-eabi/lib/thumb/v6-m/nofp/libc_nano.a(lib_a-strlen.o)
                0x0000000008000108                strlen
 *fill*         0x0000000008000116        0x2 
 .text          0x0000000008000118       0x14 /Applications/STM32CubeIDE.app/Contents/Eclipse/plugins/com.st.stm32cube.ide.mcu.externaltools.gnu-tools-for-stm32.10.3-2021.10.macos64_1.0.200.202301161003/tools/bin/../lib/gcc/arm-none-eabi/10.3.1/thumb/v6-m/nofp/libgcc.a(_thumb1_case_shi.o)
                0x0000000008000118                __gnu_thumb1_case_shi
 .text          0x000000000800012c      0x114 /Applications/STM32CubeIDE.app/Contents/Eclipse/plugins/com.st.stm32cube.ide.mcu.externaltools.gnu-tools-for-stm32.10.3-2021.10.macos64_1.0.200.202301161003/tools/bin/../lib/gcc/arm-none-eabi/10.3.1/thumb/v6-m/nofp/libgcc.a(_udivsi3.o)
                0x000000000800012c                __udivsi3
                0x000000000800012c                __aeabi_uidiv
                0x0000000008000238                __aeabi_uidivmod
 .text          0x0000000008000240      0x1d4 /Applications/STM32CubeIDE.app/Contents/Eclipse/plugins/com.st.stm32cube.ide.mcu.externaltools.gnu-tools-for-stm32.10.3-2021.10.macos64_1.0.200.202301161003/tools/bin/../lib/gcc/arm-none-eabi/10.3.1/thumb/v6-m/nofp/libgcc.a(_divsi3.o)
                0x0000000008000240                __aeabi_idiv
                0x0000000008000240                __divsi3
                0x000000000800040c                __aeabi_idivmod
 .text          0x0000000008000414        0x4 /Applications/STM32CubeIDE.app/Contents/Eclipse/plugins/com.st.stm32cube.ide.mcu.externaltools.gnu-tools-for-stm32.10.3-2021.10.macos64_1.0.200.202301161003/tools/bin/../lib/gcc/arm-none-eabi/10.3.1/thumb/v6-m/nofp/libgcc.a(_dvmd_tls.o)
                0x0000000008000414                __aeabi_ldiv0
                0x0000000008000414                __aeabi_idiv0
 *(.text*)
 .text.UpdateMailbox
                0x0000000008000418       0x60 ./Core/Src/main.o
                0x0000000008000418                UpdateMailbox
 .text.ReadMailbox
                0x0000000008000478       0x58 ./Core/Src/main.o
                0x0000000008000478                ReadMailbox
 .text.main     0x00000000080004d0       0x74 ./Core/Src/main.o
                0x00000000080004d0                main
 .text.SystemClock_Config
                0x0000000008000544       0x90 ./Core/Src/main.o
                0x0000000008000544                SystemClock_Config
 .text.MX_USART2_UART_Init
                0x00000000080005d4       0x9c ./Core/Src/main.o
 .text.MX_GPIO_Init
                0x0000000008000670       0x5c ./Core/Src/main.o
 .text.HAL_TIM_PeriodElapsedCallback
                0x00000000080006cc       0x24 ./Core/Src/main.o
                0x00000000080006cc                HAL_TIM_PeriodElapsedCallback
 .text.Error_Handler
                0x00000000080006f0        0xa ./Core/Src/main.o
                0x00000000080006f0                Error_Handler
 *fill*         0x00000000080006fa        0x2 
 .text.HAL_MspInit
                0x00000000080006fc       0x48 ./Core/Src/stm32g0xx_hal_msp.o
                0x00000000080006fc                HAL_MspInit
 .text.HAL_UART_MspInit
                0x0000000008000744       0xc0 ./Core/Src/stm32g0xx_hal_msp.o
                0x0000000008000744                HAL_UART_MspInit
 .text.HAL_InitTick
                0x0000000008000804      0x108 ./Core/Src/stm32g0xx_hal_timebase_tim.o
                0x0000000008000804                HAL_InitTick
 .text.NMI_Handler
                0x000000000800090c        0x6 ./Core/Src/stm32g0xx_it.o
                0x000000000800090c                NMI_Handler
 .text.HardFault_Handler
                0x0000000008000912        0x6 ./Core/Src/stm32g0xx_it.o
                0x0000000008000912                HardFault_Handler
 .text.TIM3_IRQHandler
                0x0000000008000918       0x18 ./Core/Src/stm32g0xx_it.o
                0x0000000008000918                TIM3_IRQHandler
 .text.SystemInit
                0x0000000008000930        0xa ./Core/Src/system_stm32g0xx.o
                0x0000000008000930                SystemInit
 *fill*         0x000000000800093a        0x2 
 .text.Reset_Handler
                0x000000000800093c       0x50 ./Core/Startup/startup_stm32g070rbtx.o
                0x000000000800093c                Reset_Handler
 .text.Default_Handler
                0x000000000800098c        0x2 ./Core/Startup/startup_stm32g070rbtx.o
                0x000000000800098c                TIM1_BRK_UP_TRG_COM_IRQHandler
                0x000000000800098c                TIM6_IRQHandler
                0x000000000800098c                I2C1_IRQHandler
                0x000000000800098c                RTC_TAMP_IRQHandler
                0x000000000800098c                SPI1_IRQHandler
                0x000000000800098c                USART3_4_IRQHandler
                0x000000000800098c                EXTI2_3_IRQHandler
                0x000000000800098c                ADC1_IRQHandler
                0x000000000800098c                I2C2_IRQHandler
                0x000000000800098c                TIM17_IRQHandler
                0x000000000800098c                TIM16_IRQHandler
                0x000000000800098c                EXTI4_15_IRQHandler
                0x000000000800098c                RCC_IRQHandler
                0x000000000800098c                DMA1_Channel1_IRQHandler
                0x000000000800098c                Default_Handler
                0x000000000800098c                TIM14_IRQHandler
                0x000000000800098c                TIM7_IRQHandler
                0x000000000800098c                TIM15_IRQHandler
                0x000000000800098c                EXTI0_1_IRQHandler
                0x000000000800098c                SPI2_IRQHandler
                0x000000000800098c                WWDG_IRQHandler
                0x000000000800098c                DMA1_Ch4_7_DMAMUX1_OVR_IRQHandler
                0x000000000800098c                DMA1_Channel2_3_IRQHandler
                0x000000000800098c                USART2_IRQHandler
                0x000000000800098c                FLASH_IRQHandler
                0x000000000800098c                USART1_IRQHandler
                0x000000000800098c                TIM1_CC_IRQHandler
 *fill*         0x000000000800098e        0x2 
 .text.HAL_Init
                0x0000000008000990       0x40 ./Drivers/STM32G0xx_HAL_Driver/Src/stm32g0xx_hal.o
                0x0000000008000990                HAL_Init
 .text.HAL_IncTick
                0x00000000080009d0       0x24 ./Drivers/STM32G0xx_HAL_Driver/Src/stm32g0xx_hal.o
                0x00000000080009d0                HAL_IncTick
 .text.HAL_GetTick
                0x00000000080009f4       0x14 ./Drivers/STM32G0xx_HAL_Driver/Src/stm32g0xx_hal.o
                0x00000000080009f4                HAL_GetTick
 .text.__NVIC_EnableIRQ
                0x0000000008000a08       0x34 ./Drivers/STM32G0xx_HAL_Driver/Src/stm32g0xx_hal_cortex.o
 .text.__NVIC_SetPriority
                0x0000000008000a3c       0xdc ./Drivers/STM32G0xx_HAL_Driver/Src/stm32g0xx_hal_cortex.o
 .text.HAL_NVIC_SetPriority
                0x0000000008000b18       0x2a ./Drivers/STM32G0xx_HAL_Driver/Src/stm32g0xx_hal_cortex.o
                0x0000000008000b18                HAL_NVIC_SetPriority
 .text.HAL_NVIC_EnableIRQ
                0x0000000008000b42       0x20 ./Drivers/STM32G0xx_HAL_Driver/Src/stm32g0xx_hal_cortex.o
                0x0000000008000b42                HAL_NVIC_EnableIRQ
 *fill*         0x0000000008000b62        0x2 
 .text.HAL_GPIO_Init
                0x0000000008000b64      0x2c8 ./Drivers/STM32G0xx_HAL_Driver/Src/stm32g0xx_hal_gpio.o
                0x0000000008000b64                HAL_GPIO_Init
 .text.HAL_PWREx_ControlVoltageScaling
                0x0000000008000e2c       0x80 ./Drivers/STM32G0xx_HAL_Driver/Src/stm32g0xx_hal_pwr_ex.o
                0x0000000008000e2c                HAL_PWREx_ControlVoltageScaling
 .text.LL_RCC_GetAPB1Prescaler
                0x0000000008000eac       0x18 ./Drivers/STM32G0xx_HAL_Driver/Src/stm32g0xx_hal_rcc.o
 .text.HAL_RCC_OscConfig
                0x0000000008000ec4      0x620 ./Drivers/STM32G0xx_HAL_Driver/Src/stm32g0xx_hal_rcc.o
                0x0000000008000ec4                HAL_RCC_OscConfig
 .text.HAL_RCC_ClockConfig
                0x00000000080014e4      0x210 ./Drivers/STM32G0xx_HAL_Driver/Src/stm32g0xx_hal_rcc.o
                0x00000000080014e4                HAL_RCC_ClockConfig
 .text.HAL_RCC_GetSysClockFreq
                0x00000000080016f4      0x104 ./Drivers/STM32G0xx_HAL_Driver/Src/stm32g0xx_hal_rcc.o
                0x00000000080016f4                HAL_RCC_GetSysClockFreq
 .text.HAL_RCC_GetHCLKFreq
                0x00000000080017f8       0x14 ./Drivers/STM32G0xx_HAL_Driver/Src/stm32g0xx_hal_rcc.o
                0x00000000080017f8                HAL_RCC_GetHCLKFreq
 .text.HAL_RCC_GetPCLK1Freq
                0x000000000800180c       0x2c ./Drivers/STM32G0xx_HAL_Driver/Src/stm32g0xx_hal_rcc.o
                0x000000000800180c                HAL_RCC_GetPCLK1Freq
 .text.HAL_RCC_GetClockConfig
                0x0000000008001838       0x54 ./Drivers/STM32G0xx_HAL_Driver/Src/stm32g0xx_hal_rcc.o
                0x0000000008001838                HAL_RCC_GetClockConfig
 .text.HAL_RCCEx_PeriphCLKConfig
                0x000000000800188c      0x268 ./Drivers/STM32G0xx_HAL_Driver/Src/stm32g0xx_hal_rcc_ex.o
                0x000000000800188c                HAL_RCCEx_PeriphCLKConfig
 .text.HAL_TIM_Base_Init
                0x0000000008001af4       0xb0 ./Drivers/STM32G0xx_HAL_Driver/Src/stm32g0xx_hal_tim.o
                0x0000000008001af4                HAL_TIM_Base_Init
 .text.HAL_TIM_Base_MspInit
                0x0000000008001ba4       0x10 ./Drivers/STM32G0xx_HAL_Driver/Src/stm32g0xx_hal_tim.o
                0x0000000008001ba4                HAL_TIM_Base_MspInit
 .text.HAL_TIM_Base_Start_IT
                0x0000000008001bb4       0xac ./Drivers/STM32G0xx_HAL_Driver/Src/stm32g0xx_hal_tim.o
                0x0000000008001bb4                HAL_TIM_Base_Start_IT
 .text.HAL_TIM_IRQHandler
                0x0000000008001c60      0x264 ./Drivers/STM32G0xx_HAL_Driver/Src/stm32g0xx_hal_tim.o
                0x0000000008001c60                HAL_TIM_IRQHandler
 .text.HAL_TIM_OC_DelayElapsedCallback
                0x0000000008001ec4       0x10 ./Drivers/STM32G0xx_HAL_Driver/Src/stm32g0xx_hal_tim.o
                0x0000000008001ec4                HAL_TIM_OC_DelayElapsedCallback
 .text.HAL_TIM_IC_CaptureCallback
                0x0000000008001ed4       0x10 ./Drivers/STM32G0xx_HAL_Driver/Src/stm32g0xx_hal_tim.o
                0x0000000008001ed4                HAL_TIM_IC_CaptureCallback
 .text.HAL_TIM_PWM_PulseFinishedCallback
                0x0000000008001ee4       0x10 ./Drivers/STM32G0xx_HAL_Driver/Src/stm32g0xx_hal_tim.o
                0x0000000008001ee4                HAL_TIM_PWM_PulseFinishedCallback
 .text.HAL_TIM_TriggerCallback
                0x0000000008001ef4       0x10 ./Drivers/STM32G0xx_HAL_Driver/Src/stm32g0xx_hal_tim.o
                0x0000000008001ef4                HAL_TIM_TriggerCallback
 .text.TIM_Base_SetConfig
                0x0000000008001f04       0xec ./Drivers/STM32G0xx_HAL_Driver/Src/stm32g0xx_hal_tim.o
                0x0000000008001f04                TIM_Base_SetConfig
 .text.HAL_TIMEx_CommutCallback
                0x0000000008001ff0       0x10 ./Drivers/STM32G0xx_HAL_Driver/Src/stm32g0xx_hal_tim_ex.o
                0x0000000008001ff0                HAL_TIMEx_CommutCallback
 .text.HAL_TIMEx_BreakCallback
                0x0000000008002000       0x10 ./Drivers/STM32G0xx_HAL_Driver/Src/stm32g0xx_hal_tim_ex.o
                0x0000000008002000                HAL_TIMEx_BreakCallback
 .text.HAL_TIMEx_Break2Callback
                0x0000000008002010       0x10 ./Drivers/STM32G0xx_HAL_Driver/Src/stm32g0xx_hal_tim_ex.o
                0x0000000008002010                HAL_TIMEx_Break2Callback
 .text.HAL_UART_Init
                0x0000000008002020       0xac ./Drivers/STM32G0xx_HAL_Driver/Src/stm32g0xx_hal_uart.o
                0x0000000008002020                HAL_UART_Init
 .text.HAL_UART_Transmit
                0x00000000080020cc      0x138 ./Drivers/STM32G0xx_HAL_Driver/Src/stm32g0xx_hal_uart.o
                0x00000000080020cc                HAL_UART_Transmit
 .text.UART_SetConfig
                0x0000000008002204      0x348 ./Drivers/STM32G0xx_HAL_Driver/Src/stm32g0xx_hal_uart.o
                0x0000000008002204                UART_SetConfig
 .text.UART_AdvFeatureConfig
                0x000000000800254c      0x168 ./Drivers/STM32G0xx_HAL_Driver/Src/stm32g0xx_hal_uart.o
                0x000000000800254c                UART_AdvFeatureConfig
 .text.UART_CheckIdleState
                0x00000000080026b4       0x9c ./Drivers/STM32G0xx_HAL_Driver/Src/stm32g0xx_hal_uart.o
                0x00000000080026b4                UART_CheckIdleState
 .text.UART_WaitOnFlagUntilTimeout
                0x0000000008002750      0x190 ./Drivers/STM32G0xx_HAL_Driver/Src/stm32g0xx_hal_uart.o
                0x0000000008002750                UART_WaitOnFlagUntilTimeout
 .text.HAL_UARTEx_DisableFifoMode
                0x00000000080028e0       0x74 ./Drivers/STM32G0xx_HAL_Driver/Src/stm32g0xx_hal_uart_ex.o
                0x00000000080028e0                HAL_UARTEx_DisableFifoMode
 .text.HAL_UARTEx_SetTxFifoThreshold
                0x0000000008002954       0x7e ./Drivers/STM32G0xx_HAL_Driver/Src/stm32g0xx_hal_uart_ex.o
                0x0000000008002954                HAL_UARTEx_SetTxFifoThreshold
 *fill*         0x00000000080029d2        0x2 
 .text.HAL_UARTEx_SetRxFifoThreshold
                0x00000000080029d4       0x84 ./Drivers/STM32G0xx_HAL_Driver/Src/stm32g0xx_hal_uart_ex.o
                0x00000000080029d4                HAL_UARTEx_SetRxFifoThreshold
 .text.UARTEx_SetNbDataToProcess
                0x0000000008002a58       0xbc ./Drivers/STM32G0xx_HAL_Driver/Src/stm32g0xx_hal_uart_ex.o
 .text.vListInitialise
                0x0000000008002b14       0x3c ./middleware/FreeRTOS/list.o
                0x0000000008002b14                vListInitialise
 .text.vListInitialiseItem
                0x0000000008002b50       0x16 ./middleware/FreeRTOS/list.o
                0x0000000008002b50                vListInitialiseItem
 .text.vListInsert
                0x0000000008002b66       0x6c ./middleware/FreeRTOS/list.o
                0x0000000008002b66                vListInsert
 .text.uxListRemove
                0x0000000008002bd2       0x50 ./middleware/FreeRTOS/list.o
                0x0000000008002bd2                uxListRemove
 .text.xQueueGenericReset
                0x0000000008002c22      0x112 ./middleware/FreeRTOS/queue.o
                0x0000000008002c22                xQueueGenericReset
 .text.xQueueGenericCreate
                0x0000000008002d34       0xbc ./middleware/FreeRTOS/queue.o
                0x0000000008002d34                xQueueGenericCreate
 .text.prvInitialiseNewQueue
                0x0000000008002df0       0x4e ./middleware/FreeRTOS/queue.o
 .text.xQueueGenericSend
                0x0000000008002e3e      0x188 ./middleware/FreeRTOS/queue.o
                0x0000000008002e3e                xQueueGenericSend
 .text.xQueueReceive
                0x0000000008002fc6      0x16a ./middleware/FreeRTOS/queue.o
                0x0000000008002fc6                xQueueReceive
 .text.xQueuePeek
                0x0000000008003130      0x16e ./middleware/FreeRTOS/queue.o
                0x0000000008003130                xQueuePeek
 .text.prvCopyDataToQueue
                0x000000000800329e       0xd6 ./middleware/FreeRTOS/queue.o
 .text.prvCopyDataFromQueue
                0x0000000008003374       0x4c ./middleware/FreeRTOS/queue.o
 .text.prvUnlockQueue
                0x00000000080033c0       0xbc ./middleware/FreeRTOS/queue.o
 .text.prvIsQueueEmpty
                0x000000000800347c       0x2c ./middleware/FreeRTOS/queue.o
 .text.prvIsQueueFull
                0x00000000080034a8       0x30 ./middleware/FreeRTOS/queue.o
 .text.vQueueAddToRegistry
                0x00000000080034d8       0x88 ./middleware/FreeRTOS/queue.o
                0x00000000080034d8                vQueueAddToRegistry
 .text.vQueueWaitForMessageRestricted
                0x0000000008003560       0x66 ./middleware/FreeRTOS/queue.o
                0x0000000008003560                vQueueWaitForMessageRestricted
 .text.xTaskCreate
                0x00000000080035c6       0x9c ./middleware/FreeRTOS/tasks.o
                0x00000000080035c6                xTaskCreate
 *fill*         0x0000000008003662        0x2 
 .text.prvInitialiseNewTask
                0x0000000008003664      0x100 ./middleware/FreeRTOS/tasks.o
 .text.prvAddNewTaskToReadyList
                0x0000000008003764      0x11c ./middleware/FreeRTOS/tasks.o
 .text.vTaskDelay
                0x0000000008003880       0x4c ./middleware/FreeRTOS/tasks.o
                0x0000000008003880                vTaskDelay
 .text.vTaskStartScheduler
                0x00000000080038cc       0x80 ./middleware/FreeRTOS/tasks.o
                0x00000000080038cc                vTaskStartScheduler
 .text.vTaskSuspendAll
                0x000000000800394c       0x18 ./middleware/FreeRTOS/tasks.o
                0x000000000800394c                vTaskSuspendAll
 .text.xTaskResumeAll
                0x0000000008003964      0x1d0 ./middleware/FreeRTOS/tasks.o
                0x0000000008003964                xTaskResumeAll
 .text.xTaskGetTickCount
                0x0000000008003b34       0x1c ./middleware/FreeRTOS/tasks.o
                0x0000000008003b34                xTaskGetTickCount
 .text.xTaskIncrementTick
                0x0000000008003b50      0x218 ./middleware/FreeRTOS/tasks.o
                0x0000000008003b50                xTaskIncrementTick
 .text.vTaskSwitchContext
                0x0000000008003d68       0xa4 ./middleware/FreeRTOS/tasks.o
                0x0000000008003d68                vTaskSwitchContext
 .text.vTaskPlaceOnEventList
                0x0000000008003e0c       0x3c ./middleware/FreeRTOS/tasks.o
                0x0000000008003e0c                vTaskPlaceOnEventList
 .text.vTaskPlaceOnEventListRestricted
                0x0000000008003e48       0x7c ./middleware/FreeRTOS/tasks.o
                0x0000000008003e48                vTaskPlaceOnEventListRestricted
 .text.xTaskRemoveFromEventList
                0x0000000008003ec4      0x194 ./middleware/FreeRTOS/tasks.o
                0x0000000008003ec4                xTaskRemoveFromEventList
 .text.vTaskInternalSetTimeOutState
                0x0000000008004058       0x28 ./middleware/FreeRTOS/tasks.o
                0x0000000008004058                vTaskInternalSetTimeOutState
 .text.xTaskCheckForTimeOut
                0x0000000008004080       0xa8 ./middleware/FreeRTOS/tasks.o
                0x0000000008004080                xTaskCheckForTimeOut
 .text.vTaskMissedYield
                0x0000000008004128       0x14 ./middleware/FreeRTOS/tasks.o
                0x0000000008004128                vTaskMissedYield
 .text.prvIdleTask
                0x000000000800413c       0x20 ./middleware/FreeRTOS/tasks.o
 .text.prvInitialiseTaskLists
                0x000000000800415c       0x88 ./middleware/FreeRTOS/tasks.o
 .text.prvCheckTasksWaitingTermination
                0x00000000080041e4       0x5c ./middleware/FreeRTOS/tasks.o
 .text.prvDeleteTCB
                0x0000000008004240       0x22 ./middleware/FreeRTOS/tasks.o
 *fill*         0x0000000008004262        0x2 
 .text.prvResetNextTaskUnblockTime
                0x0000000008004264       0x34 ./middleware/FreeRTOS/tasks.o
 .text.xTaskGetSchedulerState
                0x0000000008004298       0x38 ./middleware/FreeRTOS/tasks.o
                0x0000000008004298                xTaskGetSchedulerState
 .text.xTaskPriorityDisinherit
                0x00000000080042d0      0x104 ./middleware/FreeRTOS/tasks.o
                0x00000000080042d0                xTaskPriorityDisinherit
 .text.prvAddCurrentTaskToDelayedList
                0x00000000080043d4       0xdc ./middleware/FreeRTOS/tasks.o
 .text.xTimerCreateTimerTask
                0x00000000080044b0       0x54 ./middleware/FreeRTOS/timers.o
                0x00000000080044b0                xTimerCreateTimerTask
 .text.prvReloadTimer
                0x0000000008004504       0x42 ./middleware/FreeRTOS/timers.o
 *fill*         0x0000000008004546        0x2 
 .text.prvProcessExpiredTimer
                0x0000000008004548       0x64 ./middleware/FreeRTOS/timers.o
 .text.prvTimerTask
                0x00000000080045ac       0x28 ./middleware/FreeRTOS/timers.o
 .text.prvProcessTimerOrBlockTask
                0x00000000080045d4       0x90 ./middleware/FreeRTOS/timers.o
 .text.prvGetNextExpireTime
                0x0000000008004664       0x44 ./middleware/FreeRTOS/timers.o
 .text.prvSampleTimeNow
                0x00000000080046a8       0x40 ./middleware/FreeRTOS/timers.o
 .text.prvInsertTimerInActiveList
                0x00000000080046e8       0x84 ./middleware/FreeRTOS/timers.o
 .text.prvProcessReceivedCommands
                0x000000000800476c      0x15c ./middleware/FreeRTOS/timers.o
 .text.prvSwitchTimerLists
                0x00000000080048c8       0x50 ./middleware/FreeRTOS/timers.o
 .text.prvCheckForValidListAndQueue
                0x0000000008004918       0x74 ./middleware/FreeRTOS/timers.o
 .text.pxPortInitialiseStack
                0x000000000800498c       0x54 ./middleware/FreeRTOS/portable/GCC/ARM_CM0/port.o
                0x000000000800498c                pxPortInitialiseStack
 .text.prvTaskExitError
                0x00000000080049e0       0x30 ./middleware/FreeRTOS/portable/GCC/ARM_CM0/port.o
 .text.SVC_Handler
                0x0000000008004a10        0xa ./middleware/FreeRTOS/portable/GCC/ARM_CM0/port.o
                0x0000000008004a10                SVC_Handler
 *fill*         0x0000000008004a1a        0x6 
 .text.vPortStartFirstTask
                0x0000000008004a20       0x38 ./middleware/FreeRTOS/portable/GCC/ARM_CM0/port.o
 .text.xPortStartScheduler
                0x0000000008004a58       0x48 ./middleware/FreeRTOS/portable/GCC/ARM_CM0/port.o
                0x0000000008004a58                xPortStartScheduler
 .text.vPortYield
                0x0000000008004aa0       0x20 ./middleware/FreeRTOS/portable/GCC/ARM_CM0/port.o
                0x0000000008004aa0                vPortYield
 .text.vPortEnterCritical
                0x0000000008004ac0       0x24 ./middleware/FreeRTOS/portable/GCC/ARM_CM0/port.o
                0x0000000008004ac0                vPortEnterCritical
 .text.vPortExitCritical
                0x0000000008004ae4       0x30 ./middleware/FreeRTOS/portable/GCC/ARM_CM0/port.o
                0x0000000008004ae4                vPortExitCritical
 .text.ulSetInterruptMaskFromISR
                0x0000000008004b14        0xc ./middleware/FreeRTOS/portable/GCC/ARM_CM0/port.o
                0x0000000008004b14                ulSetInterruptMaskFromISR
 .text.vClearInterruptMaskFromISR
                0x0000000008004b20        0x8 ./middleware/FreeRTOS/portable/GCC/ARM_CM0/port.o
                0x0000000008004b20                vClearInterruptMaskFromISR
 *fill*         0x0000000008004b28        0x8 
 .text.PendSV_Handler
                0x0000000008004b30       0x48 ./middleware/FreeRTOS/portable/GCC/ARM_CM0/port.o
                0x0000000008004b30                PendSV_Handler
 .text.SysTick_Handler
                0x0000000008004b78       0x34 ./middleware/FreeRTOS/portable/GCC/ARM_CM0/port.o
                0x0000000008004b78                SysTick_Handler
 .text.vPortSetupTimerInterrupt
                0x0000000008004bac       0x44 ./middleware/FreeRTOS/portable/GCC/ARM_CM0/port.o
                0x0000000008004bac                vPortSetupTimerInterrupt
 .text.pvPortMalloc
                0x0000000008004bf0      0x150 ./middleware/FreeRTOS/portable/MemMang/heap_4.o
                0x0000000008004bf0                pvPortMalloc
 .text.vPortFree
                0x0000000008004d40       0x98 ./middleware/FreeRTOS/portable/MemMang/heap_4.o
                0x0000000008004d40                vPortFree
 .text.prvHeapInit
                0x0000000008004dd8       0xb4 ./middleware/FreeRTOS/portable/MemMang/heap_4.o
 .text.prvInsertBlockIntoFreeList
                0x0000000008004e8c       0xb0 ./middleware/FreeRTOS/portable/MemMang/heap_4.o
 .text.__libc_init_array
                0x0000000008004f3c       0x48 /Applications/STM32CubeIDE.app/Contents/Eclipse/plugins/com.st.stm32cube.ide.mcu.externaltools.gnu-tools-for-stm32.10.3-2021.10.macos64_1.0.200.202301161003/tools/bin/../lib/gcc/arm-none-eabi/10.3.1/../../../../arm-none-eabi/lib/thumb/v6-m/nofp/libc_nano.a(lib_a-init.o)
                0x0000000008004f3c                __libc_init_array
 .text.memcpy   0x0000000008004f84       0x12 /Applications/STM32CubeIDE.app/Contents/Eclipse/plugins/com.st.stm32cube.ide.mcu.externaltools.gnu-tools-for-stm32.10.3-2021.10.macos64_1.0.200.202301161003/tools/bin/../lib/gcc/arm-none-eabi/10.3.1/../../../../arm-none-eabi/lib/thumb/v6-m/nofp/libc_nano.a(lib_a-memcpy-stub.o)
                0x0000000008004f84                memcpy
 .text.memset   0x0000000008004f96       0x10 /Applications/STM32CubeIDE.app/Contents/Eclipse/plugins/com.st.stm32cube.ide.mcu.externaltools.gnu-tools-for-stm32.10.3-2021.10.macos64_1.0.200.202301161003/tools/bin/../lib/gcc/arm-none-eabi/10.3.1/../../../../arm-none-eabi/lib/thumb/v6-m/nofp/libc_nano.a(lib_a-memset.o)
                0x0000000008004f96                memset
 *fill*         0x0000000008004fa6        0x2 
 .text.sprintf  0x0000000008004fa8       0x40 /Applications/STM32CubeIDE.app/Contents/Eclipse/plugins/com.st.stm32cube.ide.mcu.externaltools.gnu-tools-for-stm32.10.3-2021.10.macos64_1.0.200.202301161003/tools/bin/../lib/gcc/arm-none-eabi/10.3.1/../../../../arm-none-eabi/lib/thumb/v6-m/nofp/libc_nano.a(lib_a-sprintf.o)
                0x0000000008004fa8                sprintf
                0x0000000008004fa8                siprintf
 .text.__ssputs_r
                0x0000000008004fe8       0xc4 /Applications/STM32CubeIDE.app/Contents/Eclipse/plugins/com.st.stm32cube.ide.mcu.externaltools.gnu-tools-for-stm32.10.3-2021.10.macos64_1.0.200.202301161003/tools/bin/../lib/gcc/arm-none-eabi/10.3.1/../../../../arm-none-eabi/lib/thumb/v6-m/nofp/libc_nano.a(lib_a-nano-svfprintf.o)
                0x0000000008004fe8                __ssputs_r
 .text._svfprintf_r
                0x00000000080050ac      0x200 /Applications/STM32CubeIDE.app/Contents/Eclipse/plugins/com.st.stm32cube.ide.mcu.externaltools.gnu-tools-for-stm32.10.3-2021.10.macos64_1.0.200.202301161003/tools/bin/../lib/gcc/arm-none-eabi/10.3.1/../../../../arm-none-eabi/lib/thumb/v6-m/nofp/libc_nano.a(lib_a-nano-svfprintf.o)
                0x00000000080050ac                _svfprintf_r
                0x00000000080050ac                _svfiprintf_r
 .text._printf_common
                0x00000000080052ac       0xde /Applications/STM32CubeIDE.app/Contents/Eclipse/plugins/com.st.stm32cube.ide.mcu.externaltools.gnu-tools-for-stm32.10.3-2021.10.macos64_1.0.200.202301161003/tools/bin/../lib/gcc/arm-none-eabi/10.3.1/../../../../arm-none-eabi/lib/thumb/v6-m/nofp/libc_nano.a(lib_a-nano-vfprintf_i.o)
                0x00000000080052ac                _printf_common
 *fill*         0x000000000800538a        0x2 
 .text._printf_i
                0x000000000800538c      0x224 /Applications/STM32CubeIDE.app/Contents/Eclipse/plugins/com.st.stm32cube.ide.mcu.externaltools.gnu-tools-for-stm32.10.3-2021.10.macos64_1.0.200.202301161003/tools/bin/../lib/gcc/arm-none-eabi/10.3.1/../../../../arm-none-eabi/lib/thumb/v6-m/nofp/libc_nano.a(lib_a-nano-vfprintf_i.o)
                0x000000000800538c                _printf_i
 .text.memchr   0x00000000080055b0       0x16 /Applications/STM32CubeIDE.app/Contents/Eclipse/plugins/com.st.stm32cube.ide.mcu.externaltools.gnu-tools-for-stm32.10.3-2021.10.macos64_1.0.200.202301161003/tools/bin/../lib/gcc/arm-none-eabi/10.3.1/../../../../arm-none-eabi/lib/thumb/v6-m/nofp/libc_nano.a(lib_a-memchr-stub.o)
                0x00000000080055b0                memchr
 .text.memmove  0x00000000080055c6       0x26 /Applications/STM32CubeIDE.app/Contents/Eclipse/plugins/com.st.stm32cube.ide.mcu.externaltools.gnu-tools-for-stm32.10.3-2021.10.macos64_1.0.200.202301161003/tools/bin/../lib/gcc/arm-none-eabi/10.3.1/../../../../arm-none-eabi/lib/thumb/v6-m/nofp/libc_nano.a(lib_a-memmove.o)
                0x00000000080055c6                memmove
 .text._free_r  0x00000000080055ec       0x94 /Applications/STM32CubeIDE.app/Contents/Eclipse/plugins/com.st.stm32cube.ide.mcu.externaltools.gnu-tools-for-stm32.10.3-2021.10.macos64_1.0.200.202301161003/tools/bin/../lib/gcc/arm-none-eabi/10.3.1/../../../../arm-none-eabi/lib/thumb/v6-m/nofp/libc_nano.a(lib_a-nano-freer.o)
                0x00000000080055ec                _free_r
 .text.sbrk_aligned
                0x0000000008005680       0x44 /Applications/STM32CubeIDE.app/Contents/Eclipse/plugins/com.st.stm32cube.ide.mcu.externaltools.gnu-tools-for-stm32.10.3-2021.10.macos64_1.0.200.202301161003/tools/bin/../lib/gcc/arm-none-eabi/10.3.1/../../../../arm-none-eabi/lib/thumb/v6-m/nofp/libc_nano.a(lib_a-nano-mallocr.o)
 .text._malloc_r
                0x00000000080056c4       0xec /Applications/STM32CubeIDE.app/Contents/Eclipse/plugins/com.st.stm32cube.ide.mcu.externaltools.gnu-tools-for-stm32.10.3-2021.10.macos64_1.0.200.202301161003/tools/bin/../lib/gcc/arm-none-eabi/10.3.1/../../../../arm-none-eabi/lib/thumb/v6-m/nofp/libc_nano.a(lib_a-nano-mallocr.o)
                0x00000000080056c4                _malloc_r
 .text._realloc_r
                0x00000000080057b0       0x5e /Applications/STM32CubeIDE.app/Contents/Eclipse/plugins/com.st.stm32cube.ide.mcu.externaltools.gnu-tools-for-stm32.10.3-2021.10.macos64_1.0.200.202301161003/tools/bin/../lib/gcc/arm-none-eabi/10.3.1/../../../../arm-none-eabi/lib/thumb/v6-m/nofp/libc_nano.a(lib_a-nano-reallocr.o)
                0x00000000080057b0                _realloc_r
 *fill*         0x000000000800580e        0x2 
 .text._sbrk_r  0x0000000008005810       0x24 /Applications/STM32CubeIDE.app/Contents/Eclipse/plugins/com.st.stm32cube.ide.mcu.externaltools.gnu-tools-for-stm32.10.3-2021.10.macos64_1.0.200.202301161003/tools/bin/../lib/gcc/arm-none-eabi/10.3.1/../../../../arm-none-eabi/lib/thumb/v6-m/nofp/libc_nano.a(lib_a-sbrkr.o)
                0x0000000008005810                _sbrk_r
 .text.__malloc_lock
                0x0000000008005834       0x10 /Applications/STM32CubeIDE.app/Contents/Eclipse/plugins/com.st.stm32cube.ide.mcu.externaltools.gnu-tools-for-stm32.10.3-2021.10.macos64_1.0.200.202301161003/tools/bin/../lib/gcc/arm-none-eabi/10.3.1/../../../../arm-none-eabi/lib/thumb/v6-m/nofp/libc_nano.a(lib_a-mlock.o)
                0x0000000008005834                __malloc_lock
 .text.__malloc_unlock
                0x0000000008005844       0x10 /Applications/STM32CubeIDE.app/Contents/Eclipse/plugins/com.st.stm32cube.ide.mcu.externaltools.gnu-tools-for-stm32.10.3-2021.10.macos64_1.0.200.202301161003/tools/bin/../lib/gcc/arm-none-eabi/10.3.1/../../../../arm-none-eabi/lib/thumb/v6-m/nofp/libc_nano.a(lib_a-mlock.o)
                0x0000000008005844                __malloc_unlock
 .text._malloc_usable_size_r
                0x0000000008005854       0x10 /Applications/STM32CubeIDE.app/Contents/Eclipse/plugins/com.st.stm32cube.ide.mcu.externaltools.gnu-tools-for-stm32.10.3-2021.10.macos64_1.0.200.202301161003/tools/bin/../lib/gcc/arm-none-eabi/10.3.1/../../../../arm-none-eabi/lib/thumb/v6-m/nofp/libc_nano.a(lib_a-nano-msizer.o)
                0x0000000008005854                _malloc_usable_size_r
 .text.__retarget_lock_acquire_recursive
                0x0000000008005864        0x2 /Applications/STM32CubeIDE.app/Contents/Eclipse/plugins/com.st.stm32cube.ide.mcu.externaltools.gnu-tools-for-stm32.10.3-2021.10.macos64_1.0.200.202301161003/tools/bin/../lib/gcc/arm-none-eabi/10.3.1/../../../../arm-none-eabi/lib/thumb/v6-m/nofp/libc_nano.a(lib_a-lock.o)
                0x0000000008005864                __retarget_lock_acquire_recursive
 .text.__retarget_lock_release_recursive
                0x0000000008005866        0x2 /Applications/STM32CubeIDE.app/Contents/Eclipse/plugins/com.st.stm32cube.ide.mcu.externaltools.gnu-tools-for-stm32.10.3-2021.10.macos64_1.0.200.202301161003/tools/bin/../lib/gcc/arm-none-eabi/10.3.1/../../../../arm-none-eabi/lib/thumb/v6-m/nofp/libc_nano.a(lib_a-lock.o)
                0x0000000008005866                __retarget_lock_release_recursive
 .text._sbrk    0x0000000008005868       0x20 /Applications/STM32CubeIDE.app/Contents/Eclipse/plugins/com.st.stm32cube.ide.mcu.externaltools.gnu-tools-for-stm32.10.3-2021.10.macos64_1.0.200.202301161003/tools/bin/../lib/gcc/arm-none-eabi/10.3.1/../../../../arm-none-eabi/lib/thumb/v6-m/nofp/libnosys.a(sbrk.o)
                0x0000000008005868                _sbrk
 *(.glue_7)
 .glue_7        0x0000000008005888        0x0 linker stubs
 *(.glue_7t)
 .glue_7t       0x0000000008005888        0x0 linker stubs
 *(.eh_frame)
 .eh_frame      0x0000000008005888        0x0 /Applications/STM32CubeIDE.app/Contents/Eclipse/plugins/com.st.stm32cube.ide.mcu.externaltools.gnu-tools-for-stm32.10.3-2021.10.macos64_1.0.200.202301161003/tools/bin/../lib/gcc/arm-none-eabi/10.3.1/thumb/v6-m/nofp/crtbegin.o
 *(.init)
 .init          0x0000000008005888        0x4 /Applications/STM32CubeIDE.app/Contents/Eclipse/plugins/com.st.stm32cube.ide.mcu.externaltools.gnu-tools-for-stm32.10.3-2021.10.macos64_1.0.200.202301161003/tools/bin/../lib/gcc/arm-none-eabi/10.3.1/thumb/v6-m/nofp/crti.o
                0x0000000008005888                _init
 .init          0x000000000800588c        0x8 /Applications/STM32CubeIDE.app/Contents/Eclipse/plugins/com.st.stm32cube.ide.mcu.externaltools.gnu-tools-for-stm32.10.3-2021.10.macos64_1.0.200.202301161003/tools/bin/../lib/gcc/arm-none-eabi/10.3.1/thumb/v6-m/nofp/crtn.o
 *(.fini)
 .fini          0x0000000008005894        0x4 /Applications/STM32CubeIDE.app/Contents/Eclipse/plugins/com.st.stm32cube.ide.mcu.externaltools.gnu-tools-for-stm32.10.3-2021.10.macos64_1.0.200.202301161003/tools/bin/../lib/gcc/arm-none-eabi/10.3.1/thumb/v6-m/nofp/crti.o
                0x0000000008005894                _fini
 .fini          0x0000000008005898        0x8 /Applications/STM32CubeIDE.app/Contents/Eclipse/plugins/com.st.stm32cube.ide.mcu.externaltools.gnu-tools-for-stm32.10.3-2021.10.macos64_1.0.200.202301161003/tools/bin/../lib/gcc/arm-none-eabi/10.3.1/thumb/v6-m/nofp/crtn.o
                0x00000000080058a0                . = ALIGN (0x4)
                0x00000000080058a0                _etext = .

.vfp11_veneer   0x00000000080058a0        0x0
 .vfp11_veneer  0x00000000080058a0        0x0 linker stubs

.v4_bx          0x00000000080058a0        0x0
 .v4_bx         0x00000000080058a0        0x0 linker stubs

.iplt           0x00000000080058a0        0x0
 .iplt          0x00000000080058a0        0x0 /Applications/STM32CubeIDE.app/Contents/Eclipse/plugins/com.st.stm32cube.ide.mcu.externaltools.gnu-tools-for-stm32.10.3-2021.10.macos64_1.0.200.202301161003/tools/bin/../lib/gcc/arm-none-eabi/10.3.1/thumb/v6-m/nofp/crtbegin.o

.rodata         0x00000000080058a0      0x1a8
                0x00000000080058a0                . = ALIGN (0x4)
 *(.rodata)
 .rodata        0x00000000080058a0       0xac ./Core/Src/main.o
 .rodata        0x000000000800594c        0x5 ./middleware/FreeRTOS/tasks.o
 *fill*         0x0000000008005951        0x3 
 .rodata        0x0000000008005954        0xd ./middleware/FreeRTOS/timers.o
 *(.rodata*)
 *fill*         0x0000000008005961        0x3 
 .rodata.AHBPrescTable
                0x0000000008005964       0x40 ./Core/Src/system_stm32g0xx.o
                0x0000000008005964                AHBPrescTable
 .rodata.APBPrescTable
                0x00000000080059a4       0x20 ./Core/Src/system_stm32g0xx.o
                0x00000000080059a4                APBPrescTable
 .rodata.UARTPrescTable
                0x00000000080059c4       0x18 ./Drivers/STM32G0xx_HAL_Driver/Src/stm32g0xx_hal_uart.o
                0x00000000080059c4                UARTPrescTable
 .rodata.numerator.1
                0x00000000080059dc        0x8 ./Drivers/STM32G0xx_HAL_Driver/Src/stm32g0xx_hal_uart_ex.o
 .rodata.denominator.0
                0x00000000080059e4        0x8 ./Drivers/STM32G0xx_HAL_Driver/Src/stm32g0xx_hal_uart_ex.o
 .rodata.prvProcessReceivedCommands
                0x00000000080059ec       0x28 ./middleware/FreeRTOS/timers.o
 .rodata._svfprintf_r.str1.1
                0x0000000008005a14       0x11 /Applications/STM32CubeIDE.app/Contents/Eclipse/plugins/com.st.stm32cube.ide.mcu.externaltools.gnu-tools-for-stm32.10.3-2021.10.macos64_1.0.200.202301161003/tools/bin/../lib/gcc/arm-none-eabi/10.3.1/../../../../arm-none-eabi/lib/thumb/v6-m/nofp/libc_nano.a(lib_a-nano-svfprintf.o)
 .rodata._printf_i.str1.1
                0x0000000008005a25       0x22 /Applications/STM32CubeIDE.app/Contents/Eclipse/plugins/com.st.stm32cube.ide.mcu.externaltools.gnu-tools-for-stm32.10.3-2021.10.macos64_1.0.200.202301161003/tools/bin/../lib/gcc/arm-none-eabi/10.3.1/../../../../arm-none-eabi/lib/thumb/v6-m/nofp/libc_nano.a(lib_a-nano-vfprintf_i.o)
                0x0000000008005a48                . = ALIGN (0x4)
 *fill*         0x0000000008005a47        0x1 

.rel.dyn        0x0000000008005a48        0x0
 .rel.iplt      0x0000000008005a48        0x0 /Applications/STM32CubeIDE.app/Contents/Eclipse/plugins/com.st.stm32cube.ide.mcu.externaltools.gnu-tools-for-stm32.10.3-2021.10.macos64_1.0.200.202301161003/tools/bin/../lib/gcc/arm-none-eabi/10.3.1/thumb/v6-m/nofp/crtbegin.o

.ARM.extab      0x0000000008005a48        0x0
                0x0000000008005a48                . = ALIGN (0x4)
 *(.ARM.extab* .gnu.linkonce.armextab.*)
                0x0000000008005a48                . = ALIGN (0x4)

.ARM            0x0000000008005a48        0x0
                0x0000000008005a48                . = ALIGN (0x4)
                0x0000000008005a48                __exidx_start = .
 *(.ARM.exidx*)
                0x0000000008005a48                __exidx_end = .
                0x0000000008005a48                . = ALIGN (0x4)

.preinit_array  0x0000000008005a48        0x0
                0x0000000008005a48                . = ALIGN (0x4)
                0x0000000008005a48                PROVIDE (__preinit_array_start = .)
 *(.preinit_array*)
                0x0000000008005a48                PROVIDE (__preinit_array_end = .)
                0x0000000008005a48                . = ALIGN (0x4)

.init_array     0x0000000008005a48        0x4
                0x0000000008005a48                . = ALIGN (0x4)
                0x0000000008005a48                PROVIDE (__init_array_start = .)
 *(SORT_BY_NAME(.init_array.*))
 *(.init_array*)
 .init_array    0x0000000008005a48        0x4 /Applications/STM32CubeIDE.app/Contents/Eclipse/plugins/com.st.stm32cube.ide.mcu.externaltools.gnu-tools-for-stm32.10.3-2021.10.macos64_1.0.200.202301161003/tools/bin/../lib/gcc/arm-none-eabi/10.3.1/thumb/v6-m/nofp/crtbegin.o
                0x0000000008005a4c                PROVIDE (__init_array_end = .)
                0x0000000008005a4c                . = ALIGN (0x4)

.fini_array     0x0000000008005a4c        0x4
                0x0000000008005a4c                . = ALIGN (0x4)
                [!provide]                        PROVIDE (__fini_array_start = .)
 *(SORT_BY_NAME(.fini_array.*))
 *(.fini_array*)
 .fini_array    0x0000000008005a4c        0x4 /Applications/STM32CubeIDE.app/Contents/Eclipse/plugins/com.st.stm32cube.ide.mcu.externaltools.gnu-tools-for-stm32.10.3-2021.10.macos64_1.0.200.202301161003/tools/bin/../lib/gcc/arm-none-eabi/10.3.1/thumb/v6-m/nofp/crtbegin.o
                [!provide]                        PROVIDE (__fini_array_end = .)
                0x0000000008005a50                . = ALIGN (0x4)
                0x0000000008005a50                _sidata = LOADADDR (.data)

.data           0x0000000020000000       0x78 load address 0x0000000008005a50
                0x0000000020000000                . = ALIGN (0x4)
                0x0000000020000000                _sdata = .
 *(.data)
 *(.data*)
 .data.SystemCoreClock
                0x0000000020000000        0x4 ./Core/Src/system_stm32g0xx.o
                0x0000000020000000                SystemCoreClock
 .data.uwTickPrio
                0x0000000020000004        0x4 ./Drivers/STM32G0xx_HAL_Driver/Src/stm32g0xx_hal.o
                0x0000000020000004                uwTickPrio
 .data.uwTickFreq
                0x0000000020000008        0x1 ./Drivers/STM32G0xx_HAL_Driver/Src/stm32g0xx_hal.o
                0x0000000020000008                uwTickFreq
 *fill*         0x0000000020000009        0x3 
 .data.uxTopUsedPriority
                0x000000002000000c        0x4 ./middleware/FreeRTOS/tasks.o
                0x000000002000000c                uxTopUsedPriority
 .data.uxCriticalNesting
                0x0000000020000010        0x4 ./middleware/FreeRTOS/portable/GCC/ARM_CM0/port.o
 .data._impure_ptr
                0x0000000020000014        0x4 /Applications/STM32CubeIDE.app/Contents/Eclipse/plugins/com.st.stm32cube.ide.mcu.externaltools.gnu-tools-for-stm32.10.3-2021.10.macos64_1.0.200.202301161003/tools/bin/../lib/gcc/arm-none-eabi/10.3.1/../../../../arm-none-eabi/lib/thumb/v6-m/nofp/libc_nano.a(lib_a-impure.o)
                0x0000000020000014                _impure_ptr
 .data.impure_data
                0x0000000020000018       0x60 /Applications/STM32CubeIDE.app/Contents/Eclipse/plugins/com.st.stm32cube.ide.mcu.externaltools.gnu-tools-for-stm32.10.3-2021.10.macos64_1.0.200.202301161003/tools/bin/../lib/gcc/arm-none-eabi/10.3.1/../../../../arm-none-eabi/lib/thumb/v6-m/nofp/libc_nano.a(lib_a-impure.o)
 *(.RamFunc)
 *(.RamFunc*)
                0x0000000020000078                . = ALIGN (0x4)
                0x0000000020000078                _edata = .

.igot.plt       0x0000000020000078        0x0 load address 0x0000000008005ac8
 .igot.plt      0x0000000020000078        0x0 /Applications/STM32CubeIDE.app/Contents/Eclipse/plugins/com.st.stm32cube.ide.mcu.externaltools.gnu-tools-for-stm32.10.3-2021.10.macos64_1.0.200.202301161003/tools/bin/../lib/gcc/arm-none-eabi/10.3.1/thumb/v6-m/nofp/crtbegin.o
                0x0000000020000078                . = ALIGN (0x4)

.bss            0x0000000020000078     0x1c20 load address 0x0000000008005ac8
                0x0000000020000078                _sbss = .
                0x0000000020000078                __bss_start__ = _sbss
 *(.bss)
 .bss           0x0000000020000078       0x1c /Applications/STM32CubeIDE.app/Contents/Eclipse/plugins/com.st.stm32cube.ide.mcu.externaltools.gnu-tools-for-stm32.10.3-2021.10.macos64_1.0.200.202301161003/tools/bin/../lib/gcc/arm-none-eabi/10.3.1/thumb/v6-m/nofp/crtbegin.o
 *(.bss*)
 .bss.huart2    0x0000000020000094       0x94 ./Core/Src/main.o
                0x0000000020000094                huart2
 .bss.Mailbox   0x0000000020000128        0x4 ./Core/Src/main.o
                0x0000000020000128                Mailbox
 .bss.t1        0x000000002000012c        0x4 ./Core/Src/main.o
                0x000000002000012c                t1
 .bss.t2        0x0000000020000130        0x4 ./Core/Src/main.o
                0x0000000020000130                t2
 .bss.htim3     0x0000000020000134       0x4c ./Core/Src/stm32g0xx_hal_timebase_tim.o
                0x0000000020000134                htim3
 .bss.uwTick    0x0000000020000180        0x4 ./Drivers/STM32G0xx_HAL_Driver/Src/stm32g0xx_hal.o
                0x0000000020000180                uwTick
 .bss.xQueueRegistry
                0x0000000020000184       0x40 ./middleware/FreeRTOS/queue.o
                0x0000000020000184                xQueueRegistry
 .bss.pxCurrentTCB
                0x00000000200001c4        0x4 ./middleware/FreeRTOS/tasks.o
                0x00000000200001c4                pxCurrentTCB
 .bss.pxReadyTasksLists
                0x00000000200001c8       0x64 ./middleware/FreeRTOS/tasks.o
 .bss.xDelayedTaskList1
                0x000000002000022c       0x14 ./middleware/FreeRTOS/tasks.o
 .bss.xDelayedTaskList2
                0x0000000020000240       0x14 ./middleware/FreeRTOS/tasks.o
 .bss.pxDelayedTaskList
                0x0000000020000254        0x4 ./middleware/FreeRTOS/tasks.o
 .bss.pxOverflowDelayedTaskList
                0x0000000020000258        0x4 ./middleware/FreeRTOS/tasks.o
 .bss.xPendingReadyList
                0x000000002000025c       0x14 ./middleware/FreeRTOS/tasks.o
 .bss.xTasksWaitingTermination
                0x0000000020000270       0x14 ./middleware/FreeRTOS/tasks.o
 .bss.uxDeletedTasksWaitingCleanUp
                0x0000000020000284        0x4 ./middleware/FreeRTOS/tasks.o
 .bss.xSuspendedTaskList
                0x0000000020000288       0x14 ./middleware/FreeRTOS/tasks.o
 .bss.uxCurrentNumberOfTasks
                0x000000002000029c        0x4 ./middleware/FreeRTOS/tasks.o
 .bss.xTickCount
                0x00000000200002a0        0x4 ./middleware/FreeRTOS/tasks.o
 .bss.uxTopReadyPriority
                0x00000000200002a4        0x4 ./middleware/FreeRTOS/tasks.o
 .bss.xSchedulerRunning
                0x00000000200002a8        0x4 ./middleware/FreeRTOS/tasks.o
 .bss.xPendedTicks
                0x00000000200002ac        0x4 ./middleware/FreeRTOS/tasks.o
 .bss.xYieldPending
                0x00000000200002b0        0x4 ./middleware/FreeRTOS/tasks.o
 .bss.xNumOfOverflows
                0x00000000200002b4        0x4 ./middleware/FreeRTOS/tasks.o
 .bss.uxTaskNumber
                0x00000000200002b8        0x4 ./middleware/FreeRTOS/tasks.o
 .bss.xNextTaskUnblockTime
                0x00000000200002bc        0x4 ./middleware/FreeRTOS/tasks.o
 .bss.xIdleTaskHandle
                0x00000000200002c0        0x4 ./middleware/FreeRTOS/tasks.o
 .bss.uxSchedulerSuspended
                0x00000000200002c4        0x4 ./middleware/FreeRTOS/tasks.o
 .bss.xActiveTimerList1
                0x00000000200002c8       0x14 ./middleware/FreeRTOS/timers.o
 .bss.xActiveTimerList2
                0x00000000200002dc       0x14 ./middleware/FreeRTOS/timers.o
 .bss.pxCurrentTimerList
                0x00000000200002f0        0x4 ./middleware/FreeRTOS/timers.o
 .bss.pxOverflowTimerList
                0x00000000200002f4        0x4 ./middleware/FreeRTOS/timers.o
 .bss.xTimerQueue
                0x00000000200002f8        0x4 ./middleware/FreeRTOS/timers.o
 .bss.xTimerTaskHandle
                0x00000000200002fc        0x4 ./middleware/FreeRTOS/timers.o
 .bss.xLastTime.0
                0x0000000020000300        0x4 ./middleware/FreeRTOS/timers.o
 .bss.ucHeap    0x0000000020000304     0x1964 ./middleware/FreeRTOS/portable/MemMang/heap_4.o
 .bss.xStart    0x0000000020001c68        0x8 ./middleware/FreeRTOS/portable/MemMang/heap_4.o
 .bss.pxEnd     0x0000000020001c70        0x4 ./middleware/FreeRTOS/portable/MemMang/heap_4.o
 .bss.xFreeBytesRemaining
                0x0000000020001c74        0x4 ./middleware/FreeRTOS/portable/MemMang/heap_4.o
 .bss.xMinimumEverFreeBytesRemaining
                0x0000000020001c78        0x4 ./middleware/FreeRTOS/portable/MemMang/heap_4.o
 .bss.xNumberOfSuccessfulAllocations
                0x0000000020001c7c        0x4 ./middleware/FreeRTOS/portable/MemMang/heap_4.o
 .bss.xNumberOfSuccessfulFrees
                0x0000000020001c80        0x4 ./middleware/FreeRTOS/portable/MemMang/heap_4.o
 .bss.__malloc_free_list
                0x0000000020001c84        0x4 /Applications/STM32CubeIDE.app/Contents/Eclipse/plugins/com.st.stm32cube.ide.mcu.externaltools.gnu-tools-for-stm32.10.3-2021.10.macos64_1.0.200.202301161003/tools/bin/../lib/gcc/arm-none-eabi/10.3.1/../../../../arm-none-eabi/lib/thumb/v6-m/nofp/libc_nano.a(lib_a-nano-mallocr.o)
                0x0000000020001c84                __malloc_free_list
 .bss.__malloc_sbrk_start
                0x0000000020001c88        0x4 /Applications/STM32CubeIDE.app/Contents/Eclipse/plugins/com.st.stm32cube.ide.mcu.externaltools.gnu-tools-for-stm32.10.3-2021.10.macos64_1.0.200.202301161003/tools/bin/../lib/gcc/arm-none-eabi/10.3.1/../../../../arm-none-eabi/lib/thumb/v6-m/nofp/libc_nano.a(lib_a-nano-mallocr.o)
                0x0000000020001c88                __malloc_sbrk_start
 .bss.errno     0x0000000020001c8c        0x4 /Applications/STM32CubeIDE.app/Contents/Eclipse/plugins/com.st.stm32cube.ide.mcu.externaltools.gnu-tools-for-stm32.10.3-2021.10.macos64_1.0.200.202301161003/tools/bin/../lib/gcc/arm-none-eabi/10.3.1/../../../../arm-none-eabi/lib/thumb/v6-m/nofp/libc_nano.a(lib_a-reent.o)
                0x0000000020001c8c                errno
 .bss.__lock___malloc_recursive_mutex
                0x0000000020001c90        0x1 /Applications/STM32CubeIDE.app/Contents/Eclipse/plugins/com.st.stm32cube.ide.mcu.externaltools.gnu-tools-for-stm32.10.3-2021.10.macos64_1.0.200.202301161003/tools/bin/../lib/gcc/arm-none-eabi/10.3.1/../../../../arm-none-eabi/lib/thumb/v6-m/nofp/libc_nano.a(lib_a-lock.o)
                0x0000000020001c90                __lock___malloc_recursive_mutex
 *fill*         0x0000000020001c91        0x3 
 .bss.heap_end.0
                0x0000000020001c94        0x4 /Applications/STM32CubeIDE.app/Contents/Eclipse/plugins/com.st.stm32cube.ide.mcu.externaltools.gnu-tools-for-stm32.10.3-2021.10.macos64_1.0.200.202301161003/tools/bin/../lib/gcc/arm-none-eabi/10.3.1/../../../../arm-none-eabi/lib/thumb/v6-m/nofp/libnosys.a(sbrk.o)
 *(COMMON)
                0x0000000020001c98                . = ALIGN (0x4)
                0x0000000020001c98                _ebss = .
                0x0000000020001c98                __bss_end__ = _ebss

._user_heap_stack
                0x0000000020001c98      0x600 load address 0x0000000008005ac8
                0x0000000020001c98                . = ALIGN (0x8)
                0x0000000020001c98                PROVIDE (end = .)
                [!provide]                        PROVIDE (_end = .)
                0x0000000020001e98                . = (. + _Min_Heap_Size)
 *fill*         0x0000000020001c98      0x200 
                0x0000000020002298                . = (. + _Min_Stack_Size)
 *fill*         0x0000000020001e98      0x400 
                0x0000000020002298                . = ALIGN (0x8)

/DISCARD/
 libc.a(*)
 libm.a(*)
 libgcc.a(*)

.ARM.attributes
                0x0000000000000000       0x28
 *(.ARM.attributes)
 .ARM.attributes
                0x0000000000000000       0x1e /Applications/STM32CubeIDE.app/Contents/Eclipse/plugins/com.st.stm32cube.ide.mcu.externaltools.gnu-tools-for-stm32.10.3-2021.10.macos64_1.0.200.202301161003/tools/bin/../lib/gcc/arm-none-eabi/10.3.1/thumb/v6-m/nofp/crti.o
 .ARM.attributes
                0x000000000000001e       0x2c /Applications/STM32CubeIDE.app/Contents/Eclipse/plugins/com.st.stm32cube.ide.mcu.externaltools.gnu-tools-for-stm32.10.3-2021.10.macos64_1.0.200.202301161003/tools/bin/../lib/gcc/arm-none-eabi/10.3.1/thumb/v6-m/nofp/crtbegin.o
 .ARM.attributes
                0x000000000000004a       0x2c ./Core/Src/main.o
 .ARM.attributes
                0x0000000000000076       0x2c ./Core/Src/stm32g0xx_hal_msp.o
 .ARM.attributes
                0x00000000000000a2       0x2c ./Core/Src/stm32g0xx_hal_timebase_tim.o
 .ARM.attributes
                0x00000000000000ce       0x2c ./Core/Src/stm32g0xx_it.o
 .ARM.attributes
                0x00000000000000fa       0x2c ./Core/Src/system_stm32g0xx.o
 .ARM.attributes
                0x0000000000000126       0x22 ./Core/Startup/startup_stm32g070rbtx.o
 .ARM.attributes
                0x0000000000000148       0x2c ./Drivers/STM32G0xx_HAL_Driver/Src/stm32g0xx_hal.o
 .ARM.attributes
                0x0000000000000174       0x2c ./Drivers/STM32G0xx_HAL_Driver/Src/stm32g0xx_hal_cortex.o
 .ARM.attributes
                0x00000000000001a0       0x2c ./Drivers/STM32G0xx_HAL_Driver/Src/stm32g0xx_hal_gpio.o
 .ARM.attributes
                0x00000000000001cc       0x2c ./Drivers/STM32G0xx_HAL_Driver/Src/stm32g0xx_hal_pwr_ex.o
 .ARM.attributes
                0x00000000000001f8       0x2c ./Drivers/STM32G0xx_HAL_Driver/Src/stm32g0xx_hal_rcc.o
 .ARM.attributes
                0x0000000000000224       0x2c ./Drivers/STM32G0xx_HAL_Driver/Src/stm32g0xx_hal_rcc_ex.o
 .ARM.attributes
                0x0000000000000250       0x2c ./Drivers/STM32G0xx_HAL_Driver/Src/stm32g0xx_hal_tim.o
 .ARM.attributes
                0x000000000000027c       0x2c ./Drivers/STM32G0xx_HAL_Driver/Src/stm32g0xx_hal_tim_ex.o
 .ARM.attributes
                0x00000000000002a8       0x2c ./Drivers/STM32G0xx_HAL_Driver/Src/stm32g0xx_hal_uart.o
 .ARM.attributes
                0x00000000000002d4       0x2c ./Drivers/STM32G0xx_HAL_Driver/Src/stm32g0xx_hal_uart_ex.o
 .ARM.attributes
                0x0000000000000300       0x2c ./middleware/FreeRTOS/list.o
 .ARM.attributes
                0x000000000000032c       0x2c ./middleware/FreeRTOS/queue.o
 .ARM.attributes
                0x0000000000000358       0x2c ./middleware/FreeRTOS/tasks.o
 .ARM.attributes
                0x0000000000000384       0x2c ./middleware/FreeRTOS/timers.o
 .ARM.attributes
                0x00000000000003b0       0x2c ./middleware/FreeRTOS/portable/GCC/ARM_CM0/port.o
 .ARM.attributes
                0x00000000000003dc       0x2c ./middleware/FreeRTOS/portable/MemMang/heap_4.o
 .ARM.attributes
                0x0000000000000408       0x2c /Applications/STM32CubeIDE.app/Contents/Eclipse/plugins/com.st.stm32cube.ide.mcu.externaltools.gnu-tools-for-stm32.10.3-2021.10.macos64_1.0.200.202301161003/tools/bin/../lib/gcc/arm-none-eabi/10.3.1/../../../../arm-none-eabi/lib/thumb/v6-m/nofp/libc_nano.a(lib_a-impure.o)
 .ARM.attributes
                0x0000000000000434       0x2c /Applications/STM32CubeIDE.app/Contents/Eclipse/plugins/com.st.stm32cube.ide.mcu.externaltools.gnu-tools-for-stm32.10.3-2021.10.macos64_1.0.200.202301161003/tools/bin/../lib/gcc/arm-none-eabi/10.3.1/../../../../arm-none-eabi/lib/thumb/v6-m/nofp/libc_nano.a(lib_a-init.o)
 .ARM.attributes
                0x0000000000000460       0x2c /Applications/STM32CubeIDE.app/Contents/Eclipse/plugins/com.st.stm32cube.ide.mcu.externaltools.gnu-tools-for-stm32.10.3-2021.10.macos64_1.0.200.202301161003/tools/bin/../lib/gcc/arm-none-eabi/10.3.1/../../../../arm-none-eabi/lib/thumb/v6-m/nofp/libc_nano.a(lib_a-memcpy-stub.o)
 .ARM.attributes
                0x000000000000048c       0x2c /Applications/STM32CubeIDE.app/Contents/Eclipse/plugins/com.st.stm32cube.ide.mcu.externaltools.gnu-tools-for-stm32.10.3-2021.10.macos64_1.0.200.202301161003/tools/bin/../lib/gcc/arm-none-eabi/10.3.1/../../../../arm-none-eabi/lib/thumb/v6-m/nofp/libc_nano.a(lib_a-memset.o)
 .ARM.attributes
                0x00000000000004b8       0x2c /Applications/STM32CubeIDE.app/Contents/Eclipse/plugins/com.st.stm32cube.ide.mcu.externaltools.gnu-tools-for-stm32.10.3-2021.10.macos64_1.0.200.202301161003/tools/bin/../lib/gcc/arm-none-eabi/10.3.1/../../../../arm-none-eabi/lib/thumb/v6-m/nofp/libc_nano.a(lib_a-sprintf.o)
 .ARM.attributes
                0x00000000000004e4       0x1c /Applications/STM32CubeIDE.app/Contents/Eclipse/plugins/com.st.stm32cube.ide.mcu.externaltools.gnu-tools-for-stm32.10.3-2021.10.macos64_1.0.200.202301161003/tools/bin/../lib/gcc/arm-none-eabi/10.3.1/../../../../arm-none-eabi/lib/thumb/v6-m/nofp/libc_nano.a(lib_a-strlen.o)
 .ARM.attributes
                0x0000000000000500       0x2c /Applications/STM32CubeIDE.app/Contents/Eclipse/plugins/com.st.stm32cube.ide.mcu.externaltools.gnu-tools-for-stm32.10.3-2021.10.macos64_1.0.200.202301161003/tools/bin/../lib/gcc/arm-none-eabi/10.3.1/../../../../arm-none-eabi/lib/thumb/v6-m/nofp/libc_nano.a(lib_a-nano-svfprintf.o)
 .ARM.attributes
                0x000000000000052c       0x2c /Applications/STM32CubeIDE.app/Contents/Eclipse/plugins/com.st.stm32cube.ide.mcu.externaltools.gnu-tools-for-stm32.10.3-2021.10.macos64_1.0.200.202301161003/tools/bin/../lib/gcc/arm-none-eabi/10.3.1/../../../../arm-none-eabi/lib/thumb/v6-m/nofp/libc_nano.a(lib_a-nano-vfprintf_i.o)
 .ARM.attributes
                0x0000000000000558       0x2c /Applications/STM32CubeIDE.app/Contents/Eclipse/plugins/com.st.stm32cube.ide.mcu.externaltools.gnu-tools-for-stm32.10.3-2021.10.macos64_1.0.200.202301161003/tools/bin/../lib/gcc/arm-none-eabi/10.3.1/../../../../arm-none-eabi/lib/thumb/v6-m/nofp/libc_nano.a(lib_a-memchr-stub.o)
 .ARM.attributes
                0x0000000000000584       0x2c /Applications/STM32CubeIDE.app/Contents/Eclipse/plugins/com.st.stm32cube.ide.mcu.externaltools.gnu-tools-for-stm32.10.3-2021.10.macos64_1.0.200.202301161003/tools/bin/../lib/gcc/arm-none-eabi/10.3.1/../../../../arm-none-eabi/lib/thumb/v6-m/nofp/libc_nano.a(lib_a-memmove.o)
 .ARM.attributes
                0x00000000000005b0       0x2c /Applications/STM32CubeIDE.app/Contents/Eclipse/plugins/com.st.stm32cube.ide.mcu.externaltools.gnu-tools-for-stm32.10.3-2021.10.macos64_1.0.200.202301161003/tools/bin/../lib/gcc/arm-none-eabi/10.3.1/../../../../arm-none-eabi/lib/thumb/v6-m/nofp/libc_nano.a(lib_a-nano-freer.o)
 .ARM.attributes
                0x00000000000005dc       0x2c /Applications/STM32CubeIDE.app/Contents/Eclipse/plugins/com.st.stm32cube.ide.mcu.externaltools.gnu-tools-for-stm32.10.3-2021.10.macos64_1.0.200.202301161003/tools/bin/../lib/gcc/arm-none-eabi/10.3.1/../../../../arm-none-eabi/lib/thumb/v6-m/nofp/libc_nano.a(lib_a-nano-mallocr.o)
 .ARM.attributes
                0x0000000000000608       0x2c /Applications/STM32CubeIDE.app/Contents/Eclipse/plugins/com.st.stm32cube.ide.mcu.externaltools.gnu-tools-for-stm32.10.3-2021.10.macos64_1.0.200.202301161003/tools/bin/../lib/gcc/arm-none-eabi/10.3.1/../../../../arm-none-eabi/lib/thumb/v6-m/nofp/libc_nano.a(lib_a-nano-reallocr.o)
 .ARM.attributes
                0x0000000000000634       0x2c /Applications/STM32CubeIDE.app/Contents/Eclipse/plugins/com.st.stm32cube.ide.mcu.externaltools.gnu-tools-for-stm32.10.3-2021.10.macos64_1.0.200.202301161003/tools/bin/../lib/gcc/arm-none-eabi/10.3.1/../../../../arm-none-eabi/lib/thumb/v6-m/nofp/libc_nano.a(lib_a-sbrkr.o)
 .ARM.attributes
                0x0000000000000660       0x2c /Applications/STM32CubeIDE.app/Contents/Eclipse/plugins/com.st.stm32cube.ide.mcu.externaltools.gnu-tools-for-stm32.10.3-2021.10.macos64_1.0.200.202301161003/tools/bin/../lib/gcc/arm-none-eabi/10.3.1/../../../../arm-none-eabi/lib/thumb/v6-m/nofp/libc_nano.a(lib_a-mlock.o)
 .ARM.attributes
                0x000000000000068c       0x2c /Applications/STM32CubeIDE.app/Contents/Eclipse/plugins/com.st.stm32cube.ide.mcu.externaltools.gnu-tools-for-stm32.10.3-2021.10.macos64_1.0.200.202301161003/tools/bin/../lib/gcc/arm-none-eabi/10.3.1/../../../../arm-none-eabi/lib/thumb/v6-m/nofp/libc_nano.a(lib_a-nano-msizer.o)
 .ARM.attributes
                0x00000000000006b8       0x2c /Applications/STM32CubeIDE.app/Contents/Eclipse/plugins/com.st.stm32cube.ide.mcu.externaltools.gnu-tools-for-stm32.10.3-2021.10.macos64_1.0.200.202301161003/tools/bin/../lib/gcc/arm-none-eabi/10.3.1/../../../../arm-none-eabi/lib/thumb/v6-m/nofp/libc_nano.a(lib_a-reent.o)
 .ARM.attributes
                0x00000000000006e4       0x2c /Applications/STM32CubeIDE.app/Contents/Eclipse/plugins/com.st.stm32cube.ide.mcu.externaltools.gnu-tools-for-stm32.10.3-2021.10.macos64_1.0.200.202301161003/tools/bin/../lib/gcc/arm-none-eabi/10.3.1/../../../../arm-none-eabi/lib/thumb/v6-m/nofp/libc_nano.a(lib_a-lock.o)
 .ARM.attributes
                0x0000000000000710       0x1e /Applications/STM32CubeIDE.app/Contents/Eclipse/plugins/com.st.stm32cube.ide.mcu.externaltools.gnu-tools-for-stm32.10.3-2021.10.macos64_1.0.200.202301161003/tools/bin/../lib/gcc/arm-none-eabi/10.3.1/thumb/v6-m/nofp/libgcc.a(_thumb1_case_shi.o)
 .ARM.attributes
                0x000000000000072e       0x1e /Applications/STM32CubeIDE.app/Contents/Eclipse/plugins/com.st.stm32cube.ide.mcu.externaltools.gnu-tools-for-stm32.10.3-2021.10.macos64_1.0.200.202301161003/tools/bin/../lib/gcc/arm-none-eabi/10.3.1/thumb/v6-m/nofp/libgcc.a(_udivsi3.o)
 .ARM.attributes
                0x000000000000074c       0x1e /Applications/STM32CubeIDE.app/Contents/Eclipse/plugins/com.st.stm32cube.ide.mcu.externaltools.gnu-tools-for-stm32.10.3-2021.10.macos64_1.0.200.202301161003/tools/bin/../lib/gcc/arm-none-eabi/10.3.1/thumb/v6-m/nofp/libgcc.a(_divsi3.o)
 .ARM.attributes
                0x000000000000076a       0x1e /Applications/STM32CubeIDE.app/Contents/Eclipse/plugins/com.st.stm32cube.ide.mcu.externaltools.gnu-tools-for-stm32.10.3-2021.10.macos64_1.0.200.202301161003/tools/bin/../lib/gcc/arm-none-eabi/10.3.1/thumb/v6-m/nofp/libgcc.a(_dvmd_tls.o)
 .ARM.attributes
                0x0000000000000788       0x2c /Applications/STM32CubeIDE.app/Contents/Eclipse/plugins/com.st.stm32cube.ide.mcu.externaltools.gnu-tools-for-stm32.10.3-2021.10.macos64_1.0.200.202301161003/tools/bin/../lib/gcc/arm-none-eabi/10.3.1/../../../../arm-none-eabi/lib/thumb/v6-m/nofp/libnosys.a(sbrk.o)
 .ARM.attributes
                0x00000000000007b4       0x1e /Applications/STM32CubeIDE.app/Contents/Eclipse/plugins/com.st.stm32cube.ide.mcu.externaltools.gnu-tools-for-stm32.10.3-2021.10.macos64_1.0.200.202301161003/tools/bin/../lib/gcc/arm-none-eabi/10.3.1/thumb/v6-m/nofp/crtn.o
OUTPUT(MailBox.elf elf32-littlearm)
LOAD linker stubs
LOAD /Applications/STM32CubeIDE.app/Contents/Eclipse/plugins/com.st.stm32cube.ide.mcu.externaltools.gnu-tools-for-stm32.10.3-2021.10.macos64_1.0.200.202301161003/tools/bin/../lib/gcc/arm-none-eabi/10.3.1/../../../../arm-none-eabi/lib/thumb/v6-m/nofp/libc.a
LOAD /Applications/STM32CubeIDE.app/Contents/Eclipse/plugins/com.st.stm32cube.ide.mcu.externaltools.gnu-tools-for-stm32.10.3-2021.10.macos64_1.0.200.202301161003/tools/bin/../lib/gcc/arm-none-eabi/10.3.1/../../../../arm-none-eabi/lib/thumb/v6-m/nofp/libm.a
LOAD /Applications/STM32CubeIDE.app/Contents/Eclipse/plugins/com.st.stm32cube.ide.mcu.externaltools.gnu-tools-for-stm32.10.3-2021.10.macos64_1.0.200.202301161003/tools/bin/../lib/gcc/arm-none-eabi/10.3.1/thumb/v6-m/nofp/libgcc.a

.debug_info     0x0000000000000000    0x151bb
 .debug_info    0x0000000000000000     0x12e9 ./Core/Src/main.o
 .debug_info    0x00000000000012e9      0xbfc ./Core/Src/stm32g0xx_hal_msp.o
 .debug_info    0x0000000000001ee5      0xbd5 ./Core/Src/stm32g0xx_hal_timebase_tim.o
 .debug_info    0x0000000000002aba      0x7ee ./Core/Src/stm32g0xx_it.o
 .debug_info    0x00000000000032a8      0x34d ./Core/Src/system_stm32g0xx.o
 .debug_info    0x00000000000035f5       0x22 ./Core/Startup/startup_stm32g070rbtx.o
 .debug_info    0x0000000000003617      0x942 ./Drivers/STM32G0xx_HAL_Driver/Src/stm32g0xx_hal.o
 .debug_info    0x0000000000003f59      0x8f5 ./Drivers/STM32G0xx_HAL_Driver/Src/stm32g0xx_hal_cortex.o
 .debug_info    0x000000000000484e      0x5d7 ./Drivers/STM32G0xx_HAL_Driver/Src/stm32g0xx_hal_gpio.o
 .debug_info    0x0000000000004e25      0x4e8 ./Drivers/STM32G0xx_HAL_Driver/Src/stm32g0xx_hal_pwr_ex.o
 .debug_info    0x000000000000530d      0xb1c ./Drivers/STM32G0xx_HAL_Driver/Src/stm32g0xx_hal_rcc.o
 .debug_info    0x0000000000005e29      0x7dd ./Drivers/STM32G0xx_HAL_Driver/Src/stm32g0xx_hal_rcc_ex.o
 .debug_info    0x0000000000006606     0x2e15 ./Drivers/STM32G0xx_HAL_Driver/Src/stm32g0xx_hal_tim.o
 .debug_info    0x000000000000941b     0x1a19 ./Drivers/STM32G0xx_HAL_Driver/Src/stm32g0xx_hal_tim_ex.o
 .debug_info    0x000000000000ae34     0x49de ./Drivers/STM32G0xx_HAL_Driver/Src/stm32g0xx_hal_uart.o
 .debug_info    0x000000000000f812     0x1032 ./Drivers/STM32G0xx_HAL_Driver/Src/stm32g0xx_hal_uart_ex.o
 .debug_info    0x0000000000010844      0x2d1 ./middleware/FreeRTOS/list.o
 .debug_info    0x0000000000010b15     0x1374 ./middleware/FreeRTOS/queue.o
 .debug_info    0x0000000000011e89     0x1e7f ./middleware/FreeRTOS/tasks.o
 .debug_info    0x0000000000013d08      0xd46 ./middleware/FreeRTOS/timers.o
 .debug_info    0x0000000000014a4e      0x2a0 ./middleware/FreeRTOS/portable/GCC/ARM_CM0/port.o
 .debug_info    0x0000000000014cee      0x4cd ./middleware/FreeRTOS/portable/MemMang/heap_4.o

.debug_abbrev   0x0000000000000000     0x2f4d
 .debug_abbrev  0x0000000000000000      0x2ed ./Core/Src/main.o
 .debug_abbrev  0x00000000000002ed      0x1c5 ./Core/Src/stm32g0xx_hal_msp.o
 .debug_abbrev  0x00000000000004b2      0x213 ./Core/Src/stm32g0xx_hal_timebase_tim.o
 .debug_abbrev  0x00000000000006c5      0x19a ./Core/Src/stm32g0xx_it.o
 .debug_abbrev  0x000000000000085f      0x116 ./Core/Src/system_stm32g0xx.o
 .debug_abbrev  0x0000000000000975       0x12 ./Core/Startup/startup_stm32g070rbtx.o
 .debug_abbrev  0x0000000000000987      0x2a9 ./Drivers/STM32G0xx_HAL_Driver/Src/stm32g0xx_hal.o
 .debug_abbrev  0x0000000000000c30      0x29f ./Drivers/STM32G0xx_HAL_Driver/Src/stm32g0xx_hal_cortex.o
 .debug_abbrev  0x0000000000000ecf      0x1b9 ./Drivers/STM32G0xx_HAL_Driver/Src/stm32g0xx_hal_gpio.o
 .debug_abbrev  0x0000000000001088      0x1d1 ./Drivers/STM32G0xx_HAL_Driver/Src/stm32g0xx_hal_pwr_ex.o
 .debug_abbrev  0x0000000000001259      0x2a3 ./Drivers/STM32G0xx_HAL_Driver/Src/stm32g0xx_hal_rcc.o
 .debug_abbrev  0x00000000000014fc      0x21a ./Drivers/STM32G0xx_HAL_Driver/Src/stm32g0xx_hal_rcc_ex.o
 .debug_abbrev  0x0000000000001716      0x286 ./Drivers/STM32G0xx_HAL_Driver/Src/stm32g0xx_hal_tim.o
 .debug_abbrev  0x000000000000199c      0x292 ./Drivers/STM32G0xx_HAL_Driver/Src/stm32g0xx_hal_tim_ex.o
 .debug_abbrev  0x0000000000001c2e      0x310 ./Drivers/STM32G0xx_HAL_Driver/Src/stm32g0xx_hal_uart.o
 .debug_abbrev  0x0000000000001f3e      0x2d5 ./Drivers/STM32G0xx_HAL_Driver/Src/stm32g0xx_hal_uart_ex.o
 .debug_abbrev  0x0000000000002213       0xf2 ./middleware/FreeRTOS/list.o
 .debug_abbrev  0x0000000000002305      0x2b6 ./middleware/FreeRTOS/queue.o
 .debug_abbrev  0x00000000000025bb      0x313 ./middleware/FreeRTOS/tasks.o
 .debug_abbrev  0x00000000000028ce      0x2a5 ./middleware/FreeRTOS/timers.o
 .debug_abbrev  0x0000000000002b73      0x1ee ./middleware/FreeRTOS/portable/GCC/ARM_CM0/port.o
 .debug_abbrev  0x0000000000002d61      0x1ec ./middleware/FreeRTOS/portable/MemMang/heap_4.o

.debug_aranges  0x0000000000000000     0x1280
 .debug_aranges
                0x0000000000000000       0x58 ./Core/Src/main.o
 .debug_aranges
                0x0000000000000058       0x30 ./Core/Src/stm32g0xx_hal_msp.o
 .debug_aranges
                0x0000000000000088       0x30 ./Core/Src/stm32g0xx_hal_timebase_tim.o
 .debug_aranges
                0x00000000000000b8       0x30 ./Core/Src/stm32g0xx_it.o
 .debug_aranges
                0x00000000000000e8       0x28 ./Core/Src/system_stm32g0xx.o
 .debug_aranges
                0x0000000000000110       0x28 ./Core/Startup/startup_stm32g070rbtx.o
 .debug_aranges
                0x0000000000000138       0xf8 ./Drivers/STM32G0xx_HAL_Driver/Src/stm32g0xx_hal.o
 .debug_aranges
                0x0000000000000230       0xd8 ./Drivers/STM32G0xx_HAL_Driver/Src/stm32g0xx_hal_cortex.o
 .debug_aranges
                0x0000000000000308       0x60 ./Drivers/STM32G0xx_HAL_Driver/Src/stm32g0xx_hal_gpio.o
 .debug_aranges
                0x0000000000000368       0x98 ./Drivers/STM32G0xx_HAL_Driver/Src/stm32g0xx_hal_pwr_ex.o
 .debug_aranges
                0x0000000000000400       0xa0 ./Drivers/STM32G0xx_HAL_Driver/Src/stm32g0xx_hal_rcc.o
 .debug_aranges
                0x00000000000004a0       0x40 ./Drivers/STM32G0xx_HAL_Driver/Src/stm32g0xx_hal_rcc_ex.o
 .debug_aranges
                0x00000000000004e0      0x3e0 ./Drivers/STM32G0xx_HAL_Driver/Src/stm32g0xx_hal_tim.o
 .debug_aranges
                0x00000000000008c0      0x198 ./Drivers/STM32G0xx_HAL_Driver/Src/stm32g0xx_hal_tim_ex.o
 .debug_aranges
                0x0000000000000a58      0x248 ./Drivers/STM32G0xx_HAL_Driver/Src/stm32g0xx_hal_uart.o
 .debug_aranges
                0x0000000000000ca0       0xa8 ./Drivers/STM32G0xx_HAL_Driver/Src/stm32g0xx_hal_uart_ex.o
 .debug_aranges
                0x0000000000000d48       0x40 ./middleware/FreeRTOS/list.o
 .debug_aranges
                0x0000000000000d88      0x130 ./middleware/FreeRTOS/queue.o
 .debug_aranges
                0x0000000000000eb8      0x1f8 ./middleware/FreeRTOS/tasks.o
 .debug_aranges
                0x00000000000010b0       0xe8 ./middleware/FreeRTOS/timers.o
 .debug_aranges
                0x0000000000001198       0x88 ./middleware/FreeRTOS/portable/GCC/ARM_CM0/port.o
 .debug_aranges
                0x0000000000001220       0x60 ./middleware/FreeRTOS/portable/MemMang/heap_4.o

.debug_ranges   0x0000000000000000     0x1158
 .debug_ranges  0x0000000000000000       0x48 ./Core/Src/main.o
 .debug_ranges  0x0000000000000048       0x20 ./Core/Src/stm32g0xx_hal_msp.o
 .debug_ranges  0x0000000000000068       0x20 ./Core/Src/stm32g0xx_hal_timebase_tim.o
 .debug_ranges  0x0000000000000088       0x20 ./Core/Src/stm32g0xx_it.o
 .debug_ranges  0x00000000000000a8       0x18 ./Core/Src/system_stm32g0xx.o
 .debug_ranges  0x00000000000000c0       0x20 ./Core/Startup/startup_stm32g070rbtx.o
 .debug_ranges  0x00000000000000e0       0xe8 ./Drivers/STM32G0xx_HAL_Driver/Src/stm32g0xx_hal.o
 .debug_ranges  0x00000000000001c8       0xc8 ./Drivers/STM32G0xx_HAL_Driver/Src/stm32g0xx_hal_cortex.o
 .debug_ranges  0x0000000000000290       0x50 ./Drivers/STM32G0xx_HAL_Driver/Src/stm32g0xx_hal_gpio.o
 .debug_ranges  0x00000000000002e0       0x88 ./Drivers/STM32G0xx_HAL_Driver/Src/stm32g0xx_hal_pwr_ex.o
 .debug_ranges  0x0000000000000368       0x90 ./Drivers/STM32G0xx_HAL_Driver/Src/stm32g0xx_hal_rcc.o
 .debug_ranges  0x00000000000003f8       0x30 ./Drivers/STM32G0xx_HAL_Driver/Src/stm32g0xx_hal_rcc_ex.o
 .debug_ranges  0x0000000000000428      0x3d0 ./Drivers/STM32G0xx_HAL_Driver/Src/stm32g0xx_hal_tim.o
 .debug_ranges  0x00000000000007f8      0x188 ./Drivers/STM32G0xx_HAL_Driver/Src/stm32g0xx_hal_tim_ex.o
 .debug_ranges  0x0000000000000980      0x268 ./Drivers/STM32G0xx_HAL_Driver/Src/stm32g0xx_hal_uart.o
 .debug_ranges  0x0000000000000be8       0x98 ./Drivers/STM32G0xx_HAL_Driver/Src/stm32g0xx_hal_uart_ex.o
 .debug_ranges  0x0000000000000c80       0x30 ./middleware/FreeRTOS/list.o
 .debug_ranges  0x0000000000000cb0      0x120 ./middleware/FreeRTOS/queue.o
 .debug_ranges  0x0000000000000dd0      0x1e8 ./middleware/FreeRTOS/tasks.o
 .debug_ranges  0x0000000000000fb8       0xd8 ./middleware/FreeRTOS/timers.o
 .debug_ranges  0x0000000000001090       0x78 ./middleware/FreeRTOS/portable/GCC/ARM_CM0/port.o
 .debug_ranges  0x0000000000001108       0x50 ./middleware/FreeRTOS/portable/MemMang/heap_4.o

.debug_macro    0x0000000000000000    0x179ad
 .debug_macro   0x0000000000000000      0x3f8 ./Core/Src/main.o
 .debug_macro   0x00000000000003f8      0xa4e ./Core/Src/main.o
 .debug_macro   0x0000000000000e46      0x11d ./Core/Src/main.o
 .debug_macro   0x0000000000000f63       0x2e ./Core/Src/main.o
 .debug_macro   0x0000000000000f91       0x28 ./Core/Src/main.o
 .debug_macro   0x0000000000000fb9       0x22 ./Core/Src/main.o
 .debug_macro   0x0000000000000fdb       0x8e ./Core/Src/main.o
 .debug_macro   0x0000000000001069       0x51 ./Core/Src/main.o
 .debug_macro   0x00000000000010ba      0x103 ./Core/Src/main.o
 .debug_macro   0x00000000000011bd       0x6a ./Core/Src/main.o
 .debug_macro   0x0000000000001227      0x1df ./Core/Src/main.o
 .debug_macro   0x0000000000001406       0x1c ./Core/Src/main.o
 .debug_macro   0x0000000000001422       0x22 ./Core/Src/main.o
 .debug_macro   0x0000000000001444       0xd1 ./Core/Src/main.o
 .debug_macro   0x0000000000001515      0x4da ./Core/Src/main.o
 .debug_macro   0x00000000000019ef      0x11f ./Core/Src/main.o
 .debug_macro   0x0000000000001b0e     0xa6de ./Core/Src/main.o
 .debug_macro   0x000000000000c1ec       0x66 ./Core/Src/main.o
 .debug_macro   0x000000000000c252     0x34fd ./Core/Src/main.o
 .debug_macro   0x000000000000f74f      0x174 ./Core/Src/main.o
 .debug_macro   0x000000000000f8c3       0x5c ./Core/Src/main.o
 .debug_macro   0x000000000000f91f      0x485 ./Core/Src/main.o
 .debug_macro   0x000000000000fda4      0xe67 ./Core/Src/main.o
 .debug_macro   0x0000000000010c0b      0x13e ./Core/Src/main.o
 .debug_macro   0x0000000000010d49      0x1cf ./Core/Src/main.o
 .debug_macro   0x0000000000010f18      0x13e ./Core/Src/main.o
 .debug_macro   0x0000000000011056      0x3a8 ./Core/Src/main.o
 .debug_macro   0x00000000000113fe      0x280 ./Core/Src/main.o
 .debug_macro   0x000000000001167e      0x345 ./Core/Src/main.o
 .debug_macro   0x00000000000119c3      0x198 ./Core/Src/main.o
 .debug_macro   0x0000000000011b5b       0x43 ./Core/Src/main.o
 .debug_macro   0x0000000000011b9e      0x1f1 ./Core/Src/main.o
 .debug_macro   0x0000000000011d8f      0x1d6 ./Core/Src/main.o
 .debug_macro   0x0000000000011f65      0x2a3 ./Core/Src/main.o
 .debug_macro   0x0000000000012208       0x28 ./Core/Src/main.o
 .debug_macro   0x0000000000012230       0xcf ./Core/Src/main.o
 .debug_macro   0x00000000000122ff      0x118 ./Core/Src/main.o
 .debug_macro   0x0000000000012417      0x10d ./Core/Src/main.o
 .debug_macro   0x0000000000012524      0xabb ./Core/Src/main.o
 .debug_macro   0x0000000000012fdf      0x124 ./Core/Src/main.o
 .debug_macro   0x0000000000013103      0x693 ./Core/Src/main.o
 .debug_macro   0x0000000000013796       0xa6 ./Core/Src/main.o
 .debug_macro   0x000000000001383c      0x43d ./Core/Src/main.o
 .debug_macro   0x0000000000013c79       0x52 ./Core/Src/main.o
 .debug_macro   0x0000000000013ccb       0x18 ./Core/Src/main.o
 .debug_macro   0x0000000000013ce3       0x3c ./Core/Src/main.o
 .debug_macro   0x0000000000013d1f       0x34 ./Core/Src/main.o
 .debug_macro   0x0000000000013d53       0x16 ./Core/Src/main.o
 .debug_macro   0x0000000000013d69       0x35 ./Core/Src/main.o
 .debug_macro   0x0000000000013d9e      0x341 ./Core/Src/main.o
 .debug_macro   0x00000000000140df       0x10 ./Core/Src/main.o
 .debug_macro   0x00000000000140ef       0x16 ./Core/Src/main.o
 .debug_macro   0x0000000000014105       0x43 ./Core/Src/main.o
 .debug_macro   0x0000000000014148       0x34 ./Core/Src/main.o
 .debug_macro   0x000000000001417c       0x10 ./Core/Src/main.o
 .debug_macro   0x000000000001418c       0x58 ./Core/Src/main.o
 .debug_macro   0x00000000000141e4       0x71 ./Core/Src/main.o
 .debug_macro   0x0000000000014255       0x1c ./Core/Src/main.o
 .debug_macro   0x0000000000014271      0x12a ./Core/Src/main.o
 .debug_macro   0x000000000001439b       0x10 ./Core/Src/main.o
 .debug_macro   0x00000000000143ab       0x1c ./Core/Src/main.o
 .debug_macro   0x00000000000143c7       0x52 ./Core/Src/main.o
 .debug_macro   0x0000000000014419       0x22 ./Core/Src/main.o
 .debug_macro   0x000000000001443b       0x10 ./Core/Src/main.o
 .debug_macro   0x000000000001444b       0x52 ./Core/Src/main.o
 .debug_macro   0x000000000001449d       0xd5 ./Core/Src/main.o
 .debug_macro   0x0000000000014572       0x1c ./Core/Src/main.o
 .debug_macro   0x000000000001458e       0x3d ./Core/Src/main.o
 .debug_macro   0x00000000000145cb       0x16 ./Core/Src/main.o
 .debug_macro   0x00000000000145e1      0x145 ./Core/Src/main.o
 .debug_macro   0x0000000000014726       0x16 ./Core/Src/main.o
 .debug_macro   0x000000000001473c       0x20 ./Core/Src/main.o
 .debug_macro   0x000000000001475c       0xdc ./Core/Src/main.o
 .debug_macro   0x0000000000014838      0x15a ./Core/Src/main.o
 .debug_macro   0x0000000000014992       0xb8 ./Core/Src/main.o
 .debug_macro   0x0000000000014a4a       0x28 ./Core/Src/main.o
 .debug_macro   0x0000000000014a72       0x1f ./Core/Src/main.o
 .debug_macro   0x0000000000014a91       0x12 ./Core/Src/main.o
 .debug_macro   0x0000000000014aa3      0x53b ./Core/Src/main.o
 .debug_macro   0x0000000000014fde       0xc3 ./Core/Src/main.o
 .debug_macro   0x00000000000150a1      0x120 ./Core/Src/main.o
 .debug_macro   0x00000000000151c1       0x80 ./Core/Src/main.o
 .debug_macro   0x0000000000015241      0x1e9 ./Core/Src/stm32g0xx_hal_msp.o
 .debug_macro   0x000000000001542a      0x1df ./Core/Src/stm32g0xx_hal_timebase_tim.o
 .debug_macro   0x0000000000015609      0x1f3 ./Core/Src/stm32g0xx_it.o
 .debug_macro   0x00000000000157fc      0x1df ./Core/Src/system_stm32g0xx.o
 .debug_macro   0x00000000000159db      0x1fd ./Drivers/STM32G0xx_HAL_Driver/Src/stm32g0xx_hal.o
 .debug_macro   0x0000000000015bd8      0x1df ./Drivers/STM32G0xx_HAL_Driver/Src/stm32g0xx_hal_cortex.o
 .debug_macro   0x0000000000015db7      0x1e6 ./Drivers/STM32G0xx_HAL_Driver/Src/stm32g0xx_hal_gpio.o
 .debug_macro   0x0000000000015f9d      0x1f1 ./Drivers/STM32G0xx_HAL_Driver/Src/stm32g0xx_hal_pwr_ex.o
 .debug_macro   0x000000000001618e      0x21b ./Drivers/STM32G0xx_HAL_Driver/Src/stm32g0xx_hal_rcc.o
 .debug_macro   0x00000000000163a9      0x1f7 ./Drivers/STM32G0xx_HAL_Driver/Src/stm32g0xx_hal_rcc_ex.o
 .debug_macro   0x00000000000165a0      0x1e7 ./Drivers/STM32G0xx_HAL_Driver/Src/stm32g0xx_hal_tim.o
 .debug_macro   0x0000000000016787      0x1e5 ./Drivers/STM32G0xx_HAL_Driver/Src/stm32g0xx_hal_tim_ex.o
 .debug_macro   0x000000000001696c      0x20a ./Drivers/STM32G0xx_HAL_Driver/Src/stm32g0xx_hal_uart.o
 .debug_macro   0x0000000000016b76      0x1eb ./Drivers/STM32G0xx_HAL_Driver/Src/stm32g0xx_hal_uart_ex.o
 .debug_macro   0x0000000000016d61      0x198 ./middleware/FreeRTOS/list.o
 .debug_macro   0x0000000000016ef9      0x22f ./middleware/FreeRTOS/queue.o
 .debug_macro   0x0000000000017128      0x284 ./middleware/FreeRTOS/tasks.o
 .debug_macro   0x00000000000173ac       0x17 ./middleware/FreeRTOS/tasks.o
 .debug_macro   0x00000000000173c3      0x1e7 ./middleware/FreeRTOS/timers.o
 .debug_macro   0x00000000000175aa       0x97 ./middleware/FreeRTOS/timers.o
 .debug_macro   0x0000000000017641      0x153 ./middleware/FreeRTOS/portable/GCC/ARM_CM0/port.o
 .debug_macro   0x0000000000017794      0x219 ./middleware/FreeRTOS/portable/MemMang/heap_4.o

.debug_line     0x0000000000000000    0x15bf1
 .debug_line    0x0000000000000000      0xc1f ./Core/Src/main.o
 .debug_line    0x0000000000000c1f      0x791 ./Core/Src/stm32g0xx_hal_msp.o
 .debug_line    0x00000000000013b0      0x7ab ./Core/Src/stm32g0xx_hal_timebase_tim.o
 .debug_line    0x0000000000001b5b      0x771 ./Core/Src/stm32g0xx_it.o
 .debug_line    0x00000000000022cc      0x7a5 ./Core/Src/system_stm32g0xx.o
 .debug_line    0x0000000000002a71       0x89 ./Core/Startup/startup_stm32g070rbtx.o
 .debug_line    0x0000000000002afa      0xa48 ./Drivers/STM32G0xx_HAL_Driver/Src/stm32g0xx_hal.o
 .debug_line    0x0000000000003542      0xb5c ./Drivers/STM32G0xx_HAL_Driver/Src/stm32g0xx_hal_cortex.o
 .debug_line    0x000000000000409e      0xb48 ./Drivers/STM32G0xx_HAL_Driver/Src/stm32g0xx_hal_gpio.o
 .debug_line    0x0000000000004be6      0x978 ./Drivers/STM32G0xx_HAL_Driver/Src/stm32g0xx_hal_pwr_ex.o
 .debug_line    0x000000000000555e      0xef0 ./Drivers/STM32G0xx_HAL_Driver/Src/stm32g0xx_hal_rcc.o
 .debug_line    0x000000000000644e      0xb14 ./Drivers/STM32G0xx_HAL_Driver/Src/stm32g0xx_hal_rcc_ex.o
 .debug_line    0x0000000000006f62     0x3be0 ./Drivers/STM32G0xx_HAL_Driver/Src/stm32g0xx_hal_tim.o
 .debug_line    0x000000000000ab42     0x1c2a ./Drivers/STM32G0xx_HAL_Driver/Src/stm32g0xx_hal_tim_ex.o
 .debug_line    0x000000000000c76c     0x33b8 ./Drivers/STM32G0xx_HAL_Driver/Src/stm32g0xx_hal_uart.o
 .debug_line    0x000000000000fb24      0xdda ./Drivers/STM32G0xx_HAL_Driver/Src/stm32g0xx_hal_uart_ex.o
 .debug_line    0x00000000000108fe      0x75f ./middleware/FreeRTOS/list.o
 .debug_line    0x000000000001105d     0x13d6 ./middleware/FreeRTOS/queue.o
 .debug_line    0x0000000000012433     0x1b45 ./middleware/FreeRTOS/tasks.o
 .debug_line    0x0000000000013f78      0xbc8 ./middleware/FreeRTOS/timers.o
 .debug_line    0x0000000000014b40      0x6fc ./middleware/FreeRTOS/portable/GCC/ARM_CM0/port.o
 .debug_line    0x000000000001523c      0x9b5 ./middleware/FreeRTOS/portable/MemMang/heap_4.o

.debug_str      0x0000000000000000    0x96cf6
 .debug_str     0x0000000000000000    0x8fec3 ./Core/Src/main.o
                                      0x90506 (size before relaxing)
 .debug_str     0x000000000008fec3      0x1a6 ./Core/Src/stm32g0xx_hal_msp.o
                                      0x86ec7 (size before relaxing)
 .debug_str     0x0000000000090069      0x2d5 ./Core/Src/stm32g0xx_hal_timebase_tim.o
                                      0x870de (size before relaxing)
 .debug_str     0x000000000009033e       0x6e ./Core/Src/stm32g0xx_it.o
                                      0x86d31 (size before relaxing)
 .debug_str     0x00000000000903ac       0x8e ./Core/Src/system_stm32g0xx.o
                                      0x8681f (size before relaxing)
 .debug_str     0x000000000009043a       0x36 ./Core/Startup/startup_stm32g070rbtx.o
                                         0x71 (size before relaxing)
 .debug_str     0x0000000000090470      0x424 ./Drivers/STM32G0xx_HAL_Driver/Src/stm32g0xx_hal.o
                                      0x86ec1 (size before relaxing)
 .debug_str     0x0000000000090894      0x267 ./Drivers/STM32G0xx_HAL_Driver/Src/stm32g0xx_hal_cortex.o
                                      0x86c66 (size before relaxing)
 .debug_str     0x0000000000090afb      0x179 ./Drivers/STM32G0xx_HAL_Driver/Src/stm32g0xx_hal_gpio.o
                                      0x86954 (size before relaxing)
 .debug_str     0x0000000000090c74      0x221 ./Drivers/STM32G0xx_HAL_Driver/Src/stm32g0xx_hal_pwr_ex.o
                                      0x86a73 (size before relaxing)
 .debug_str     0x0000000000090e95      0x321 ./Drivers/STM32G0xx_HAL_Driver/Src/stm32g0xx_hal_rcc.o
                                      0x86e10 (size before relaxing)
 .debug_str     0x00000000000911b6      0x185 ./Drivers/STM32G0xx_HAL_Driver/Src/stm32g0xx_hal_rcc_ex.o
                                      0x86b70 (size before relaxing)
 .debug_str     0x000000000009133b      0xeae ./Drivers/STM32G0xx_HAL_Driver/Src/stm32g0xx_hal_tim.o
                                      0x87d51 (size before relaxing)
 .debug_str     0x00000000000921e9      0x67e ./Drivers/STM32G0xx_HAL_Driver/Src/stm32g0xx_hal_tim_ex.o
                                      0x876ef (size before relaxing)
 .debug_str     0x0000000000092867      0x9d1 ./Drivers/STM32G0xx_HAL_Driver/Src/stm32g0xx_hal_uart.o
                                      0x877ea (size before relaxing)
 .debug_str     0x0000000000093238      0x264 ./Drivers/STM32G0xx_HAL_Driver/Src/stm32g0xx_hal_uart_ex.o
                                      0x870a9 (size before relaxing)
 .debug_str     0x000000000009349c      0x253 ./middleware/FreeRTOS/list.o
                                       0xa885 (size before relaxing)
 .debug_str     0x00000000000936ef      0xc4a ./middleware/FreeRTOS/queue.o
                                       0xcf42 (size before relaxing)
 .debug_str     0x0000000000094339     0x1a51 ./middleware/FreeRTOS/tasks.o
                                       0xd8ec (size before relaxing)
 .debug_str     0x0000000000095d8a      0x544 ./middleware/FreeRTOS/timers.o
                                       0xd0f0 (size before relaxing)
 .debug_str     0x00000000000962ce      0x451 ./middleware/FreeRTOS/portable/GCC/ARM_CM0/port.o
                                       0x9055 (size before relaxing)
 .debug_str     0x000000000009671f      0x5d7 ./middleware/FreeRTOS/portable/MemMang/heap_4.o
                                       0xc090 (size before relaxing)

.comment        0x0000000000000000       0x50
 .comment       0x0000000000000000       0x50 ./Core/Src/main.o
                                         0x51 (size before relaxing)
 .comment       0x0000000000000050       0x51 ./Core/Src/stm32g0xx_hal_msp.o
 .comment       0x0000000000000050       0x51 ./Core/Src/stm32g0xx_hal_timebase_tim.o
 .comment       0x0000000000000050       0x51 ./Core/Src/stm32g0xx_it.o
 .comment       0x0000000000000050       0x51 ./Core/Src/system_stm32g0xx.o
 .comment       0x0000000000000050       0x51 ./Drivers/STM32G0xx_HAL_Driver/Src/stm32g0xx_hal.o
 .comment       0x0000000000000050       0x51 ./Drivers/STM32G0xx_HAL_Driver/Src/stm32g0xx_hal_cortex.o
 .comment       0x0000000000000050       0x51 ./Drivers/STM32G0xx_HAL_Driver/Src/stm32g0xx_hal_gpio.o
 .comment       0x0000000000000050       0x51 ./Drivers/STM32G0xx_HAL_Driver/Src/stm32g0xx_hal_pwr_ex.o
 .comment       0x0000000000000050       0x51 ./Drivers/STM32G0xx_HAL_Driver/Src/stm32g0xx_hal_rcc.o
 .comment       0x0000000000000050       0x51 ./Drivers/STM32G0xx_HAL_Driver/Src/stm32g0xx_hal_rcc_ex.o
 .comment       0x0000000000000050       0x51 ./Drivers/STM32G0xx_HAL_Driver/Src/stm32g0xx_hal_tim.o
 .comment       0x0000000000000050       0x51 ./Drivers/STM32G0xx_HAL_Driver/Src/stm32g0xx_hal_tim_ex.o
 .comment       0x0000000000000050       0x51 ./Drivers/STM32G0xx_HAL_Driver/Src/stm32g0xx_hal_uart.o
 .comment       0x0000000000000050       0x51 ./Drivers/STM32G0xx_HAL_Driver/Src/stm32g0xx_hal_uart_ex.o
 .comment       0x0000000000000050       0x51 ./middleware/FreeRTOS/list.o
 .comment       0x0000000000000050       0x51 ./middleware/FreeRTOS/queue.o
 .comment       0x0000000000000050       0x51 ./middleware/FreeRTOS/tasks.o
 .comment       0x0000000000000050       0x51 ./middleware/FreeRTOS/timers.o
 .comment       0x0000000000000050       0x51 ./middleware/FreeRTOS/portable/GCC/ARM_CM0/port.o
 .comment       0x0000000000000050       0x51 ./middleware/FreeRTOS/portable/MemMang/heap_4.o

.debug_frame    0x0000000000000000     0x4628
 .debug_frame   0x0000000000000000      0x108 ./Core/Src/main.o
 .debug_frame   0x0000000000000108       0x70 ./Core/Src/stm32g0xx_hal_msp.o
 .debug_frame   0x0000000000000178       0x6c ./Core/Src/stm32g0xx_hal_timebase_tim.o
 .debug_frame   0x00000000000001e4       0x64 ./Core/Src/stm32g0xx_it.o
 .debug_frame   0x0000000000000248       0x4c ./Core/Src/system_stm32g0xx.o
 .debug_frame   0x0000000000000294      0x340 ./Drivers/STM32G0xx_HAL_Driver/Src/stm32g0xx_hal.o
 .debug_frame   0x00000000000005d4      0x2fc ./Drivers/STM32G0xx_HAL_Driver/Src/stm32g0xx_hal_cortex.o
 .debug_frame   0x00000000000008d0      0x130 ./Drivers/STM32G0xx_HAL_Driver/Src/stm32g0xx_hal_gpio.o
 .debug_frame   0x0000000000000a00      0x1f4 ./Drivers/STM32G0xx_HAL_Driver/Src/stm32g0xx_hal_pwr_ex.o
 .debug_frame   0x0000000000000bf4      0x214 ./Drivers/STM32G0xx_HAL_Driver/Src/stm32g0xx_hal_rcc.o
 .debug_frame   0x0000000000000e08       0xb0 ./Drivers/STM32G0xx_HAL_Driver/Src/stm32g0xx_hal_rcc_ex.o
 .debug_frame   0x0000000000000eb8      0xf40 ./Drivers/STM32G0xx_HAL_Driver/Src/stm32g0xx_hal_tim.o
 .debug_frame   0x0000000000001df8      0x620 ./Drivers/STM32G0xx_HAL_Driver/Src/stm32g0xx_hal_tim_ex.o
 .debug_frame   0x0000000000002418      0x8d4 ./Drivers/STM32G0xx_HAL_Driver/Src/stm32g0xx_hal_uart.o
 .debug_frame   0x0000000000002cec      0x25c ./Drivers/STM32G0xx_HAL_Driver/Src/stm32g0xx_hal_uart_ex.o
 .debug_frame   0x0000000000002f48       0xb0 ./middleware/FreeRTOS/list.o
 .debug_frame   0x0000000000002ff8      0x478 ./middleware/FreeRTOS/queue.o
 .debug_frame   0x0000000000003470      0x778 ./middleware/FreeRTOS/tasks.o
 .debug_frame   0x0000000000003be8      0x348 ./middleware/FreeRTOS/timers.o
 .debug_frame   0x0000000000003f30      0x174 ./middleware/FreeRTOS/portable/GCC/ARM_CM0/port.o
 .debug_frame   0x00000000000040a4      0x124 ./middleware/FreeRTOS/portable/MemMang/heap_4.o
 .debug_frame   0x00000000000041c8       0x2c /Applications/STM32CubeIDE.app/Contents/Eclipse/plugins/com.st.stm32cube.ide.mcu.externaltools.gnu-tools-for-stm32.10.3-2021.10.macos64_1.0.200.202301161003/tools/bin/../lib/gcc/arm-none-eabi/10.3.1/../../../../arm-none-eabi/lib/thumb/v6-m/nofp/libc_nano.a(lib_a-init.o)