01:37:00 **** Incremental Build of configuration Debug for project Main_project_rtos ****
make -j7 all 
arm-none-eabi-gcc "../Core/Src/main.c" -mcpu=cortex-m0plus -std=gnu11 -g3 -DDEBUG -DUSE_HAL_DRIVER -DSTM32G070xx -c -I../Core/Inc -I../Drivers/STM32G0xx_HAL_Driver/Inc -I../Drivers/STM32G0xx_HAL_Driver/Inc/Legacy -I../Drivers/CMSIS/Device/ST/STM32G0xx/Include -I../Drivers/CMSIS/Include -I"/Users/nithish/STM32CubeIDE/workspace_1.12.1/Main_project_rtos/middleware/FreeRTOS/include" -I"/Users/nithish/STM32CubeIDE/workspace_1.12.1/Main_project_rtos/middleware/FreeRTOS/portable/GCC/ARM_CM0" -I"/Users/nithish/STM32CubeIDE/workspace_1.12.1/Main_project_rtos/middleware/FreeRTOS/portable/MemMang" -O0 -ffunction-sections -fdata-sections -Wall -fstack-usage -fcyclomatic-complexity -MMD -MP -MF"Core/Src/main.d" -MT"Core/Src/main.o" --specs=nano.specs -mfloat-abi=soft -mthumb -o "Core/Src/main.o"
arm-none-eabi-gcc -o "Main_project_rtos.elf" @"objects.list"   -mcpu=cortex-m0plus -T"/Users/nithish/STM32CubeIDE/workspace_1.12.1/Main_project_rtos/STM32G070RBTX_FLASH.ld" --specs=nosys.specs -Wl,-Map="Main_project_rtos.map" -Wl,--gc-sections -static --specs=nano.specs -mfloat-abi=soft -mthumb -Wl,--start-group -lc -lm -Wl,--end-group
Finished building target: Main_project_rtos.elf
 
arm-none-eabi-size   Main_project_rtos.elf 
arm-none-eabi-objdump -h -S  Main_project_rtos.elf  > "Main_project_rtos.list"
   text	   data	    bss	    dec	    hex	filename
  27136	     28	   8980	  36144	   8d30	Main_project_rtos.elf
Finished building: default.size.stdout
 
Finished building: Main_project_rtos.list
 

01:37:01 Build Finished. 0 errors, 0 warnings. (took 591ms)

