17:04:09 **** Incremental Build of configuration Debug for project ST_Queue ****
make -j7 all 
arm-none-eabi-gcc "../Core/Src/main.c" -mcpu=cortex-m0plus -std=gnu11 -g3 -DDEBUG -DUSE_HAL_DRIVER -DSTM32G070xx -c -I../Core/Inc -I../Drivers/STM32G0xx_HAL_Driver/Inc -I../Drivers/STM32G0xx_HAL_Driver/Inc/Legacy -I../Drivers/CMSIS/Device/ST/STM32G0xx/Include -I../Drivers/CMSIS/Include -I"/Users/nithish/STM32CubeIDE/workspace_1.12.1/ST_Queue/middleware/FreeRTOS/portable/GCC/ARM_CM0" -I"/Users/nithish/STM32CubeIDE/workspace_1.12.1/ST_Queue/middleware/FreeRTOS/portable/MemMang" -I"/Users/nithish/STM32CubeIDE/workspace_1.12.1/ST_Queue/middleware/FreeRTOS/include" -O0 -ffunction-sections -fdata-sections -Wall -fstack-usage -fcyclomatic-complexity -MMD -MP -MF"Core/Src/main.d" -MT"Core/Src/main.o" --specs=nano.specs -mfloat-abi=soft -mthumb -o "Core/Src/main.o"
arm-none-eabi-gcc -o "ST_Queue.elf" @"objects.list"   -mcpu=cortex-m0plus -T"/Users/nithish/STM32CubeIDE/workspace_1.12.1/ST_Queue/STM32G070RBTX_FLASH.ld" --specs=nosys.specs -Wl,-Map="ST_Queue.map" -Wl,--gc-sections -static --specs=nano.specs -mfloat-abi=soft -mthumb -Wl,--start-group -lc -lm -Wl,--end-group
Finished building target: ST_Queue.elf
 
arm-none-eabi-size   ST_Queue.elf 
arm-none-eabi-objdump -h -S  ST_Queue.elf  > "ST_Queue.list"
   text	   data	    bss	    dec	    hex	filename
  23500	    128	   8752	  32380	   7e7c	ST_Queue.elf
Finished building: default.size.stdout
 
Finished building: ST_Queue.list
 

17:04:09 Build Finished. 0 errors, 0 warnings. (took 703ms)

