16:31:20 **** Incremental Build of configuration Debug for project Timer_project ****
make -j7 all 
arm-none-eabi-gcc "../Core/Src/main.c" -mcpu=cortex-m0plus -std=gnu11 -g3 -DDEBUG -DUSE_HAL_DRIVER -DSTM32G070xx -c -I../Core/Inc -I../Drivers/STM32G0xx_HAL_Driver/Inc -I../Drivers/STM32G0xx_HAL_Driver/Inc/Legacy -I../Drivers/CMSIS/Device/ST/STM32G0xx/Include -I../Drivers/CMSIS/Include -I"/Users/nithish/STM32CubeIDE/workspace_1.12.1/Timer_project/middleware/FreeRTOS/portable/GCC/ARM_CM0" -I"/Users/nithish/STM32CubeIDE/workspace_1.12.1/Timer_project/middleware/FreeRTOS/portable/MemMang" -I"/Users/nithish/STM32CubeIDE/workspace_1.12.1/Timer_project/middleware/FreeRTOS/include" -O0 -ffunction-sections -fdata-sections -Wall -fstack-usage -fcyclomatic-complexity -MMD -MP -MF"Core/Src/main.d" -MT"Core/Src/main.o" --specs=nano.specs -mfloat-abi=soft -mthumb -o "Core/Src/main.o"
arm-none-eabi-gcc -o "Timer_project.elf" @"objects.list"   -mcpu=cortex-m0plus -T"/Users/nithish/STM32CubeIDE/workspace_1.12.1/Timer_project/STM32G070RBTX_FLASH.ld" --specs=nosys.specs -Wl,-Map="Timer_project.map" -Wl,--gc-sections -static --specs=nano.specs -mfloat-abi=soft -mthumb -Wl,--start-group -lc -lm -Wl,--end-group
Finished building target: Timer_project.elf
 
arm-none-eabi-size   Timer_project.elf 
arm-none-eabi-objdump -h -S  Timer_project.elf  > "Timer_project.list"
   text	   data	    bss	    dec	    hex	filename
  21188	     28	   8716	  29932	   74ec	Timer_project.elf
Finished building: default.size.stdout
 
Finished building: Timer_project.list
 

16:31:21 Build Finished. 0 errors, 0 warnings. (took 727ms)

