../Core/Src/main.c:104:5:main	24	static
../Core/Src/main.c:256:6:SystemClock_Config	88	static
../Core/Src/main.c:297:13:MX_TIM1_Init	120	static
../Core/Src/main.c:416:13:MX_TIM3_Init	48	static
../Core/Src/main.c:463:13:MX_USART2_UART_Init	8	static
../Core/Src/main.c:511:13:MX_USART3_UART_Init	8	static
../Core/Src/main.c:547:13:MX_GPIO_Init	56	static
../Core/Src/main.c:626:6:servoPulse	32	static
../Core/Src/main.c:636:6:Ultrasonic_read	16	static
../Core/Src/main.c:646:6:compareDistance	8	static
../Core/Src/main.c:676:6:Check_side	24	static
../Core/Src/main.c:706:6:forword	8	static
../Core/Src/main.c:714:6:backword	8	static
../Core/Src/main.c:722:6:turnRight	8	static
../Core/Src/main.c:730:6:turnLeft	8	static
../Core/Src/main.c:738:6:Stop	8	static
../Core/Src/main.c:752:6:Error_Handler	8	static,ignoring_inline_asm
