../middleware/FreeRTOS/lcd_i2c.c:71:6:LCD_Init	8	static
../middleware/FreeRTOS/lcd_i2c.c:100:6:LCD_Clear	8	static
../middleware/FreeRTOS/lcd_i2c.c:106:6:LCD_SetCursor	24	static
../middleware/FreeRTOS/lcd_i2c.c:117:6:LCD_Print	16	static
../middleware/FreeRTOS/lcd_i2c.c:122:6:LCD_BacklightOn	16	static
../middleware/FreeRTOS/lcd_i2c.c:129:6:LCD_BacklightOff	16	static
../middleware/FreeRTOS/lcd_i2c.c:136:13:LCD_SendCmd	16	static
../middleware/FreeRTOS/lcd_i2c.c:141:13:LCD_SendData	16	static
../middleware/FreeRTOS/lcd_i2c.c:146:13:LCD_SendHalfByte	32	static
../middleware/FreeRTOS/lcd_i2c.c:155:13:LCD_SendByte	40	static
../middleware/FreeRTOS/lcd_i2c.c:191:13:LCD_SendString	16	static
