Archive member included to satisfy reference by file (symbol)

/Applications/STM32CubeIDE.app/Contents/Eclipse/plugins/com.st.stm32cube.ide.mcu.externaltools.gnu-tools-for-stm32.10.3-2021.10.macos64_1.0.200.202301161003/tools/bin/../lib/gcc/arm-none-eabi/10.3.1/../../../../arm-none-eabi/lib/thumb/v6-m/nofp/libc_nano.a(lib_a-errno.o)
                              ./Core/Src/syscalls.o (__errno)
/Applications/STM32CubeIDE.app/Contents/Eclipse/plugins/com.st.stm32cube.ide.mcu.externaltools.gnu-tools-for-stm32.10.3-2021.10.macos64_1.0.200.202301161003/tools/bin/../lib/gcc/arm-none-eabi/10.3.1/../../../../arm-none-eabi/lib/thumb/v6-m/nofp/libc_nano.a(lib_a-exit.o)
                              /Applications/STM32CubeIDE.app/Contents/Eclipse/plugins/com.st.stm32cube.ide.mcu.externaltools.gnu-tools-for-stm32.10.3-2021.10.macos64_1.0.200.202301161003/tools/bin/../lib/gcc/arm-none-eabi/10.3.1/../../../../arm-none-eabi/lib/thumb/v6-m/nofp/crt0.o (exit)
/Applications/STM32CubeIDE.app/Contents/Eclipse/plugins/com.st.stm32cube.ide.mcu.externaltools.gnu-tools-for-stm32.10.3-2021.10.macos64_1.0.200.202301161003/tools/bin/../lib/gcc/arm-none-eabi/10.3.1/../../../../arm-none-eabi/lib/thumb/v6-m/nofp/libc_nano.a(lib_a-impure.o)
                              /Applications/STM32CubeIDE.app/Contents/Eclipse/plugins/com.st.stm32cube.ide.mcu.externaltools.gnu-tools-for-stm32.10.3-2021.10.macos64_1.0.200.202301161003/tools/bin/../lib/gcc/arm-none-eabi/10.3.1/../../../../arm-none-eabi/lib/thumb/v6-m/nofp/libc_nano.a(lib_a-exit.o) (_global_impure_ptr)
/Applications/STM32CubeIDE.app/Contents/Eclipse/plugins/com.st.stm32cube.ide.mcu.externaltools.gnu-tools-for-stm32.10.3-2021.10.macos64_1.0.200.202301161003/tools/bin/../lib/gcc/arm-none-eabi/10.3.1/../../../../arm-none-eabi/lib/thumb/v6-m/nofp/libc_nano.a(lib_a-init.o)
                              /Applications/STM32CubeIDE.app/Contents/Eclipse/plugins/com.st.stm32cube.ide.mcu.externaltools.gnu-tools-for-stm32.10.3-2021.10.macos64_1.0.200.202301161003/tools/bin/../lib/gcc/arm-none-eabi/10.3.1/../../../../arm-none-eabi/lib/thumb/v6-m/nofp/crt0.o (__libc_init_array)
/Applications/STM32CubeIDE.app/Contents/Eclipse/plugins/com.st.stm32cube.ide.mcu.externaltools.gnu-tools-for-stm32.10.3-2021.10.macos64_1.0.200.202301161003/tools/bin/../lib/gcc/arm-none-eabi/10.3.1/../../../../arm-none-eabi/lib/thumb/v6-m/nofp/libc_nano.a(lib_a-memcpy-stub.o)
                              ./middleware/FreeRTOS/queue.o (memcpy)
/Applications/STM32CubeIDE.app/Contents/Eclipse/plugins/com.st.stm32cube.ide.mcu.externaltools.gnu-tools-for-stm32.10.3-2021.10.macos64_1.0.200.202301161003/tools/bin/../lib/gcc/arm-none-eabi/10.3.1/../../../../arm-none-eabi/lib/thumb/v6-m/nofp/libc_nano.a(lib_a-memset.o)
                              /Applications/STM32CubeIDE.app/Contents/Eclipse/plugins/com.st.stm32cube.ide.mcu.externaltools.gnu-tools-for-stm32.10.3-2021.10.macos64_1.0.200.202301161003/tools/bin/../lib/gcc/arm-none-eabi/10.3.1/../../../../arm-none-eabi/lib/thumb/v6-m/nofp/crt0.o (memset)
/Applications/STM32CubeIDE.app/Contents/Eclipse/plugins/com.st.stm32cube.ide.mcu.externaltools.gnu-tools-for-stm32.10.3-2021.10.macos64_1.0.200.202301161003/tools/bin/../lib/gcc/arm-none-eabi/10.3.1/thumb/v6-m/nofp/libgcc.a(_udivsi3.o)
                              ./Core/Src/stm32g0xx_hal_timebase_tim.o (__aeabi_uidiv)
/Applications/STM32CubeIDE.app/Contents/Eclipse/plugins/com.st.stm32cube.ide.mcu.externaltools.gnu-tools-for-stm32.10.3-2021.10.macos64_1.0.200.202301161003/tools/bin/../lib/gcc/arm-none-eabi/10.3.1/thumb/v6-m/nofp/libgcc.a(_divsi3.o)
                              ./Drivers/STM32G0xx_HAL_Driver/Src/stm32g0xx_hal_uart_ex.o (__aeabi_idiv)
/Applications/STM32CubeIDE.app/Contents/Eclipse/plugins/com.st.stm32cube.ide.mcu.externaltools.gnu-tools-for-stm32.10.3-2021.10.macos64_1.0.200.202301161003/tools/bin/../lib/gcc/arm-none-eabi/10.3.1/thumb/v6-m/nofp/libgcc.a(_dvmd_tls.o)
                              /Applications/STM32CubeIDE.app/Contents/Eclipse/plugins/com.st.stm32cube.ide.mcu.externaltools.gnu-tools-for-stm32.10.3-2021.10.macos64_1.0.200.202301161003/tools/bin/../lib/gcc/arm-none-eabi/10.3.1/thumb/v6-m/nofp/libgcc.a(_udivsi3.o) (__aeabi_idiv0)

Discarded input sections

 .text          0x0000000000000000        0x0 /Applications/STM32CubeIDE.app/Contents/Eclipse/plugins/com.st.stm32cube.ide.mcu.externaltools.gnu-tools-for-stm32.10.3-2021.10.macos64_1.0.200.202301161003/tools/bin/../lib/gcc/arm-none-eabi/10.3.1/thumb/v6-m/nofp/crti.o
 .data          0x0000000000000000        0x0 /Applications/STM32CubeIDE.app/Contents/Eclipse/plugins/com.st.stm32cube.ide.mcu.externaltools.gnu-tools-for-stm32.10.3-2021.10.macos64_1.0.200.202301161003/tools/bin/../lib/gcc/arm-none-eabi/10.3.1/thumb/v6-m/nofp/crti.o
[...]
Memory Configuration

Name             Origin             Length             Attributes
RAM              0x0000000020000000 0x0000000000009000 xrw
FLASH            0x0000000008000000 0x0000000000020000 xr
*default*        0x0000000000000000 0xffffffffffffffff

Linker script and memory map

LOAD /Applications/STM32CubeIDE.app/Contents/Eclipse/plugins/com.st.stm32cube.ide.mcu.externaltools.gnu-tools-for-stm32.10.3-2021.10.macos64_1.0.200.202301161003/tools/bin/../lib/gcc/arm-none-eabi/10.3.1/thumb/v6-m/nofp/crti.o
LOAD /Applications/STM32CubeIDE.app/Contents/Eclipse/plugins/com.st.stm32cube.ide.mcu.externaltools.gnu-tools-for-stm32.10.3-2021.10.macos64_1.0.200.202301161003/tools/bin/../lib/gcc/arm-none-eabi/10.3.1/thumb/v6-m/nofp/crtbegin.o
LOAD /Applications/STM32CubeIDE.app/Contents/Eclipse/plugins/com.st.stm32cube.ide.mcu.externaltools.gnu-tools-for-stm32.10.3-2021.10.macos64_1.0.200.202301161003/tools/bin/../lib/gcc/arm-none-eabi/10.3.1/../../../../arm-none-eabi/lib/thumb/v6-m/nofp/crt0.o
LOAD ./Core/Src/main.o
LOAD ./Core/Src/stm32g0xx_hal_msp.o
LOAD ./Core/Src/stm32g0xx_hal_timebase_tim.o
LOAD ./Core/Src/stm32g0xx_it.o
LOAD ./Core/Src/syscalls.o
LOAD ./Core/Src/system_stm32g0xx.o
LOAD ./Core/Startup/startup_stm32g070rbtx.o
LOAD ./Drivers/STM32G0xx_HAL_Driver/Src/stm32g0xx_hal.o
LOAD ./Drivers/STM32G0xx_HAL_Driver/Src/stm32g0xx_hal_cortex.o
LOAD ./Drivers/STM32G0xx_HAL_Driver/Src/stm32g0xx_hal_dma.o
LOAD ./Drivers/STM32G0xx_HAL_Driver/Src/stm32g0xx_hal_dma_ex.o
LOAD ./Drivers/STM32G0xx_HAL_Driver/Src/stm32g0xx_hal_exti.o
LOAD ./Drivers/STM32G0xx_HAL_Driver/Src/stm32g0xx_hal_flash.o
LOAD ./Drivers/STM32G0xx_HAL_Driver/Src/stm32g0xx_hal_flash_ex.o
LOAD ./Drivers/STM32G0xx_HAL_Driver/Src/stm32g0xx_hal_gpio.o
LOAD ./Drivers/STM32G0xx_HAL_Driver/Src/stm32g0xx_hal_pwr.o
LOAD ./Drivers/STM32G0xx_HAL_Driver/Src/stm32g0xx_hal_pwr_ex.o
LOAD ./Drivers/STM32G0xx_HAL_Driver/Src/stm32g0xx_hal_rcc.o
LOAD ./Drivers/STM32G0xx_HAL_Driver/Src/stm32g0xx_hal_rcc_ex.o
LOAD ./Drivers/STM32G0xx_HAL_Driver/Src/stm32g0xx_hal_tim.o
LOAD ./Drivers/STM32G0xx_HAL_Driver/Src/stm32g0xx_hal_tim_ex.o
LOAD ./Drivers/STM32G0xx_HAL_Driver/Src/stm32g0xx_hal_uart.o
LOAD ./Drivers/STM32G0xx_HAL_Driver/Src/stm32g0xx_hal_uart_ex.o
LOAD ./Drivers/STM32G0xx_HAL_Driver/Src/stm32g0xx_ll_dma.o
LOAD ./Drivers/STM32G0xx_HAL_Driver/Src/stm32g0xx_ll_rcc.o
LOAD ./middleware/FreeRTOS/croutine.o
LOAD ./middleware/FreeRTOS/event_groups.o
LOAD ./middleware/FreeRTOS/list.o
LOAD ./middleware/FreeRTOS/queue.o
LOAD ./middleware/FreeRTOS/stream_buffer.o
LOAD ./middleware/FreeRTOS/tasks.o
LOAD ./middleware/FreeRTOS/timers.o
LOAD ./middleware/FreeRTOS/portable/GCC/ARM_CM0/port.o
LOAD ./middleware/FreeRTOS/portable/MemMang/heap_4.o
START GROUP
LOAD /Applications/STM32CubeIDE.app/Contents/Eclipse/plugins/com.st.stm32cube.ide.mcu.externaltools.gnu-tools-for-stm32.10.3-2021.10.macos64_1.0.200.202301161003/tools/bin/../lib/gcc/arm-none-eabi/10.3.1/../../../../arm-none-eabi/lib/thumb/v6-m/nofp/libc_nano.a
LOAD /Applications/STM32CubeIDE.app/Contents/Eclipse/plugins/com.st.stm32cube.ide.mcu.externaltools.gnu-tools-for-stm32.10.3-2021.10.macos64_1.0.200.202301161003/tools/bin/../lib/gcc/arm-none-eabi/10.3.1/../../../../arm-none-eabi/lib/thumb/v6-m/nofp/libm.a
END GROUP
START GROUP
LOAD /Applications/STM32CubeIDE.app/Contents/Eclipse/plugins/com.st.stm32cube.ide.mcu.externaltools.gnu-tools-for-stm32.10.3-2021.10.macos64_1.0.200.202301161003/tools/bin/../lib/gcc/arm-none-eabi/10.3.1/thumb/v6-m/nofp/libgcc.a
LOAD /Applications/STM32CubeIDE.app/Contents/Eclipse/plugins/com.st.stm32cube.ide.mcu.externaltools.gnu-tools-for-stm32.10.3-2021.10.macos64_1.0.200.202301161003/tools/bin/../lib/gcc/arm-none-eabi/10.3.1/../../../../arm-none-eabi/lib/thumb/v6-m/nofp/libc_nano.a
END GROUP
START GROUP
LOAD /Applications/STM32CubeIDE.app/Contents/Eclipse/plugins/com.st.stm32cube.ide.mcu.externaltools.gnu-tools-for-stm32.10.3-2021.10.macos64_1.0.200.202301161003/tools/bin/../lib/gcc/arm-none-eabi/10.3.1/thumb/v6-m/nofp/libgcc.a
LOAD /Applications/STM32CubeIDE.app/Contents/Eclipse/plugins/com.st.stm32cube.ide.mcu.externaltools.gnu-tools-for-stm32.10.3-2021.10.macos64_1.0.200.202301161003/tools/bin/../lib/gcc/arm-none-eabi/10.3.1/../../../../arm-none-eabi/lib/thumb/v6-m/nofp/libc_nano.a
LOAD /Applications/STM32CubeIDE.app/Contents/Eclipse/plugins/com.st.stm32cube.ide.mcu.externaltools.gnu-tools-for-stm32.10.3-2021.10.macos64_1.0.200.202301161003/tools/bin/../lib/gcc/arm-none-eabi/10.3.1/../../../../arm-none-eabi/lib/thumb/v6-m/nofp/libnosys.a
END GROUP
START GROUP
LOAD /Applications/STM32CubeIDE.app/Contents/Eclipse/plugins/com.st.stm32cube.ide.mcu.externaltools.gnu-tools-for-stm32.10.3-2021.10.macos64_1.0.200.202301161003/tools/bin/../lib/gcc/arm-none-eabi/10.3.1/thumb/v6-m/nofp/libgcc.a
LOAD /Applications/STM32CubeIDE.app/Contents/Eclipse/plugins/com.st.stm32cube.ide.mcu.externaltools.gnu-tools-for-stm32.10.3-2021.10.macos64_1.0.200.202301161003/tools/bin/../lib/gcc/arm-none-eabi/10.3.1/../../../../arm-none-eabi/lib/thumb/v6-m/nofp/libc_nano.a
LOAD /Applications/STM32CubeIDE.app/Contents/Eclipse/plugins/com.st.stm32cube.ide.mcu.externaltools.gnu-tools-for-stm32.10.3-2021.10.macos64_1.0.200.202301161003/tools/bin/../lib/gcc/arm-none-eabi/10.3.1/../../../../arm-none-eabi/lib/thumb/v6-m/nofp/libnosys.a
END GROUP
LOAD /Applications/STM32CubeIDE.app/Contents/Eclipse/plugins/com.st.stm32cube.ide.mcu.externaltools.gnu-tools-for-stm32.10.3-2021.10.macos64_1.0.200.202301161003/tools/bin/../lib/gcc/arm-none-eabi/10.3.1/thumb/v6-m/nofp/crtend.o
LOAD /Applications/STM32CubeIDE.app/Contents/Eclipse/plugins/com.st.stm32cube.ide.mcu.externaltools.gnu-tools-for-stm32.10.3-2021.10.macos64_1.0.200.202301161003/tools/bin/../lib/gcc/arm-none-eabi/10.3.1/thumb/v6-m/nofp/crtn.o
                0x0000000020009000                _estack = (ORIGIN (RAM) + LENGTH (RAM))
                0x0000000000000200                _Min_Heap_Size = 0x200
                0x0000000000000400                _Min_Stack_Size = 0x400

.isr_vector     0x0000000008000000       0xb8
                0x0000000008000000                . = ALIGN (0x4)
 *(.isr_vector)
 .isr_vector    0x0000000008000000       0xb8 ./Core/Startup/startup_stm32g070rbtx.o
                0x0000000008000000                g_pfnVectors
                0x00000000080000b8                . = ALIGN (0x4)

.text           0x00000000080000c0     0x5150
                0x00000000080000c0                . = ALIGN (0x4)
 *(.text)
 .text          0x00000000080000c0       0x48 /Applications/STM32CubeIDE.app/Contents/Eclipse/plugins/com.st.stm32cube.ide.mcu.externaltools.gnu-tools-for-stm32.10.3-2021.10.macos64_1.0.200.202301161003/tools/bin/../lib/gcc/arm-none-eabi/10.3.1/thumb/v6-m/nofp/crtbegin.o
 .text          0x0000000008000108      0x114 /Applications/STM32CubeIDE.app/Contents/Eclipse/plugins/com.st.stm32cube.ide.mcu.externaltools.gnu-tools-for-stm32.10.3-2021.10.macos64_1.0.200.202301161003/tools/bin/../lib/gcc/arm-none-eabi/10.3.1/thumb/v6-m/nofp/libgcc.a(_udivsi3.o)
                0x0000000008000108                __udivsi3
                0x0000000008000108                __aeabi_uidiv
                0x0000000008000214                __aeabi_uidivmod
 .text          0x000000000800021c      0x1d4 /Applications/STM32CubeIDE.app/Contents/Eclipse/plugins/com.st.stm32cube.ide.mcu.externaltools.gnu-tools-for-stm32.10.3-2021.10.macos64_1.0.200.202301161003/tools/bin/../lib/gcc/arm-none-eabi/10.3.1/thumb/v6-m/nofp/libgcc.a(_divsi3.o)
                0x000000000800021c                __aeabi_idiv
                0x000000000800021c                __divsi3
                0x00000000080003e8                __aeabi_idivmod
 .text          0x00000000080003f0        0x4 /Applications/STM32CubeIDE.app/Contents/Eclipse/plugins/com.st.stm32cube.ide.mcu.externaltools.gnu-tools-for-stm32.10.3-2021.10.macos64_1.0.200.202301161003/tools/bin/../lib/gcc/arm-none-eabi/10.3.1/thumb/v6-m/nofp/libgcc.a(_dvmd_tls.o)
                0x00000000080003f0                __aeabi_ldiv0
                0x00000000080003f0                __aeabi_idiv0
 *(.text*)
 .text.uartTask
                0x00000000080003f4       0x54 ./Core/Src/main.o
                0x00000000080003f4                uartTask
 .text.ledTask  0x0000000008000448       0x74 ./Core/Src/main.o
                0x0000000008000448                ledTask
 .text.TimerCallback
                0x00000000080004bc       0x68 ./Core/Src/main.o
                0x00000000080004bc                TimerCallback
 .text.main     0x0000000008000524       0xa0 ./Core/Src/main.o
                0x0000000008000524                main
 .text.SystemClock_Config
                0x00000000080005c4       0x90 ./Core/Src/main.o
                0x00000000080005c4                SystemClock_Config
 .text.MX_USART2_UART_Init
                0x0000000008000654       0x9c ./Core/Src/main.o
 .text.MX_GPIO_Init
                0x00000000080006f0       0xc4 ./Core/Src/main.o
 .text.HAL_TIM_PeriodElapsedCallback
                0x00000000080007b4       0x24 ./Core/Src/main.o
                0x00000000080007b4                HAL_TIM_PeriodElapsedCallback
 .text.Error_Handler
                0x00000000080007d8        0xa ./Core/Src/main.o
                0x00000000080007d8                Error_Handler
 *fill*         0x00000000080007e2        0x2 
 .text.HAL_MspInit
                0x00000000080007e4       0x48 ./Core/Src/stm32g0xx_hal_msp.o
                0x00000000080007e4                HAL_MspInit
 .text.HAL_UART_MspInit
                0x000000000800082c       0xc0 ./Core/Src/stm32g0xx_hal_msp.o
                0x000000000800082c                HAL_UART_MspInit
 .text.HAL_InitTick
                0x00000000080008ec      0x108 ./Core/Src/stm32g0xx_hal_timebase_tim.o
                0x00000000080008ec                HAL_InitTick
 .text.NMI_Handler
                0x00000000080009f4        0x6 ./Core/Src/stm32g0xx_it.o
                0x00000000080009f4                NMI_Handler
 .text.HardFault_Handler
                0x00000000080009fa        0x6 ./Core/Src/stm32g0xx_it.o
                0x00000000080009fa                HardFault_Handler
 .text.TIM3_IRQHandler
                0x0000000008000a00       0x18 ./Core/Src/stm32g0xx_it.o
                0x0000000008000a00                TIM3_IRQHandler
 .text.SystemInit
                0x0000000008000a18        0xa ./Core/Src/system_stm32g0xx.o
                0x0000000008000a18                SystemInit
 *fill*         0x0000000008000a22        0x2 
 .text.Reset_Handler
                0x0000000008000a24       0x50 ./Core/Startup/startup_stm32g070rbtx.o
                0x0000000008000a24                Reset_Handler
 .text.Default_Handler
                0x0000000008000a74        0x2 ./Core/Startup/startup_stm32g070rbtx.o
                0x0000000008000a74                TIM1_BRK_UP_TRG_COM_IRQHandler
                0x0000000008000a74                TIM6_IRQHandler
                0x0000000008000a74                I2C1_IRQHandler
                0x0000000008000a74                RTC_TAMP_IRQHandler
                0x0000000008000a74                SPI1_IRQHandler
                0x0000000008000a74                USART3_4_IRQHandler
                0x0000000008000a74                EXTI2_3_IRQHandler
                0x0000000008000a74                ADC1_IRQHandler
                0x0000000008000a74                I2C2_IRQHandler
                0x0000000008000a74                TIM17_IRQHandler
                0x0000000008000a74                TIM16_IRQHandler
                0x0000000008000a74                EXTI4_15_IRQHandler
                0x0000000008000a74                RCC_IRQHandler
                0x0000000008000a74                DMA1_Channel1_IRQHandler
                0x0000000008000a74                Default_Handler
                0x0000000008000a74                TIM14_IRQHandler
                0x0000000008000a74                TIM7_IRQHandler
                0x0000000008000a74                TIM15_IRQHandler
                0x0000000008000a74                EXTI0_1_IRQHandler
                0x0000000008000a74                SPI2_IRQHandler
                0x0000000008000a74                WWDG_IRQHandler
                0x0000000008000a74                DMA1_Ch4_7_DMAMUX1_OVR_IRQHandler
                0x0000000008000a74                DMA1_Channel2_3_IRQHandler
                0x0000000008000a74                USART2_IRQHandler
                0x0000000008000a74                FLASH_IRQHandler
                0x0000000008000a74                USART1_IRQHandler
                0x0000000008000a74                TIM1_CC_IRQHandler
 *fill*         0x0000000008000a76        0x2 
 .text.HAL_Init
                0x0000000008000a78       0x40 ./Drivers/STM32G0xx_HAL_Driver/Src/stm32g0xx_hal.o
                0x0000000008000a78                HAL_Init
 .text.HAL_IncTick
                0x0000000008000ab8       0x24 ./Drivers/STM32G0xx_HAL_Driver/Src/stm32g0xx_hal.o
                0x0000000008000ab8                HAL_IncTick
 .text.HAL_GetTick
                0x0000000008000adc       0x14 ./Drivers/STM32G0xx_HAL_Driver/Src/stm32g0xx_hal.o
                0x0000000008000adc                HAL_GetTick
 .text.__NVIC_EnableIRQ
                0x0000000008000af0       0x34 ./Drivers/STM32G0xx_HAL_Driver/Src/stm32g0xx_hal_cortex.o
 .text.__NVIC_SetPriority
                0x0000000008000b24       0xdc ./Drivers/STM32G0xx_HAL_Driver/Src/stm32g0xx_hal_cortex.o
 .text.HAL_NVIC_SetPriority
                0x0000000008000c00       0x2a ./Drivers/STM32G0xx_HAL_Driver/Src/stm32g0xx_hal_cortex.o
                0x0000000008000c00                HAL_NVIC_SetPriority
 .text.HAL_NVIC_EnableIRQ
                0x0000000008000c2a       0x20 ./Drivers/STM32G0xx_HAL_Driver/Src/stm32g0xx_hal_cortex.o
                0x0000000008000c2a                HAL_NVIC_EnableIRQ
 *fill*         0x0000000008000c4a        0x2 
 .text.HAL_GPIO_Init
                0x0000000008000c4c      0x2c8 ./Drivers/STM32G0xx_HAL_Driver/Src/stm32g0xx_hal_gpio.o
                0x0000000008000c4c                HAL_GPIO_Init
 .text.HAL_GPIO_ReadPin
                0x0000000008000f14       0x3a ./Drivers/STM32G0xx_HAL_Driver/Src/stm32g0xx_hal_gpio.o
                0x0000000008000f14                HAL_GPIO_ReadPin
 .text.HAL_GPIO_WritePin
                0x0000000008000f4e       0x3a ./Drivers/STM32G0xx_HAL_Driver/Src/stm32g0xx_hal_gpio.o
                0x0000000008000f4e                HAL_GPIO_WritePin
 .text.HAL_PWREx_ControlVoltageScaling
                0x0000000008000f88       0x80 ./Drivers/STM32G0xx_HAL_Driver/Src/stm32g0xx_hal_pwr_ex.o
                0x0000000008000f88                HAL_PWREx_ControlVoltageScaling
 .text.LL_RCC_GetAPB1Prescaler
                0x0000000008001008       0x18 ./Drivers/STM32G0xx_HAL_Driver/Src/stm32g0xx_hal_rcc.o
 .text.HAL_RCC_OscConfig
                0x0000000008001020      0x620 ./Drivers/STM32G0xx_HAL_Driver/Src/stm32g0xx_hal_rcc.o
                0x0000000008001020                HAL_RCC_OscConfig
 .text.HAL_RCC_ClockConfig
                0x0000000008001640      0x210 ./Drivers/STM32G0xx_HAL_Driver/Src/stm32g0xx_hal_rcc.o
                0x0000000008001640                HAL_RCC_ClockConfig
 .text.HAL_RCC_GetSysClockFreq
                0x0000000008001850      0x104 ./Drivers/STM32G0xx_HAL_Driver/Src/stm32g0xx_hal_rcc.o
                0x0000000008001850                HAL_RCC_GetSysClockFreq
 .text.HAL_RCC_GetHCLKFreq
                0x0000000008001954       0x14 ./Drivers/STM32G0xx_HAL_Driver/Src/stm32g0xx_hal_rcc.o
                0x0000000008001954                HAL_RCC_GetHCLKFreq
 .text.HAL_RCC_GetPCLK1Freq
                0x0000000008001968       0x2c ./Drivers/STM32G0xx_HAL_Driver/Src/stm32g0xx_hal_rcc.o
                0x0000000008001968                HAL_RCC_GetPCLK1Freq
 .text.HAL_RCC_GetClockConfig
                0x0000000008001994       0x54 ./Drivers/STM32G0xx_HAL_Driver/Src/stm32g0xx_hal_rcc.o
                0x0000000008001994                HAL_RCC_GetClockConfig
 .text.HAL_RCCEx_PeriphCLKConfig
                0x00000000080019e8      0x268 ./Drivers/STM32G0xx_HAL_Driver/Src/stm32g0xx_hal_rcc_ex.o
                0x00000000080019e8                HAL_RCCEx_PeriphCLKConfig
 .text.HAL_TIM_Base_Init
                0x0000000008001c50       0xb0 ./Drivers/STM32G0xx_HAL_Driver/Src/stm32g0xx_hal_tim.o
                0x0000000008001c50                HAL_TIM_Base_Init
 .text.HAL_TIM_Base_MspInit
                0x0000000008001d00       0x10 ./Drivers/STM32G0xx_HAL_Driver/Src/stm32g0xx_hal_tim.o
                0x0000000008001d00                HAL_TIM_Base_MspInit
 .text.HAL_TIM_Base_Start_IT
                0x0000000008001d10       0xac ./Drivers/STM32G0xx_HAL_Driver/Src/stm32g0xx_hal_tim.o
                0x0000000008001d10                HAL_TIM_Base_Start_IT
 .text.HAL_TIM_IRQHandler
                0x0000000008001dbc      0x264 ./Drivers/STM32G0xx_HAL_Driver/Src/stm32g0xx_hal_tim.o
                0x0000000008001dbc                HAL_TIM_IRQHandler
 .text.HAL_TIM_OC_DelayElapsedCallback
                0x0000000008002020       0x10 ./Drivers/STM32G0xx_HAL_Driver/Src/stm32g0xx_hal_tim.o
                0x0000000008002020                HAL_TIM_OC_DelayElapsedCallback
 .text.HAL_TIM_IC_CaptureCallback
                0x0000000008002030       0x10 ./Drivers/STM32G0xx_HAL_Driver/Src/stm32g0xx_hal_tim.o
                0x0000000008002030                HAL_TIM_IC_CaptureCallback
 .text.HAL_TIM_PWM_PulseFinishedCallback
                0x0000000008002040       0x10 ./Drivers/STM32G0xx_HAL_Driver/Src/stm32g0xx_hal_tim.o
                0x0000000008002040                HAL_TIM_PWM_PulseFinishedCallback
 .text.HAL_TIM_TriggerCallback
                0x0000000008002050       0x10 ./Drivers/STM32G0xx_HAL_Driver/Src/stm32g0xx_hal_tim.o
                0x0000000008002050                HAL_TIM_TriggerCallback
 .text.TIM_Base_SetConfig
                0x0000000008002060       0xec ./Drivers/STM32G0xx_HAL_Driver/Src/stm32g0xx_hal_tim.o
                0x0000000008002060                TIM_Base_SetConfig
 .text.HAL_TIMEx_CommutCallback
                0x000000000800214c       0x10 ./Drivers/STM32G0xx_HAL_Driver/Src/stm32g0xx_hal_tim_ex.o
                0x000000000800214c                HAL_TIMEx_CommutCallback
 .text.HAL_TIMEx_BreakCallback
                0x000000000800215c       0x10 ./Drivers/STM32G0xx_HAL_Driver/Src/stm32g0xx_hal_tim_ex.o
                0x000000000800215c                HAL_TIMEx_BreakCallback
 .text.HAL_TIMEx_Break2Callback
                0x000000000800216c       0x10 ./Drivers/STM32G0xx_HAL_Driver/Src/stm32g0xx_hal_tim_ex.o
                0x000000000800216c                HAL_TIMEx_Break2Callback
 .text.HAL_UART_Init
                0x000000000800217c       0xac ./Drivers/STM32G0xx_HAL_Driver/Src/stm32g0xx_hal_uart.o
                0x000000000800217c                HAL_UART_Init
 .text.HAL_UART_Transmit
                0x0000000008002228      0x138 ./Drivers/STM32G0xx_HAL_Driver/Src/stm32g0xx_hal_uart.o
                0x0000000008002228                HAL_UART_Transmit
 .text.UART_SetConfig
                0x0000000008002360      0x348 ./Drivers/STM32G0xx_HAL_Driver/Src/stm32g0xx_hal_uart.o
                0x0000000008002360                UART_SetConfig
 .text.UART_AdvFeatureConfig
                0x00000000080026a8      0x168 ./Drivers/STM32G0xx_HAL_Driver/Src/stm32g0xx_hal_uart.o
                0x00000000080026a8                UART_AdvFeatureConfig
 .text.UART_CheckIdleState
                0x0000000008002810       0x9c ./Drivers/STM32G0xx_HAL_Driver/Src/stm32g0xx_hal_uart.o
                0x0000000008002810                UART_CheckIdleState
 .text.UART_WaitOnFlagUntilTimeout
                0x00000000080028ac      0x190 ./Drivers/STM32G0xx_HAL_Driver/Src/stm32g0xx_hal_uart.o
                0x00000000080028ac                UART_WaitOnFlagUntilTimeout
 .text.HAL_UARTEx_DisableFifoMode
                0x0000000008002a3c       0x74 ./Drivers/STM32G0xx_HAL_Driver/Src/stm32g0xx_hal_uart_ex.o
                0x0000000008002a3c                HAL_UARTEx_DisableFifoMode
 .text.HAL_UARTEx_SetTxFifoThreshold
                0x0000000008002ab0       0x7e ./Drivers/STM32G0xx_HAL_Driver/Src/stm32g0xx_hal_uart_ex.o
                0x0000000008002ab0                HAL_UARTEx_SetTxFifoThreshold
 *fill*         0x0000000008002b2e        0x2 
 .text.HAL_UARTEx_SetRxFifoThreshold
                0x0000000008002b30       0x84 ./Drivers/STM32G0xx_HAL_Driver/Src/stm32g0xx_hal_uart_ex.o
                0x0000000008002b30                HAL_UARTEx_SetRxFifoThreshold
 .text.UARTEx_SetNbDataToProcess
                0x0000000008002bb4       0xbc ./Drivers/STM32G0xx_HAL_Driver/Src/stm32g0xx_hal_uart_ex.o
 .text.vListInitialise
                0x0000000008002c70       0x3c ./middleware/FreeRTOS/list.o
                0x0000000008002c70                vListInitialise
 .text.vListInitialiseItem
                0x0000000008002cac       0x16 ./middleware/FreeRTOS/list.o
                0x0000000008002cac                vListInitialiseItem
 .text.vListInsert
                0x0000000008002cc2       0x6c ./middleware/FreeRTOS/list.o
                0x0000000008002cc2                vListInsert
 .text.uxListRemove
                0x0000000008002d2e       0x50 ./middleware/FreeRTOS/list.o
                0x0000000008002d2e                uxListRemove
 .text.xQueueGenericReset
                0x0000000008002d7e      0x112 ./middleware/FreeRTOS/queue.o
                0x0000000008002d7e                xQueueGenericReset
 .text.xQueueGenericCreate
                0x0000000008002e90       0xbc ./middleware/FreeRTOS/queue.o
                0x0000000008002e90                xQueueGenericCreate
 .text.prvInitialiseNewQueue
                0x0000000008002f4c       0x4e ./middleware/FreeRTOS/queue.o
 .text.xQueueGenericSend
                0x0000000008002f9a      0x188 ./middleware/FreeRTOS/queue.o
                0x0000000008002f9a                xQueueGenericSend
 .text.xQueueGenericSendFromISR
                0x0000000008003122      0x10c ./middleware/FreeRTOS/queue.o
                0x0000000008003122                xQueueGenericSendFromISR
 .text.xQueueReceive
                0x000000000800322e      0x16a ./middleware/FreeRTOS/queue.o
                0x000000000800322e                xQueueReceive
 .text.prvCopyDataToQueue
                0x0000000008003398       0xd6 ./middleware/FreeRTOS/queue.o
 .text.prvCopyDataFromQueue
                0x000000000800346e       0x4c ./middleware/FreeRTOS/queue.o
 .text.prvUnlockQueue
                0x00000000080034ba       0xbc ./middleware/FreeRTOS/queue.o
 .text.prvIsQueueEmpty
                0x0000000008003576       0x2c ./middleware/FreeRTOS/queue.o
 .text.prvIsQueueFull
                0x00000000080035a2       0x30 ./middleware/FreeRTOS/queue.o
 *fill*         0x00000000080035d2        0x2 
 .text.vQueueAddToRegistry
                0x00000000080035d4       0x88 ./middleware/FreeRTOS/queue.o
                0x00000000080035d4                vQueueAddToRegistry
 .text.vQueueWaitForMessageRestricted
                0x000000000800365c       0x66 ./middleware/FreeRTOS/queue.o
                0x000000000800365c                vQueueWaitForMessageRestricted
 .text.xTaskCreate
                0x00000000080036c2       0x9c ./middleware/FreeRTOS/tasks.o
                0x00000000080036c2                xTaskCreate
 *fill*         0x000000000800375e        0x2 
 .text.prvInitialiseNewTask
                0x0000000008003760      0x100 ./middleware/FreeRTOS/tasks.o
 .text.prvAddNewTaskToReadyList
                0x0000000008003860      0x11c ./middleware/FreeRTOS/tasks.o
 .text.vTaskDelay
                0x000000000800397c       0x4c ./middleware/FreeRTOS/tasks.o
                0x000000000800397c                vTaskDelay
 .text.vTaskStartScheduler
                0x00000000080039c8       0x80 ./middleware/FreeRTOS/tasks.o
                0x00000000080039c8                vTaskStartScheduler
 .text.vTaskSuspendAll
                0x0000000008003a48       0x18 ./middleware/FreeRTOS/tasks.o
                0x0000000008003a48                vTaskSuspendAll
 .text.xTaskResumeAll
                0x0000000008003a60      0x1d0 ./middleware/FreeRTOS/tasks.o
                0x0000000008003a60                xTaskResumeAll
 .text.xTaskGetTickCount
                0x0000000008003c30       0x1c ./middleware/FreeRTOS/tasks.o
                0x0000000008003c30                xTaskGetTickCount
 .text.uxTaskGetNumberOfTasks
                0x0000000008003c4c       0x14 ./middleware/FreeRTOS/tasks.o
                0x0000000008003c4c                uxTaskGetNumberOfTasks
 .text.xTaskIncrementTick
                0x0000000008003c60      0x218 ./middleware/FreeRTOS/tasks.o
                0x0000000008003c60                xTaskIncrementTick
 .text.vTaskSwitchContext
                0x0000000008003e78       0xa4 ./middleware/FreeRTOS/tasks.o
                0x0000000008003e78                vTaskSwitchContext
 .text.vTaskPlaceOnEventList
                0x0000000008003f1c       0x3c ./middleware/FreeRTOS/tasks.o
                0x0000000008003f1c                vTaskPlaceOnEventList
 .text.vTaskPlaceOnEventListRestricted
                0x0000000008003f58       0x7c ./middleware/FreeRTOS/tasks.o
                0x0000000008003f58                vTaskPlaceOnEventListRestricted
 .text.xTaskRemoveFromEventList
                0x0000000008003fd4      0x194 ./middleware/FreeRTOS/tasks.o
                0x0000000008003fd4                xTaskRemoveFromEventList
 .text.vTaskInternalSetTimeOutState
                0x0000000008004168       0x28 ./middleware/FreeRTOS/tasks.o
                0x0000000008004168                vTaskInternalSetTimeOutState
 .text.xTaskCheckForTimeOut
                0x0000000008004190       0xa8 ./middleware/FreeRTOS/tasks.o
                0x0000000008004190                xTaskCheckForTimeOut
 .text.vTaskMissedYield
                0x0000000008004238       0x14 ./middleware/FreeRTOS/tasks.o
                0x0000000008004238                vTaskMissedYield
 .text.prvIdleTask
                0x000000000800424c       0x20 ./middleware/FreeRTOS/tasks.o
 .text.prvInitialiseTaskLists
                0x000000000800426c       0x88 ./middleware/FreeRTOS/tasks.o
 .text.prvCheckTasksWaitingTermination
                0x00000000080042f4       0x5c ./middleware/FreeRTOS/tasks.o
 .text.prvDeleteTCB
                0x0000000008004350       0x22 ./middleware/FreeRTOS/tasks.o
 *fill*         0x0000000008004372        0x2 
 .text.prvResetNextTaskUnblockTime
                0x0000000008004374       0x34 ./middleware/FreeRTOS/tasks.o
 .text.xTaskGetSchedulerState
                0x00000000080043a8       0x38 ./middleware/FreeRTOS/tasks.o
                0x00000000080043a8                xTaskGetSchedulerState
 .text.xTaskPriorityDisinherit
                0x00000000080043e0      0x104 ./middleware/FreeRTOS/tasks.o
                0x00000000080043e0                xTaskPriorityDisinherit
 .text.prvAddCurrentTaskToDelayedList
                0x00000000080044e4       0xdc ./middleware/FreeRTOS/tasks.o
 .text.xTimerCreateTimerTask
                0x00000000080045c0       0x54 ./middleware/FreeRTOS/timers.o
                0x00000000080045c0                xTimerCreateTimerTask
 .text.xTimerCreate
                0x0000000008004614       0x46 ./middleware/FreeRTOS/timers.o
                0x0000000008004614                xTimerCreate
 .text.prvInitialiseNewTimer
                0x000000000800465a       0x5e ./middleware/FreeRTOS/timers.o
 .text.xTimerGenericCommand
                0x00000000080046b8       0x94 ./middleware/FreeRTOS/timers.o
                0x00000000080046b8                xTimerGenericCommand
 .text.prvReloadTimer
                0x000000000800474c       0x42 ./middleware/FreeRTOS/timers.o
 *fill*         0x000000000800478e        0x2 
 .text.prvProcessExpiredTimer
                0x0000000008004790       0x64 ./middleware/FreeRTOS/timers.o
 .text.prvTimerTask
                0x00000000080047f4       0x28 ./middleware/FreeRTOS/timers.o
 .text.prvProcessTimerOrBlockTask
                0x000000000800481c       0x90 ./middleware/FreeRTOS/timers.o
 .text.prvGetNextExpireTime
                0x00000000080048ac       0x44 ./middleware/FreeRTOS/timers.o
 .text.prvSampleTimeNow
                0x00000000080048f0       0x40 ./middleware/FreeRTOS/timers.o
 .text.prvInsertTimerInActiveList
                0x0000000008004930       0x84 ./middleware/FreeRTOS/timers.o
 .text.prvProcessReceivedCommands
                0x00000000080049b4      0x15c ./middleware/FreeRTOS/timers.o
 .text.prvSwitchTimerLists
                0x0000000008004b10       0x50 ./middleware/FreeRTOS/timers.o
 .text.prvCheckForValidListAndQueue
                0x0000000008004b60       0x74 ./middleware/FreeRTOS/timers.o
 .text.pxPortInitialiseStack
                0x0000000008004bd4       0x54 ./middleware/FreeRTOS/portable/GCC/ARM_CM0/port.o
                0x0000000008004bd4                pxPortInitialiseStack
 .text.prvTaskExitError
                0x0000000008004c28       0x30 ./middleware/FreeRTOS/portable/GCC/ARM_CM0/port.o
 .text.SVC_Handler
                0x0000000008004c58        0xa ./middleware/FreeRTOS/portable/GCC/ARM_CM0/port.o
                0x0000000008004c58                SVC_Handler
 *fill*         0x0000000008004c62        0xe 
 .text.vPortStartFirstTask
                0x0000000008004c70       0x38 ./middleware/FreeRTOS/portable/GCC/ARM_CM0/port.o
 .text.xPortStartScheduler
                0x0000000008004ca8       0x48 ./middleware/FreeRTOS/portable/GCC/ARM_CM0/port.o
                0x0000000008004ca8                xPortStartScheduler
 .text.vPortYield
                0x0000000008004cf0       0x20 ./middleware/FreeRTOS/portable/GCC/ARM_CM0/port.o
                0x0000000008004cf0                vPortYield
 .text.vPortEnterCritical
                0x0000000008004d10       0x24 ./middleware/FreeRTOS/portable/GCC/ARM_CM0/port.o
                0x0000000008004d10                vPortEnterCritical
 .text.vPortExitCritical
                0x0000000008004d34       0x30 ./middleware/FreeRTOS/portable/GCC/ARM_CM0/port.o
                0x0000000008004d34                vPortExitCritical
 .text.ulSetInterruptMaskFromISR
                0x0000000008004d64        0xc ./middleware/FreeRTOS/portable/GCC/ARM_CM0/port.o
                0x0000000008004d64                ulSetInterruptMaskFromISR
 .text.vClearInterruptMaskFromISR
                0x0000000008004d70        0x8 ./middleware/FreeRTOS/portable/GCC/ARM_CM0/port.o
                0x0000000008004d70                vClearInterruptMaskFromISR
 *fill*         0x0000000008004d78        0x8 
 .text.PendSV_Handler
                0x0000000008004d80       0x48 ./middleware/FreeRTOS/portable/GCC/ARM_CM0/port.o
                0x0000000008004d80                PendSV_Handler
 .text.SysTick_Handler
                0x0000000008004dc8       0x34 ./middleware/FreeRTOS/portable/GCC/ARM_CM0/port.o
                0x0000000008004dc8                SysTick_Handler
 .text.vPortSetupTimerInterrupt
                0x0000000008004dfc       0x44 ./middleware/FreeRTOS/portable/GCC/ARM_CM0/port.o
                0x0000000008004dfc                vPortSetupTimerInterrupt
 .text.pvPortMalloc
                0x0000000008004e40      0x150 ./middleware/FreeRTOS/portable/MemMang/heap_4.o
                0x0000000008004e40                pvPortMalloc
 .text.vPortFree
                0x0000000008004f90       0x98 ./middleware/FreeRTOS/portable/MemMang/heap_4.o
                0x0000000008004f90                vPortFree
 .text.prvHeapInit
                0x0000000008005028       0xb4 ./middleware/FreeRTOS/portable/MemMang/heap_4.o
 .text.prvInsertBlockIntoFreeList
                0x00000000080050dc       0xb0 ./middleware/FreeRTOS/portable/MemMang/heap_4.o
 .text.__libc_init_array
                0x000000000800518c       0x48 /Applications/STM32CubeIDE.app/Contents/Eclipse/plugins/com.st.stm32cube.ide.mcu.externaltools.gnu-tools-for-stm32.10.3-2021.10.macos64_1.0.200.202301161003/tools/bin/../lib/gcc/arm-none-eabi/10.3.1/../../../../arm-none-eabi/lib/thumb/v6-m/nofp/libc_nano.a(lib_a-init.o)
                0x000000000800518c                __libc_init_array
 .text.memcpy   0x00000000080051d4       0x12 /Applications/STM32CubeIDE.app/Contents/Eclipse/plugins/com.st.stm32cube.ide.mcu.externaltools.gnu-tools-for-stm32.10.3-2021.10.macos64_1.0.200.202301161003/tools/bin/../lib/gcc/arm-none-eabi/10.3.1/../../../../arm-none-eabi/lib/thumb/v6-m/nofp/libc_nano.a(lib_a-memcpy-stub.o)
                0x00000000080051d4                memcpy
 .text.memset   0x00000000080051e6       0x10 /Applications/STM32CubeIDE.app/Contents/Eclipse/plugins/com.st.stm32cube.ide.mcu.externaltools.gnu-tools-for-stm32.10.3-2021.10.macos64_1.0.200.202301161003/tools/bin/../lib/gcc/arm-none-eabi/10.3.1/../../../../arm-none-eabi/lib/thumb/v6-m/nofp/libc_nano.a(lib_a-memset.o)
                0x00000000080051e6                memset
 *(.glue_7)
 .glue_7        0x00000000080051f6        0x0 linker stubs
 *(.glue_7t)
 .glue_7t       0x00000000080051f6        0x0 linker stubs
 *(.eh_frame)
 *fill*         0x00000000080051f6        0x2 
 .eh_frame      0x00000000080051f8        0x0 /Applications/STM32CubeIDE.app/Contents/Eclipse/plugins/com.st.stm32cube.ide.mcu.externaltools.gnu-tools-for-stm32.10.3-2021.10.macos64_1.0.200.202301161003/tools/bin/../lib/gcc/arm-none-eabi/10.3.1/thumb/v6-m/nofp/crtbegin.o
 *(.init)
 .init          0x00000000080051f8        0x4 /Applications/STM32CubeIDE.app/Contents/Eclipse/plugins/com.st.stm32cube.ide.mcu.externaltools.gnu-tools-for-stm32.10.3-2021.10.macos64_1.0.200.202301161003/tools/bin/../lib/gcc/arm-none-eabi/10.3.1/thumb/v6-m/nofp/crti.o
                0x00000000080051f8                _init
 .init          0x00000000080051fc        0x8 /Applications/STM32CubeIDE.app/Contents/Eclipse/plugins/com.st.stm32cube.ide.mcu.externaltools.gnu-tools-for-stm32.10.3-2021.10.macos64_1.0.200.202301161003/tools/bin/../lib/gcc/arm-none-eabi/10.3.1/thumb/v6-m/nofp/crtn.o
 *(.fini)
 .fini          0x0000000008005204        0x4 /Applications/STM32CubeIDE.app/Contents/Eclipse/plugins/com.st.stm32cube.ide.mcu.externaltools.gnu-tools-for-stm32.10.3-2021.10.macos64_1.0.200.202301161003/tools/bin/../lib/gcc/arm-none-eabi/10.3.1/thumb/v6-m/nofp/crti.o
                0x0000000008005204                _fini
 .fini          0x0000000008005208        0x8 /Applications/STM32CubeIDE.app/Contents/Eclipse/plugins/com.st.stm32cube.ide.mcu.externaltools.gnu-tools-for-stm32.10.3-2021.10.macos64_1.0.200.202301161003/tools/bin/../lib/gcc/arm-none-eabi/10.3.1/thumb/v6-m/nofp/crtn.o
                0x0000000008005210                . = ALIGN (0x4)
                0x0000000008005210                _etext = .

.vfp11_veneer   0x0000000008005210        0x0
 .vfp11_veneer  0x0000000008005210        0x0 linker stubs

.v4_bx          0x0000000008005210        0x0
 .v4_bx         0x0000000008005210        0x0 linker stubs

.iplt           0x0000000008005210        0x0
 .iplt          0x0000000008005210        0x0 /Applications/STM32CubeIDE.app/Contents/Eclipse/plugins/com.st.stm32cube.ide.mcu.externaltools.gnu-tools-for-stm32.10.3-2021.10.macos64_1.0.200.202301161003/tools/bin/../lib/gcc/arm-none-eabi/10.3.1/thumb/v6-m/nofp/crtbegin.o

.rodata         0x0000000008005210      0x12c
                0x0000000008005210                . = ALIGN (0x4)
 *(.rodata)
 .rodata        0x0000000008005210       0x64 ./Core/Src/main.o
 .rodata        0x0000000008005274        0x5 ./middleware/FreeRTOS/tasks.o
 *fill*         0x0000000008005279        0x3 
 .rodata        0x000000000800527c        0xd ./middleware/FreeRTOS/timers.o
 *(.rodata*)
 *fill*         0x0000000008005289        0x3 
 .rodata.AHBPrescTable
                0x000000000800528c       0x40 ./Core/Src/system_stm32g0xx.o
                0x000000000800528c                AHBPrescTable
 .rodata.APBPrescTable
                0x00000000080052cc       0x20 ./Core/Src/system_stm32g0xx.o
                0x00000000080052cc                APBPrescTable
 .rodata.UARTPrescTable
                0x00000000080052ec       0x18 ./Drivers/STM32G0xx_HAL_Driver/Src/stm32g0xx_hal_uart.o
                0x00000000080052ec                UARTPrescTable
 .rodata.numerator.1
                0x0000000008005304        0x8 ./Drivers/STM32G0xx_HAL_Driver/Src/stm32g0xx_hal_uart_ex.o
 .rodata.denominator.0
                0x000000000800530c        0x8 ./Drivers/STM32G0xx_HAL_Driver/Src/stm32g0xx_hal_uart_ex.o
 .rodata.prvProcessReceivedCommands
                0x0000000008005314       0x28 ./middleware/FreeRTOS/timers.o
                0x000000000800533c                . = ALIGN (0x4)

.rel.dyn        0x000000000800533c        0x0
 .rel.iplt      0x000000000800533c        0x0 /Applications/STM32CubeIDE.app/Contents/Eclipse/plugins/com.st.stm32cube.ide.mcu.externaltools.gnu-tools-for-stm32.10.3-2021.10.macos64_1.0.200.202301161003/tools/bin/../lib/gcc/arm-none-eabi/10.3.1/thumb/v6-m/nofp/crtbegin.o

.ARM.extab      0x000000000800533c        0x0
                0x000000000800533c                . = ALIGN (0x4)
 *(.ARM.extab* .gnu.linkonce.armextab.*)
                0x000000000800533c                . = ALIGN (0x4)

.ARM            0x000000000800533c        0x0
                0x000000000800533c                . = ALIGN (0x4)
                0x000000000800533c                __exidx_start = .
 *(.ARM.exidx*)
                0x000000000800533c                __exidx_end = .
                0x000000000800533c                . = ALIGN (0x4)

.preinit_array  0x000000000800533c        0x0
                0x000000000800533c                . = ALIGN (0x4)
                0x000000000800533c                PROVIDE (__preinit_array_start = .)
 *(.preinit_array*)
                0x000000000800533c                PROVIDE (__preinit_array_end = .)
                0x000000000800533c                . = ALIGN (0x4)

.init_array     0x000000000800533c        0x4
                0x000000000800533c                . = ALIGN (0x4)
                0x000000000800533c                PROVIDE (__init_array_start = .)
 *(SORT_BY_NAME(.init_array.*))
 *(.init_array*)
 .init_array    0x000000000800533c        0x4 /Applications/STM32CubeIDE.app/Contents/Eclipse/plugins/com.st.stm32cube.ide.mcu.externaltools.gnu-tools-for-stm32.10.3-2021.10.macos64_1.0.200.202301161003/tools/bin/../lib/gcc/arm-none-eabi/10.3.1/thumb/v6-m/nofp/crtbegin.o
                0x0000000008005340                PROVIDE (__init_array_end = .)
                0x0000000008005340                . = ALIGN (0x4)

.fini_array     0x0000000008005340        0x4
                0x0000000008005340                . = ALIGN (0x4)
                [!provide]                        PROVIDE (__fini_array_start = .)
 *(SORT_BY_NAME(.fini_array.*))
 *(.fini_array*)
 .fini_array    0x0000000008005340        0x4 /Applications/STM32CubeIDE.app/Contents/Eclipse/plugins/com.st.stm32cube.ide.mcu.externaltools.gnu-tools-for-stm32.10.3-2021.10.macos64_1.0.200.202301161003/tools/bin/../lib/gcc/arm-none-eabi/10.3.1/thumb/v6-m/nofp/crtbegin.o
                [!provide]                        PROVIDE (__fini_array_end = .)
                0x0000000008005344                . = ALIGN (0x4)
                0x0000000008005344                _sidata = LOADADDR (.data)

.data           0x0000000020000000       0x14 load address 0x0000000008005344
                0x0000000020000000                . = ALIGN (0x4)
                0x0000000020000000                _sdata = .
 *(.data)
 *(.data*)
 .data.SystemCoreClock
                0x0000000020000000        0x4 ./Core/Src/system_stm32g0xx.o
                0x0000000020000000                SystemCoreClock
 .data.uwTickPrio
                0x0000000020000004        0x4 ./Drivers/STM32G0xx_HAL_Driver/Src/stm32g0xx_hal.o
                0x0000000020000004                uwTickPrio
 .data.uwTickFreq
                0x0000000020000008        0x1 ./Drivers/STM32G0xx_HAL_Driver/Src/stm32g0xx_hal.o
                0x0000000020000008                uwTickFreq
 *fill*         0x0000000020000009        0x3 
 .data.uxTopUsedPriority
                0x000000002000000c        0x4 ./middleware/FreeRTOS/tasks.o
                0x000000002000000c                uxTopUsedPriority
 .data.uxCriticalNesting
                0x0000000020000010        0x4 ./middleware/FreeRTOS/portable/GCC/ARM_CM0/port.o
 *(.RamFunc)
 *(.RamFunc*)
                0x0000000020000014                . = ALIGN (0x4)
                0x0000000020000014                _edata = .

.igot.plt       0x0000000020000014        0x0 load address 0x0000000008005358
 .igot.plt      0x0000000020000014        0x0 /Applications/STM32CubeIDE.app/Contents/Eclipse/plugins/com.st.stm32cube.ide.mcu.externaltools.gnu-tools-for-stm32.10.3-2021.10.macos64_1.0.200.202301161003/tools/bin/../lib/gcc/arm-none-eabi/10.3.1/thumb/v6-m/nofp/crtbegin.o
                0x0000000020000014                . = ALIGN (0x4)

.bss            0x0000000020000014     0x1c10 load address 0x0000000008005358
                0x0000000020000014                _sbss = .
                0x0000000020000014                __bss_start__ = _sbss
 *(.bss)
 .bss           0x0000000020000014       0x1c /Applications/STM32CubeIDE.app/Contents/Eclipse/plugins/com.st.stm32cube.ide.mcu.externaltools.gnu-tools-for-stm32.10.3-2021.10.macos64_1.0.200.202301161003/tools/bin/../lib/gcc/arm-none-eabi/10.3.1/thumb/v6-m/nofp/crtbegin.o
 *(.bss*)
 .bss.huart2    0x0000000020000030       0x94 ./Core/Src/main.o
                0x0000000020000030                huart2
 .bss.PTHandle  0x00000000200000c4        0x4 ./Core/Src/main.o
                0x00000000200000c4                PTHandle
 .bss.OTHandle  0x00000000200000c8        0x4 ./Core/Src/main.o
                0x00000000200000c8                OTHandle
 .bss.uartHandle
                0x00000000200000cc        0x4 ./Core/Src/main.o
                0x00000000200000cc                uartHandle
 .bss.ledHandle
                0x00000000200000d0        0x4 ./Core/Src/main.o
                0x00000000200000d0                ledHandle
 .bss.htim3     0x00000000200000d4       0x4c ./Core/Src/stm32g0xx_hal_timebase_tim.o
                0x00000000200000d4                htim3
 .bss.uwTick    0x0000000020000120        0x4 ./Drivers/STM32G0xx_HAL_Driver/Src/stm32g0xx_hal.o
                0x0000000020000120                uwTick
 .bss.xQueueRegistry
                0x0000000020000124       0x40 ./middleware/FreeRTOS/queue.o
                0x0000000020000124                xQueueRegistry
 .bss.pxCurrentTCB
                0x0000000020000164        0x4 ./middleware/FreeRTOS/tasks.o
                0x0000000020000164                pxCurrentTCB
 .bss.pxReadyTasksLists
                0x0000000020000168       0x64 ./middleware/FreeRTOS/tasks.o
 .bss.xDelayedTaskList1
                0x00000000200001cc       0x14 ./middleware/FreeRTOS/tasks.o
 .bss.xDelayedTaskList2
                0x00000000200001e0       0x14 ./middleware/FreeRTOS/tasks.o
 .bss.pxDelayedTaskList
                0x00000000200001f4        0x4 ./middleware/FreeRTOS/tasks.o
 .bss.pxOverflowDelayedTaskList
                0x00000000200001f8        0x4 ./middleware/FreeRTOS/tasks.o
 .bss.xPendingReadyList
                0x00000000200001fc       0x14 ./middleware/FreeRTOS/tasks.o
 .bss.xTasksWaitingTermination
                0x0000000020000210       0x14 ./middleware/FreeRTOS/tasks.o
 .bss.uxDeletedTasksWaitingCleanUp
                0x0000000020000224        0x4 ./middleware/FreeRTOS/tasks.o
 .bss.xSuspendedTaskList
                0x0000000020000228       0x14 ./middleware/FreeRTOS/tasks.o
 .bss.uxCurrentNumberOfTasks
                0x000000002000023c        0x4 ./middleware/FreeRTOS/tasks.o
 .bss.xTickCount
                0x0000000020000240        0x4 ./middleware/FreeRTOS/tasks.o
 .bss.uxTopReadyPriority
                0x0000000020000244        0x4 ./middleware/FreeRTOS/tasks.o
 .bss.xSchedulerRunning
                0x0000000020000248        0x4 ./middleware/FreeRTOS/tasks.o
 .bss.xPendedTicks
                0x000000002000024c        0x4 ./middleware/FreeRTOS/tasks.o
 .bss.xYieldPending
                0x0000000020000250        0x4 ./middleware/FreeRTOS/tasks.o
 .bss.xNumOfOverflows
                0x0000000020000254        0x4 ./middleware/FreeRTOS/tasks.o
 .bss.uxTaskNumber
                0x0000000020000258        0x4 ./middleware/FreeRTOS/tasks.o
 .bss.xNextTaskUnblockTime
                0x000000002000025c        0x4 ./middleware/FreeRTOS/tasks.o
 .bss.xIdleTaskHandle
                0x0000000020000260        0x4 ./middleware/FreeRTOS/tasks.o
 .bss.uxSchedulerSuspended
                0x0000000020000264        0x4 ./middleware/FreeRTOS/tasks.o
 .bss.xActiveTimerList1
                0x0000000020000268       0x14 ./middleware/FreeRTOS/timers.o
 .bss.xActiveTimerList2
                0x000000002000027c       0x14 ./middleware/FreeRTOS/timers.o
 .bss.pxCurrentTimerList
                0x0000000020000290        0x4 ./middleware/FreeRTOS/timers.o
 .bss.pxOverflowTimerList
                0x0000000020000294        0x4 ./middleware/FreeRTOS/timers.o
 .bss.xTimerQueue
                0x0000000020000298        0x4 ./middleware/FreeRTOS/timers.o
 .bss.xTimerTaskHandle
                0x000000002000029c        0x4 ./middleware/FreeRTOS/timers.o
 .bss.xLastTime.0
                0x00000000200002a0        0x4 ./middleware/FreeRTOS/timers.o
 .bss.ucHeap    0x00000000200002a4     0x1964 ./middleware/FreeRTOS/portable/MemMang/heap_4.o
 .bss.xStart    0x0000000020001c08        0x8 ./middleware/FreeRTOS/portable/MemMang/heap_4.o
 .bss.pxEnd     0x0000000020001c10        0x4 ./middleware/FreeRTOS/portable/MemMang/heap_4.o
 .bss.xFreeBytesRemaining
                0x0000000020001c14        0x4 ./middleware/FreeRTOS/portable/MemMang/heap_4.o
 .bss.xMinimumEverFreeBytesRemaining
                0x0000000020001c18        0x4 ./middleware/FreeRTOS/portable/MemMang/heap_4.o
 .bss.xNumberOfSuccessfulAllocations
                0x0000000020001c1c        0x4 ./middleware/FreeRTOS/portable/MemMang/heap_4.o
 .bss.xNumberOfSuccessfulFrees
                0x0000000020001c20        0x4 ./middleware/FreeRTOS/portable/MemMang/heap_4.o
 *(COMMON)
                0x0000000020001c24                . = ALIGN (0x4)
                0x0000000020001c24                _ebss = .
                0x0000000020001c24                __bss_end__ = _ebss

._user_heap_stack
                0x0000000020001c24      0x604 load address 0x0000000008005358
                0x0000000020001c28                . = ALIGN (0x8)
 *fill*         0x0000000020001c24        0x4 
                [!provide]                        PROVIDE (end = .)
                [!provide]                        PROVIDE (_end = .)
                0x0000000020001e28                . = (. + _Min_Heap_Size)
 *fill*         0x0000000020001c28      0x200 
                0x0000000020002228                . = (. + _Min_Stack_Size)
 *fill*         0x0000000020001e28      0x400 
                0x0000000020002228                . = ALIGN (0x8)

/DISCARD/
 libc.a(*)
 libm.a(*)
 libgcc.a(*)

.ARM.attributes
                0x0000000000000000       0x28
 *(.ARM.attributes)
 .ARM.attributes
                0x0000000000000000       0x1e /Applications/STM32CubeIDE.app/Contents/Eclipse/plugins/com.st.stm32cube.ide.mcu.externaltools.gnu-tools-for-stm32.10.3-2021.10.macos64_1.0.200.202301161003/tools/bin/../lib/gcc/arm-none-eabi/10.3.1/thumb/v6-m/nofp/crti.o
 .ARM.attributes
                0x000000000000001e       0x2c /Applications/STM32CubeIDE.app/Contents/Eclipse/plugins/com.st.stm32cube.ide.mcu.externaltools.gnu-tools-for-stm32.10.3-2021.10.macos64_1.0.200.202301161003/tools/bin/../lib/gcc/arm-none-eabi/10.3.1/thumb/v6-m/nofp/crtbegin.o
 .ARM.attributes
                0x000000000000004a       0x2c ./Core/Src/main.o
 .ARM.attributes
                0x0000000000000076       0x2c ./Core/Src/stm32g0xx_hal_msp.o
 .ARM.attributes
                0x00000000000000a2       0x2c ./Core/Src/stm32g0xx_hal_timebase_tim.o
 .ARM.attributes
                0x00000000000000ce       0x2c ./Core/Src/stm32g0xx_it.o
 .ARM.attributes
                0x00000000000000fa       0x2c ./Core/Src/system_stm32g0xx.o
 .ARM.attributes
                0x0000000000000126       0x22 ./Core/Startup/startup_stm32g070rbtx.o
 .ARM.attributes
                0x0000000000000148       0x2c ./Drivers/STM32G0xx_HAL_Driver/Src/stm32g0xx_hal.o
 .ARM.attributes
                0x0000000000000174       0x2c ./Drivers/STM32G0xx_HAL_Driver/Src/stm32g0xx_hal_cortex.o
 .ARM.attributes
                0x00000000000001a0       0x2c ./Drivers/STM32G0xx_HAL_Driver/Src/stm32g0xx_hal_gpio.o
 .ARM.attributes
                0x00000000000001cc       0x2c ./Drivers/STM32G0xx_HAL_Driver/Src/stm32g0xx_hal_pwr_ex.o
 .ARM.attributes
                0x00000000000001f8       0x2c ./Drivers/STM32G0xx_HAL_Driver/Src/stm32g0xx_hal_rcc.o
 .ARM.attributes
                0x0000000000000224       0x2c ./Drivers/STM32G0xx_HAL_Driver/Src/stm32g0xx_hal_rcc_ex.o
 .ARM.attributes
                0x0000000000000250       0x2c ./Drivers/STM32G0xx_HAL_Driver/Src/stm32g0xx_hal_tim.o
 .ARM.attributes
                0x000000000000027c       0x2c ./Drivers/STM32G0xx_HAL_Driver/Src/stm32g0xx_hal_tim_ex.o
 .ARM.attributes
                0x00000000000002a8       0x2c ./Drivers/STM32G0xx_HAL_Driver/Src/stm32g0xx_hal_uart.o
 .ARM.attributes
                0x00000000000002d4       0x2c ./Drivers/STM32G0xx_HAL_Driver/Src/stm32g0xx_hal_uart_ex.o
 .ARM.attributes
                0x0000000000000300       0x2c ./middleware/FreeRTOS/list.o
 .ARM.attributes
                0x000000000000032c       0x2c ./middleware/FreeRTOS/queue.o
 .ARM.attributes
                0x0000000000000358       0x2c ./middleware/FreeRTOS/tasks.o
 .ARM.attributes
                0x0000000000000384       0x2c ./middleware/FreeRTOS/timers.o
 .ARM.attributes
                0x00000000000003b0       0x2c ./middleware/FreeRTOS/portable/GCC/ARM_CM0/port.o
 .ARM.attributes
                0x00000000000003dc       0x2c ./middleware/FreeRTOS/portable/MemMang/heap_4.o
 .ARM.attributes
                0x0000000000000408       0x2c /Applications/STM32CubeIDE.app/Contents/Eclipse/plugins/com.st.stm32cube.ide.mcu.externaltools.gnu-tools-for-stm32.10.3-2021.10.macos64_1.0.200.202301161003/tools/bin/../lib/gcc/arm-none-eabi/10.3.1/../../../../arm-none-eabi/lib/thumb/v6-m/nofp/libc_nano.a(lib_a-init.o)
 .ARM.attributes
                0x0000000000000434       0x2c /Applications/STM32CubeIDE.app/Contents/Eclipse/plugins/com.st.stm32cube.ide.mcu.externaltools.gnu-tools-for-stm32.10.3-2021.10.macos64_1.0.200.202301161003/tools/bin/../lib/gcc/arm-none-eabi/10.3.1/../../../../arm-none-eabi/lib/thumb/v6-m/nofp/libc_nano.a(lib_a-memcpy-stub.o)
 .ARM.attributes
                0x0000000000000460       0x2c /Applications/STM32CubeIDE.app/Contents/Eclipse/plugins/com.st.stm32cube.ide.mcu.externaltools.gnu-tools-for-stm32.10.3-2021.10.macos64_1.0.200.202301161003/tools/bin/../lib/gcc/arm-none-eabi/10.3.1/../../../../arm-none-eabi/lib/thumb/v6-m/nofp/libc_nano.a(lib_a-memset.o)
 .ARM.attributes
                0x000000000000048c       0x1e /Applications/STM32CubeIDE.app/Contents/Eclipse/plugins/com.st.stm32cube.ide.mcu.externaltools.gnu-tools-for-stm32.10.3-2021.10.macos64_1.0.200.202301161003/tools/bin/../lib/gcc/arm-none-eabi/10.3.1/thumb/v6-m/nofp/libgcc.a(_udivsi3.o)
 .ARM.attributes
                0x00000000000004aa       0x1e /Applications/STM32CubeIDE.app/Contents/Eclipse/plugins/com.st.stm32cube.ide.mcu.externaltools.gnu-tools-for-stm32.10.3-2021.10.macos64_1.0.200.202301161003/tools/bin/../lib/gcc/arm-none-eabi/10.3.1/thumb/v6-m/nofp/libgcc.a(_divsi3.o)
 .ARM.attributes
                0x00000000000004c8       0x1e /Applications/STM32CubeIDE.app/Contents/Eclipse/plugins/com.st.stm32cube.ide.mcu.externaltools.gnu-tools-for-stm32.10.3-2021.10.macos64_1.0.200.202301161003/tools/bin/../lib/gcc/arm-none-eabi/10.3.1/thumb/v6-m/nofp/libgcc.a(_dvmd_tls.o)
 .ARM.attributes
                0x00000000000004e6       0x1e /Applications/STM32CubeIDE.app/Contents/Eclipse/plugins/com.st.stm32cube.ide.mcu.externaltools.gnu-tools-for-stm32.10.3-2021.10.macos64_1.0.200.202301161003/tools/bin/../lib/gcc/arm-none-eabi/10.3.1/thumb/v6-m/nofp/crtn.o
OUTPUT(Timer_interrupt.elf elf32-littlearm)
LOAD linker stubs
LOAD /Applications/STM32CubeIDE.app/Contents/Eclipse/plugins/com.st.stm32cube.ide.mcu.externaltools.gnu-tools-for-stm32.10.3-2021.10.macos64_1.0.200.202301161003/tools/bin/../lib/gcc/arm-none-eabi/10.3.1/../../../../arm-none-eabi/lib/thumb/v6-m/nofp/libc.a
LOAD /Applications/STM32CubeIDE.app/Contents/Eclipse/plugins/com.st.stm32cube.ide.mcu.externaltools.gnu-tools-for-stm32.10.3-2021.10.macos64_1.0.200.202301161003/tools/bin/../lib/gcc/arm-none-eabi/10.3.1/../../../../arm-none-eabi/lib/thumb/v6-m/nofp/libm.a
LOAD /Applications/STM32CubeIDE.app/Contents/Eclipse/plugins/com.st.stm32cube.ide.mcu.externaltools.gnu-tools-for-stm32.10.3-2021.10.macos64_1.0.200.202301161003/tools/bin/../lib/gcc/arm-none-eabi/10.3.1/thumb/v6-m/nofp/libgcc.a

.debug_info     0x0000000000000000    0x1538b
 .debug_info    0x0000000000000000     0x14b9 ./Core/Src/main.o
 .debug_info    0x00000000000014b9      0xbfc ./Core/Src/stm32g0xx_hal_msp.o
 .debug_info    0x00000000000020b5      0xbd5 ./Core/Src/stm32g0xx_hal_timebase_tim.o
 .debug_info    0x0000000000002c8a      0x7ee ./Core/Src/stm32g0xx_it.o
 .debug_info    0x0000000000003478      0x34d ./Core/Src/system_stm32g0xx.o
 .debug_info    0x00000000000037c5       0x22 ./Core/Startup/startup_stm32g070rbtx.o
 .debug_info    0x00000000000037e7      0x942 ./Drivers/STM32G0xx_HAL_Driver/Src/stm32g0xx_hal.o
 .debug_info    0x0000000000004129      0x8f5 ./Drivers/STM32G0xx_HAL_Driver/Src/stm32g0xx_hal_cortex.o
 .debug_info    0x0000000000004a1e      0x5d7 ./Drivers/STM32G0xx_HAL_Driver/Src/stm32g0xx_hal_gpio.o
 .debug_info    0x0000000000004ff5      0x4e8 ./Drivers/STM32G0xx_HAL_Driver/Src/stm32g0xx_hal_pwr_ex.o
 .debug_info    0x00000000000054dd      0xb1c ./Drivers/STM32G0xx_HAL_Driver/Src/stm32g0xx_hal_rcc.o
 .debug_info    0x0000000000005ff9      0x7dd ./Drivers/STM32G0xx_HAL_Driver/Src/stm32g0xx_hal_rcc_ex.o
 .debug_info    0x00000000000067d6     0x2e15 ./Drivers/STM32G0xx_HAL_Driver/Src/stm32g0xx_hal_tim.o
 .debug_info    0x00000000000095eb     0x1a19 ./Drivers/STM32G0xx_HAL_Driver/Src/stm32g0xx_hal_tim_ex.o
 .debug_info    0x000000000000b004     0x49de ./Drivers/STM32G0xx_HAL_Driver/Src/stm32g0xx_hal_uart.o
 .debug_info    0x000000000000f9e2     0x1032 ./Drivers/STM32G0xx_HAL_Driver/Src/stm32g0xx_hal_uart_ex.o
 .debug_info    0x0000000000010a14      0x2d1 ./middleware/FreeRTOS/list.o
 .debug_info    0x0000000000010ce5     0x1374 ./middleware/FreeRTOS/queue.o
 .debug_info    0x0000000000012059     0x1e7f ./middleware/FreeRTOS/tasks.o
 .debug_info    0x0000000000013ed8      0xd46 ./middleware/FreeRTOS/timers.o
 .debug_info    0x0000000000014c1e      0x2a0 ./middleware/FreeRTOS/portable/GCC/ARM_CM0/port.o
 .debug_info    0x0000000000014ebe      0x4cd ./middleware/FreeRTOS/portable/MemMang/heap_4.o

.debug_abbrev   0x0000000000000000     0x2f4a
 .debug_abbrev  0x0000000000000000      0x2ea ./Core/Src/main.o
 .debug_abbrev  0x00000000000002ea      0x1c5 ./Core/Src/stm32g0xx_hal_msp.o
 .debug_abbrev  0x00000000000004af      0x213 ./Core/Src/stm32g0xx_hal_timebase_tim.o
 .debug_abbrev  0x00000000000006c2      0x19a ./Core/Src/stm32g0xx_it.o
 .debug_abbrev  0x000000000000085c      0x116 ./Core/Src/system_stm32g0xx.o
 .debug_abbrev  0x0000000000000972       0x12 ./Core/Startup/startup_stm32g070rbtx.o
 .debug_abbrev  0x0000000000000984      0x2a9 ./Drivers/STM32G0xx_HAL_Driver/Src/stm32g0xx_hal.o
 .debug_abbrev  0x0000000000000c2d      0x29f ./Drivers/STM32G0xx_HAL_Driver/Src/stm32g0xx_hal_cortex.o
 .debug_abbrev  0x0000000000000ecc      0x1b9 ./Drivers/STM32G0xx_HAL_Driver/Src/stm32g0xx_hal_gpio.o
 .debug_abbrev  0x0000000000001085      0x1d1 ./Drivers/STM32G0xx_HAL_Driver/Src/stm32g0xx_hal_pwr_ex.o
 .debug_abbrev  0x0000000000001256      0x2a3 ./Drivers/STM32G0xx_HAL_Driver/Src/stm32g0xx_hal_rcc.o
 .debug_abbrev  0x00000000000014f9      0x21a ./Drivers/STM32G0xx_HAL_Driver/Src/stm32g0xx_hal_rcc_ex.o
 .debug_abbrev  0x0000000000001713      0x286 ./Drivers/STM32G0xx_HAL_Driver/Src/stm32g0xx_hal_tim.o
 .debug_abbrev  0x0000000000001999      0x292 ./Drivers/STM32G0xx_HAL_Driver/Src/stm32g0xx_hal_tim_ex.o
 .debug_abbrev  0x0000000000001c2b      0x310 ./Drivers/STM32G0xx_HAL_Driver/Src/stm32g0xx_hal_uart.o
 .debug_abbrev  0x0000000000001f3b      0x2d5 ./Drivers/STM32G0xx_HAL_Driver/Src/stm32g0xx_hal_uart_ex.o
 .debug_abbrev  0x0000000000002210       0xf2 ./middleware/FreeRTOS/list.o
 .debug_abbrev  0x0000000000002302      0x2b6 ./middleware/FreeRTOS/queue.o
 .debug_abbrev  0x00000000000025b8      0x313 ./middleware/FreeRTOS/tasks.o
 .debug_abbrev  0x00000000000028cb      0x2a5 ./middleware/FreeRTOS/timers.o
 .debug_abbrev  0x0000000000002b70      0x1ee ./middleware/FreeRTOS/portable/GCC/ARM_CM0/port.o
 .debug_abbrev  0x0000000000002d5e      0x1ec ./middleware/FreeRTOS/portable/MemMang/heap_4.o

.debug_aranges  0x0000000000000000     0x1288
 .debug_aranges
                0x0000000000000000       0x60 ./Core/Src/main.o
 .debug_aranges
                0x0000000000000060       0x30 ./Core/Src/stm32g0xx_hal_msp.o
 .debug_aranges
                0x0000000000000090       0x30 ./Core/Src/stm32g0xx_hal_timebase_tim.o
 .debug_aranges
                0x00000000000000c0       0x30 ./Core/Src/stm32g0xx_it.o
 .debug_aranges
                0x00000000000000f0       0x28 ./Core/Src/system_stm32g0xx.o
 .debug_aranges
                0x0000000000000118       0x28 ./Core/Startup/startup_stm32g070rbtx.o
 .debug_aranges
                0x0000000000000140       0xf8 ./Drivers/STM32G0xx_HAL_Driver/Src/stm32g0xx_hal.o
 .debug_aranges
                0x0000000000000238       0xd8 ./Drivers/STM32G0xx_HAL_Driver/Src/stm32g0xx_hal_cortex.o
 .debug_aranges
                0x0000000000000310       0x60 ./Drivers/STM32G0xx_HAL_Driver/Src/stm32g0xx_hal_gpio.o
 .debug_aranges
                0x0000000000000370       0x98 ./Drivers/STM32G0xx_HAL_Driver/Src/stm32g0xx_hal_pwr_ex.o
 .debug_aranges
                0x0000000000000408       0xa0 ./Drivers/STM32G0xx_HAL_Driver/Src/stm32g0xx_hal_rcc.o
 .debug_aranges
                0x00000000000004a8       0x40 ./Drivers/STM32G0xx_HAL_Driver/Src/stm32g0xx_hal_rcc_ex.o
 .debug_aranges
                0x00000000000004e8      0x3e0 ./Drivers/STM32G0xx_HAL_Driver/Src/stm32g0xx_hal_tim.o
 .debug_aranges
                0x00000000000008c8      0x198 ./Drivers/STM32G0xx_HAL_Driver/Src/stm32g0xx_hal_tim_ex.o
 .debug_aranges
                0x0000000000000a60      0x248 ./Drivers/STM32G0xx_HAL_Driver/Src/stm32g0xx_hal_uart.o
 .debug_aranges
                0x0000000000000ca8       0xa8 ./Drivers/STM32G0xx_HAL_Driver/Src/stm32g0xx_hal_uart_ex.o
 .debug_aranges
                0x0000000000000d50       0x40 ./middleware/FreeRTOS/list.o
 .debug_aranges
                0x0000000000000d90      0x130 ./middleware/FreeRTOS/queue.o
 .debug_aranges
                0x0000000000000ec0      0x1f8 ./middleware/FreeRTOS/tasks.o
 .debug_aranges
                0x00000000000010b8       0xe8 ./middleware/FreeRTOS/timers.o
 .debug_aranges
                0x00000000000011a0       0x88 ./middleware/FreeRTOS/portable/GCC/ARM_CM0/port.o
 .debug_aranges
                0x0000000000001228       0x60 ./middleware/FreeRTOS/portable/MemMang/heap_4.o

.debug_ranges   0x0000000000000000     0x1160
 .debug_ranges  0x0000000000000000       0x50 ./Core/Src/main.o
 .debug_ranges  0x0000000000000050       0x20 ./Core/Src/stm32g0xx_hal_msp.o
 .debug_ranges  0x0000000000000070       0x20 ./Core/Src/stm32g0xx_hal_timebase_tim.o
 .debug_ranges  0x0000000000000090       0x20 ./Core/Src/stm32g0xx_it.o
 .debug_ranges  0x00000000000000b0       0x18 ./Core/Src/system_stm32g0xx.o
 .debug_ranges  0x00000000000000c8       0x20 ./Core/Startup/startup_stm32g070rbtx.o
 .debug_ranges  0x00000000000000e8       0xe8 ./Drivers/STM32G0xx_HAL_Driver/Src/stm32g0xx_hal.o
 .debug_ranges  0x00000000000001d0       0xc8 ./Drivers/STM32G0xx_HAL_Driver/Src/stm32g0xx_hal_cortex.o
 .debug_ranges  0x0000000000000298       0x50 ./Drivers/STM32G0xx_HAL_Driver/Src/stm32g0xx_hal_gpio.o
 .debug_ranges  0x00000000000002e8       0x88 ./Drivers/STM32G0xx_HAL_Driver/Src/stm32g0xx_hal_pwr_ex.o
 .debug_ranges  0x0000000000000370       0x90 ./Drivers/STM32G0xx_HAL_Driver/Src/stm32g0xx_hal_rcc.o
 .debug_ranges  0x0000000000000400       0x30 ./Drivers/STM32G0xx_HAL_Driver/Src/stm32g0xx_hal_rcc_ex.o
 .debug_ranges  0x0000000000000430      0x3d0 ./Drivers/STM32G0xx_HAL_Driver/Src/stm32g0xx_hal_tim.o
 .debug_ranges  0x0000000000000800      0x188 ./Drivers/STM32G0xx_HAL_Driver/Src/stm32g0xx_hal_tim_ex.o
 .debug_ranges  0x0000000000000988      0x268 ./Drivers/STM32G0xx_HAL_Driver/Src/stm32g0xx_hal_uart.o
 .debug_ranges  0x0000000000000bf0       0x98 ./Drivers/STM32G0xx_HAL_Driver/Src/stm32g0xx_hal_uart_ex.o
 .debug_ranges  0x0000000000000c88       0x30 ./middleware/FreeRTOS/list.o
 .debug_ranges  0x0000000000000cb8      0x120 ./middleware/FreeRTOS/queue.o
 .debug_ranges  0x0000000000000dd8      0x1e8 ./middleware/FreeRTOS/tasks.o
 .debug_ranges  0x0000000000000fc0       0xd8 ./middleware/FreeRTOS/timers.o
 .debug_ranges  0x0000000000001098       0x78 ./middleware/FreeRTOS/portable/GCC/ARM_CM0/port.o
 .debug_ranges  0x0000000000001110       0x50 ./middleware/FreeRTOS/portable/MemMang/heap_4.o

.debug_macro    0x0000000000000000    0x16e02
 .debug_macro   0x0000000000000000      0x269 ./Core/Src/main.o
 .debug_macro   0x0000000000000269      0xa4e ./Core/Src/main.o
 .debug_macro   0x0000000000000cb7      0x11d ./Core/Src/main.o
 .debug_macro   0x0000000000000dd4       0x2e ./Core/Src/main.o
 .debug_macro   0x0000000000000e02       0x28 ./Core/Src/main.o
 .debug_macro   0x0000000000000e2a       0x22 ./Core/Src/main.o
 .debug_macro   0x0000000000000e4c       0x8e ./Core/Src/main.o
 .debug_macro   0x0000000000000eda       0x51 ./Core/Src/main.o
 .debug_macro   0x0000000000000f2b      0x103 ./Core/Src/main.o
 .debug_macro   0x000000000000102e       0x6a ./Core/Src/main.o
 .debug_macro   0x0000000000001098      0x1df ./Core/Src/main.o
 .debug_macro   0x0000000000001277       0x1c ./Core/Src/main.o
 .debug_macro   0x0000000000001293       0x22 ./Core/Src/main.o
 .debug_macro   0x00000000000012b5       0xd1 ./Core/Src/main.o
 .debug_macro   0x0000000000001386      0x4da ./Core/Src/main.o
 .debug_macro   0x0000000000001860      0x11f ./Core/Src/main.o
 .debug_macro   0x000000000000197f     0xa6de ./Core/Src/main.o
 .debug_macro   0x000000000000c05d       0x66 ./Core/Src/main.o
 .debug_macro   0x000000000000c0c3     0x34fd ./Core/Src/main.o
 .debug_macro   0x000000000000f5c0      0x174 ./Core/Src/main.o
 .debug_macro   0x000000000000f734       0x5c ./Core/Src/main.o
 .debug_macro   0x000000000000f790      0x485 ./Core/Src/main.o
 .debug_macro   0x000000000000fc15      0xe67 ./Core/Src/main.o
 .debug_macro   0x0000000000010a7c      0x13e ./Core/Src/main.o
 .debug_macro   0x0000000000010bba      0x1cf ./Core/Src/main.o
 .debug_macro   0x0000000000010d89      0x13e ./Core/Src/main.o
 .debug_macro   0x0000000000010ec7      0x3a8 ./Core/Src/main.o
 .debug_macro   0x000000000001126f      0x280 ./Core/Src/main.o
 .debug_macro   0x00000000000114ef      0x345 ./Core/Src/main.o
 .debug_macro   0x0000000000011834      0x198 ./Core/Src/main.o
 .debug_macro   0x00000000000119cc       0x43 ./Core/Src/main.o
 .debug_macro   0x0000000000011a0f      0x1f1 ./Core/Src/main.o
 .debug_macro   0x0000000000011c00      0x1d6 ./Core/Src/main.o
 .debug_macro   0x0000000000011dd6      0x2a3 ./Core/Src/main.o
 .debug_macro   0x0000000000012079       0x28 ./Core/Src/main.o
 .debug_macro   0x00000000000120a1       0xcf ./Core/Src/main.o
 .debug_macro   0x0000000000012170      0x118 ./Core/Src/main.o
 .debug_macro   0x0000000000012288      0x10d ./Core/Src/main.o
 .debug_macro   0x0000000000012395      0xabb ./Core/Src/main.o
 .debug_macro   0x0000000000012e50      0x124 ./Core/Src/main.o
 .debug_macro   0x0000000000012f74      0x693 ./Core/Src/main.o
 .debug_macro   0x0000000000013607       0xa6 ./Core/Src/main.o
 .debug_macro   0x00000000000136ad      0x43d ./Core/Src/main.o
 .debug_macro   0x0000000000013aea       0xdc ./Core/Src/main.o
 .debug_macro   0x0000000000013bc6      0x15a ./Core/Src/main.o
 .debug_macro   0x0000000000013d20       0xb8 ./Core/Src/main.o
 .debug_macro   0x0000000000013dd8       0x28 ./Core/Src/main.o
 .debug_macro   0x0000000000013e00       0x1f ./Core/Src/main.o
 .debug_macro   0x0000000000013e1f       0x12 ./Core/Src/main.o
 .debug_macro   0x0000000000013e31      0x53b ./Core/Src/main.o
 .debug_macro   0x000000000001436c       0xc3 ./Core/Src/main.o
 .debug_macro   0x000000000001442f      0x120 ./Core/Src/main.o
 .debug_macro   0x000000000001454f       0x91 ./Core/Src/main.o
 .debug_macro   0x00000000000145e0      0x1e9 ./Core/Src/stm32g0xx_hal_msp.o
 .debug_macro   0x00000000000147c9      0x1df ./Core/Src/stm32g0xx_hal_timebase_tim.o
 .debug_macro   0x00000000000149a8      0x1f3 ./Core/Src/stm32g0xx_it.o
 .debug_macro   0x0000000000014b9b      0x1df ./Core/Src/system_stm32g0xx.o
 .debug_macro   0x0000000000014d7a      0x1fd ./Drivers/STM32G0xx_HAL_Driver/Src/stm32g0xx_hal.o
 .debug_macro   0x0000000000014f77      0x1df ./Drivers/STM32G0xx_HAL_Driver/Src/stm32g0xx_hal_cortex.o
 .debug_macro   0x0000000000015156      0x1e6 ./Drivers/STM32G0xx_HAL_Driver/Src/stm32g0xx_hal_gpio.o
 .debug_macro   0x000000000001533c      0x1f1 ./Drivers/STM32G0xx_HAL_Driver/Src/stm32g0xx_hal_pwr_ex.o
 .debug_macro   0x000000000001552d      0x21b ./Drivers/STM32G0xx_HAL_Driver/Src/stm32g0xx_hal_rcc.o
 .debug_macro   0x0000000000015748      0x1f7 ./Drivers/STM32G0xx_HAL_Driver/Src/stm32g0xx_hal_rcc_ex.o
 .debug_macro   0x000000000001593f      0x1e7 ./Drivers/STM32G0xx_HAL_Driver/Src/stm32g0xx_hal_tim.o
 .debug_macro   0x0000000000015b26      0x1e5 ./Drivers/STM32G0xx_HAL_Driver/Src/stm32g0xx_hal_tim_ex.o
 .debug_macro   0x0000000000015d0b      0x20a ./Drivers/STM32G0xx_HAL_Driver/Src/stm32g0xx_hal_uart.o
 .debug_macro   0x0000000000015f15      0x1eb ./Drivers/STM32G0xx_HAL_Driver/Src/stm32g0xx_hal_uart_ex.o
 .debug_macro   0x0000000000016100      0x198 ./middleware/FreeRTOS/list.o
 .debug_macro   0x0000000000016298      0x22f ./middleware/FreeRTOS/queue.o
 .debug_macro   0x00000000000164c7       0x16 ./middleware/FreeRTOS/queue.o
 .debug_macro   0x00000000000164dd       0x20 ./middleware/FreeRTOS/queue.o
 .debug_macro   0x00000000000164fd       0x80 ./middleware/FreeRTOS/queue.o
 .debug_macro   0x000000000001657d      0x284 ./middleware/FreeRTOS/tasks.o
 .debug_macro   0x0000000000016801       0x17 ./middleware/FreeRTOS/tasks.o
 .debug_macro   0x0000000000016818      0x1e7 ./middleware/FreeRTOS/timers.o
 .debug_macro   0x00000000000169ff       0x97 ./middleware/FreeRTOS/timers.o
 .debug_macro   0x0000000000016a96      0x153 ./middleware/FreeRTOS/portable/GCC/ARM_CM0/port.o
 .debug_macro   0x0000000000016be9      0x219 ./middleware/FreeRTOS/portable/MemMang/heap_4.o

.debug_line     0x0000000000000000    0x15a6c
 .debug_line    0x0000000000000000      0xa3a ./Core/Src/main.o
 .debug_line    0x0000000000000a3a      0x791 ./Core/Src/stm32g0xx_hal_msp.o
 .debug_line    0x00000000000011cb      0x7ab ./Core/Src/stm32g0xx_hal_timebase_tim.o
 .debug_line    0x0000000000001976      0x771 ./Core/Src/stm32g0xx_it.o
 .debug_line    0x00000000000020e7      0x7a5 ./Core/Src/system_stm32g0xx.o
 .debug_line    0x000000000000288c       0x89 ./Core/Startup/startup_stm32g070rbtx.o
 .debug_line    0x0000000000002915      0xa48 ./Drivers/STM32G0xx_HAL_Driver/Src/stm32g0xx_hal.o
 .debug_line    0x000000000000335d      0xb5c ./Drivers/STM32G0xx_HAL_Driver/Src/stm32g0xx_hal_cortex.o
 .debug_line    0x0000000000003eb9      0xb48 ./Drivers/STM32G0xx_HAL_Driver/Src/stm32g0xx_hal_gpio.o
 .debug_line    0x0000000000004a01      0x978 ./Drivers/STM32G0xx_HAL_Driver/Src/stm32g0xx_hal_pwr_ex.o
 .debug_line    0x0000000000005379      0xef0 ./Drivers/STM32G0xx_HAL_Driver/Src/stm32g0xx_hal_rcc.o
 .debug_line    0x0000000000006269      0xb14 ./Drivers/STM32G0xx_HAL_Driver/Src/stm32g0xx_hal_rcc_ex.o
 .debug_line    0x0000000000006d7d     0x3be0 ./Drivers/STM32G0xx_HAL_Driver/Src/stm32g0xx_hal_tim.o
 .debug_line    0x000000000000a95d     0x1c2a ./Drivers/STM32G0xx_HAL_Driver/Src/stm32g0xx_hal_tim_ex.o
 .debug_line    0x000000000000c587     0x33b8 ./Drivers/STM32G0xx_HAL_Driver/Src/stm32g0xx_hal_uart.o
 .debug_line    0x000000000000f93f      0xdda ./Drivers/STM32G0xx_HAL_Driver/Src/stm32g0xx_hal_uart_ex.o
 .debug_line    0x0000000000010719      0x76f ./middleware/FreeRTOS/list.o
 .debug_line    0x0000000000010e88     0x13e6 ./middleware/FreeRTOS/queue.o
 .debug_line    0x000000000001226e     0x1b55 ./middleware/FreeRTOS/tasks.o
 .debug_line    0x0000000000013dc3      0xbd8 ./middleware/FreeRTOS/timers.o
 .debug_line    0x000000000001499b      0x70c ./middleware/FreeRTOS/portable/GCC/ARM_CM0/port.o
 .debug_line    0x00000000000150a7      0x9c5 ./middleware/FreeRTOS/portable/MemMang/heap_4.o

.debug_str      0x0000000000000000    0x95d5b
 .debug_str     0x0000000000000000    0x8c277 ./Core/Src/main.o
                                      0x8c8c3 (size before relaxing)
 .debug_str     0x000000000008c277      0x130 ./Core/Src/stm32g0xx_hal_msp.o
                                      0x86ecf (size before relaxing)
 .debug_str     0x000000000008c3a7      0x2d5 ./Core/Src/stm32g0xx_hal_timebase_tim.o
                                      0x870e6 (size before relaxing)
 .debug_str     0x000000000008c67c       0x6e ./Core/Src/stm32g0xx_it.o
                                      0x86d39 (size before relaxing)
 .debug_str     0x000000000008c6ea       0x8e ./Core/Src/system_stm32g0xx.o
                                      0x86827 (size before relaxing)
 .debug_str     0x000000000008c778       0x36 ./Core/Startup/startup_stm32g070rbtx.o
                                         0x79 (size before relaxing)
 .debug_str     0x000000000008c7ae      0x424 ./Drivers/STM32G0xx_HAL_Driver/Src/stm32g0xx_hal.o
                                      0x86ec9 (size before relaxing)
 .debug_str     0x000000000008cbd2      0x267 ./Drivers/STM32G0xx_HAL_Driver/Src/stm32g0xx_hal_cortex.o
                                      0x86c6e (size before relaxing)
 .debug_str     0x000000000008ce39      0x12c ./Drivers/STM32G0xx_HAL_Driver/Src/stm32g0xx_hal_gpio.o
                                      0x8695c (size before relaxing)
 .debug_str     0x000000000008cf65      0x221 ./Drivers/STM32G0xx_HAL_Driver/Src/stm32g0xx_hal_pwr_ex.o
                                      0x86a7b (size before relaxing)
 .debug_str     0x000000000008d186      0x321 ./Drivers/STM32G0xx_HAL_Driver/Src/stm32g0xx_hal_rcc.o
                                      0x86e18 (size before relaxing)
 .debug_str     0x000000000008d4a7      0x185 ./Drivers/STM32G0xx_HAL_Driver/Src/stm32g0xx_hal_rcc_ex.o
                                      0x86b78 (size before relaxing)
 .debug_str     0x000000000008d62c      0xeae ./Drivers/STM32G0xx_HAL_Driver/Src/stm32g0xx_hal_tim.o
                                      0x87d59 (size before relaxing)
 .debug_str     0x000000000008e4da      0x67e ./Drivers/STM32G0xx_HAL_Driver/Src/stm32g0xx_hal_tim_ex.o
                                      0x876f7 (size before relaxing)
 .debug_str     0x000000000008eb58      0x9d1 ./Drivers/STM32G0xx_HAL_Driver/Src/stm32g0xx_hal_uart.o
                                      0x877f2 (size before relaxing)
 .debug_str     0x000000000008f529      0x264 ./Drivers/STM32G0xx_HAL_Driver/Src/stm32g0xx_hal_uart_ex.o
                                      0x870b1 (size before relaxing)
 .debug_str     0x000000000008f78d     0x2fe1 ./middleware/FreeRTOS/list.o
                                       0xa88d (size before relaxing)
 .debug_str     0x000000000009276e     0x1421 ./middleware/FreeRTOS/queue.o
                                       0xcf4a (size before relaxing)
 .debug_str     0x0000000000093b8f     0x1292 ./middleware/FreeRTOS/tasks.o
                                       0xd8f4 (size before relaxing)
 .debug_str     0x0000000000094e21      0x512 ./middleware/FreeRTOS/timers.o
                                       0xd0f8 (size before relaxing)
 .debug_str     0x0000000000095333      0x451 ./middleware/FreeRTOS/portable/GCC/ARM_CM0/port.o
                                       0x905d (size before relaxing)
 .debug_str     0x0000000000095784      0x5d7 ./middleware/FreeRTOS/portable/MemMang/heap_4.o
                                       0xc098 (size before relaxing)

.comment        0x0000000000000000       0x50
 .comment       0x0000000000000000       0x50 ./Core/Src/main.o
                                         0x51 (size before relaxing)
 .comment       0x0000000000000050       0x51 ./Core/Src/stm32g0xx_hal_msp.o
 .comment       0x0000000000000050       0x51 ./Core/Src/stm32g0xx_hal_timebase_tim.o
 .comment       0x0000000000000050       0x51 ./Core/Src/stm32g0xx_it.o
 .comment       0x0000000000000050       0x51 ./Core/Src/system_stm32g0xx.o
 .comment       0x0000000000000050       0x51 ./Drivers/STM32G0xx_HAL_Driver/Src/stm32g0xx_hal.o
 .comment       0x0000000000000050       0x51 ./Drivers/STM32G0xx_HAL_Driver/Src/stm32g0xx_hal_cortex.o
 .comment       0x0000000000000050       0x51 ./Drivers/STM32G0xx_HAL_Driver/Src/stm32g0xx_hal_gpio.o
 .comment       0x0000000000000050       0x51 ./Drivers/STM32G0xx_HAL_Driver/Src/stm32g0xx_hal_pwr_ex.o
 .comment       0x0000000000000050       0x51 ./Drivers/STM32G0xx_HAL_Driver/Src/stm32g0xx_hal_rcc.o
 .comment       0x0000000000000050       0x51 ./Drivers/STM32G0xx_HAL_Driver/Src/stm32g0xx_hal_rcc_ex.o
 .comment       0x0000000000000050       0x51 ./Drivers/STM32G0xx_HAL_Driver/Src/stm32g0xx_hal_tim.o
 .comment       0x0000000000000050       0x51 ./Drivers/STM32G0xx_HAL_Driver/Src/stm32g0xx_hal_tim_ex.o
 .comment       0x0000000000000050       0x51 ./Drivers/STM32G0xx_HAL_Driver/Src/stm32g0xx_hal_uart.o
 .comment       0x0000000000000050       0x51 ./Drivers/STM32G0xx_HAL_Driver/Src/stm32g0xx_hal_uart_ex.o
 .comment       0x0000000000000050       0x51 ./middleware/FreeRTOS/list.o
 .comment       0x0000000000000050       0x51 ./middleware/FreeRTOS/queue.o
 .comment       0x0000000000000050       0x51 ./middleware/FreeRTOS/tasks.o
 .comment       0x0000000000000050       0x51 ./middleware/FreeRTOS/timers.o
 .comment       0x0000000000000050       0x51 ./middleware/FreeRTOS/portable/GCC/ARM_CM0/port.o
 .comment       0x0000000000000050       0x51 ./middleware/FreeRTOS/portable/MemMang/heap_4.o

.debug_frame    0x0000000000000000     0x42a8
 .debug_frame   0x0000000000000000      0x134 ./Core/Src/main.o
 .debug_frame   0x0000000000000134       0x70 ./Core/Src/stm32g0xx_hal_msp.o
 .debug_frame   0x00000000000001a4       0x6c ./Core/Src/stm32g0xx_hal_timebase_tim.o
 .debug_frame   0x0000000000000210       0x64 ./Core/Src/stm32g0xx_it.o
 .debug_frame   0x0000000000000274       0x4c ./Core/Src/system_stm32g0xx.o
 .debug_frame   0x00000000000002c0      0x340 ./Drivers/STM32G0xx_HAL_Driver/Src/stm32g0xx_hal.o
 .debug_frame   0x0000000000000600      0x2fc ./Drivers/STM32G0xx_HAL_Driver/Src/stm32g0xx_hal_cortex.o
 .debug_frame   0x00000000000008fc      0x130 ./Drivers/STM32G0xx_HAL_Driver/Src/stm32g0xx_hal_gpio.o
 .debug_frame   0x0000000000000a2c      0x1f4 ./Drivers/STM32G0xx_HAL_Driver/Src/stm32g0xx_hal_pwr_ex.o
 .debug_frame   0x0000000000000c20      0x214 ./Drivers/STM32G0xx_HAL_Driver/Src/stm32g0xx_hal_rcc.o
 .debug_frame   0x0000000000000e34       0xb0 ./Drivers/STM32G0xx_HAL_Driver/Src/stm32g0xx_hal_rcc_ex.o
 .debug_frame   0x0000000000000ee4      0xf40 ./Drivers/STM32G0xx_HAL_Driver/Src/stm32g0xx_hal_tim.o
 .debug_frame   0x0000000000001e24      0x620 ./Drivers/STM32G0xx_HAL_Driver/Src/stm32g0xx_hal_tim_ex.o
 .debug_frame   0x0000000000002444      0x8d4 ./Drivers/STM32G0xx_HAL_Driver/Src/stm32g0xx_hal_uart.o
 .debug_frame   0x0000000000002d18      0x25c ./Drivers/STM32G0xx_HAL_Driver/Src/stm32g0xx_hal_uart_ex.o
 .debug_frame   0x0000000000002f74       0xb0 ./middleware/FreeRTOS/list.o
 .debug_frame   0x0000000000003024      0x478 ./middleware/FreeRTOS/queue.o
 .debug_frame   0x000000000000349c      0x778 ./middleware/FreeRTOS/tasks.o
 .debug_frame   0x0000000000003c14      0x348 ./middleware/FreeRTOS/timers.o
 .debug_frame   0x0000000000003f5c      0x174 ./middleware/FreeRTOS/portable/GCC/ARM_CM0/port.o
 .debug_frame   0x00000000000040d0      0x124 ./middleware/FreeRTOS/portable/MemMang/heap_4.o
 .debug_frame   0x00000000000041f4       0x2c /Applications/STM32CubeIDE.app/Contents/Eclipse/plugins/com.st.stm32cube.ide.mcu.externaltools.gnu-tools-for-stm32.10.3-2021.10.macos64_1.0.200.202301161003/tools/bin/../lib/gcc/arm-none-eabi/10.3.1/../../../../arm-none-eabi/lib/thumb/v6-m/nofp/libc_nano.a(lib_a-init.o)
 .debug_frame   0x0000000000004220       0x28 /Applications/STM32CubeIDE.app/Contents/Eclipse/plugins/com.st.stm32cube.ide.mcu.externaltools.gnu-tools-for-stm32.10.3-2021.10.macos64_1.0.200.202301161003/tools/bin/../lib/gcc/arm-none-eabi/10.3.1/../../../../arm-none-eabi/lib/thumb/v6-m/nofp/libc_nano.a(lib_a-memcpy-stub.o)
 .debug_frame   0x0000000000004248       0x20 /Applications/STM32CubeIDE.app/Contents/Eclipse/plugins/com.st.stm32cube.ide.mcu.externaltools.gnu-tools-for-stm32.10.3-2021.10.macos64_1.0.200.202301161003/tools/bin/../lib/gcc/arm-none-eabi/10.3.1/../../../../arm-none-eabi/lib/thumb/v6-m/nofp/libc_nano.a(lib_a-memset.o)
 .debug_frame   0x0000000000004268       0x20 /Applications/STM32CubeIDE.app/Contents/Eclipse/plugins/com.st.stm32cube.ide.mcu.externaltools.gnu-tools-for-stm32.10.3-2021.10.macos64_1.0.200.202301161003/tools/bin/../lib/gcc/arm-none-eabi/10.3.1/thumb/v6-m/nofp/libgcc.a(_udivsi3.o)
 .debug_frame   0x0000000000004288       0x20 /Applications/STM32CubeIDE.app/Contents/Eclipse/plugins/com.st.stm32cube.ide.mcu.externaltools.gnu-tools-for-stm32.10.3-2021.10.macos64_1.0.200.202301161003/tools/bin/../lib/gcc/arm-none-eabi/10.3.1/thumb/v6-m/nofp/libgcc.a(_divsi3.o)
