../Core/Src/main.c:66:6:transmit1	32	static
../Core/Src/main.c:72:6:transmit2	32	static
../Core/Src/main.c:79:13:task1	16	static
../Core/Src/main.c:103:13:task2	16	static
../Core/Src/main.c:132:5:main	24	static
../Core/Src/main.c:182:6:SystemClock_Config	88	static
../Core/Src/main.c:223:13:MX_USART2_UART_Init	8	static
../Core/Src/main.c:271:13:MX_GPIO_Init	48	static
../Core/Src/main.c:308:6:HAL_TIM_PeriodElapsedCallback	16	static
../Core/Src/main.c:325:6:Error_Handler	8	static,ignoring_inline_asm
