../Core/Src/main.c:74:6:Input1	16	static
../Core/Src/main.c:83:6:Input2	16	static
../Core/Src/main.c:92:6:Input3	16	static
../Core/Src/main.c:100:6:Input4	16	static
../Core/Src/main.c:109:6:Output	32	static
../Core/Src/main.c:151:5:main	16	static
../Core/Src/main.c:206:6:SystemClock_Config	88	static
../Core/Src/main.c:247:13:MX_USART2_UART_Init	8	static
../Core/Src/main.c:295:13:MX_GPIO_Init	24	static
../Core/Src/main.c:321:6:HAL_TIM_PeriodElapsedCallback	16	static
../Core/Src/main.c:338:6:Error_Handler	8	static,ignoring_inline_asm
