../middleware/FreeRTOS/lcd_i2c.c:71:6:LCD_Init	8	static
../middleware/FreeRTOS/lcd_i2c.c:101:6:LCD_Clear	8	static
../middleware/FreeRTOS/lcd_i2c.c:107:6:LCD_SetCursor	24	static
../middleware/FreeRTOS/lcd_i2c.c:118:6:LCD_Print	16	static
../middleware/FreeRTOS/lcd_i2c.c:123:6:LCD_BacklightOn	16	static
../middleware/FreeRTOS/lcd_i2c.c:130:6:LCD_BacklightOff	16	static
../middleware/FreeRTOS/lcd_i2c.c:137:13:LCD_SendCmd	16	static
../middleware/FreeRTOS/lcd_i2c.c:142:13:LCD_SendData	16	static
../middleware/FreeRTOS/lcd_i2c.c:147:13:LCD_SendHalfByte	32	static
../middleware/FreeRTOS/lcd_i2c.c:156:13:LCD_SendByte	40	static
../middleware/FreeRTOS/lcd_i2c.c:192:13:LCD_SendString	16	static
