../Core/Src/main.c:67:6:delay	24	static
../Core/Src/main.c:73:6:transmit	40	static
../Core/Src/main.c:78:6:AutoreloadCallback	48	static
../Core/Src/main.c:88:6:AutoreloadCallback2	48	static
../Core/Src/main.c:102:5:main	24	static
../Core/Src/main.c:158:6:SystemClock_Config	88	static
../Core/Src/main.c:199:13:MX_USART2_UART_Init	8	static
../Core/Src/main.c:247:13:MX_GPIO_Init	56	static
../Core/Src/main.c:295:6:HAL_TIM_PeriodElapsedCallback	16	static
../Core/Src/main.c:312:6:Error_Handler	8	static,ignoring_inline_asm
