../Core/Src/main.c:66:6:delay	24	static
../Core/Src/main.c:73:6:transmit1	32	static
../Core/Src/main.c:79:6:transmit2	32	static
../Core/Src/main.c:85:6:transmit3	32	static
../Core/Src/main.c:91:13:task1	24	static
../Core/Src/main.c:114:13:task2	24	static
../Core/Src/main.c:136:13:task3	24	static
../Core/Src/main.c:165:5:main	16	static
../Core/Src/main.c:217:6:SystemClock_Config	88	static
../Core/Src/main.c:258:13:MX_USART2_UART_Init	8	static
../Core/Src/main.c:306:13:MX_GPIO_Init	48	static
../Core/Src/main.c:343:6:HAL_TIM_PeriodElapsedCallback	16	static
../Core/Src/main.c:360:6:Error_Handler	8	static,ignoring_inline_asm
