../Core/Src/main.c:71:6:delay	24	static
../Core/Src/main.c:77:6:transmit	40	static
../Core/Src/main.c:82:6:OneshotCallback	48	static
../Core/Src/main.c:90:6:AutoreloadCallback	48	static
../Core/Src/main.c:104:5:main	24	static
../Core/Src/main.c:160:6:SystemClock_Config	88	static
../Core/Src/main.c:201:13:MX_USART2_UART_Init	8	static
../Core/Src/main.c:249:13:MX_GPIO_Init	56	static
../Core/Src/main.c:297:6:HAL_TIM_PeriodElapsedCallback	16	static
../Core/Src/main.c:314:6:Error_Handler	8	static,ignoring_inline_asm
