../Core/Src/main.c:79:6:lightTask	24	static
../Core/Src/main.c:95:6:displayTask	232	static
../Core/Src/main.c:114:6:ledTask	16	static
../Core/Src/main.c:134:5:main	24	static
../Core/Src/main.c:199:6:SystemClock_Config	88	static
../Core/Src/main.c:240:13:MX_ADC1_Init	24	static
../Core/Src/main.c:298:13:MX_USART2_UART_Init	8	static
../Core/Src/main.c:346:13:MX_GPIO_Init	56	static
../Core/Src/main.c:385:6:HAL_TIM_PeriodElapsedCallback	16	static
../Core/Src/main.c:402:6:Error_Handler	8	static,ignoring_inline_asm
