16:15:36 **** Incremental Build of configuration Debug for project ADC_pwm ****
make -j7 all 
arm-none-eabi-gcc "../Core/Src/main.c" -mcpu=cortex-m0plus -std=gnu11 -g3 -DDEBUG -DUSE_HAL_DRIVER -DSTM32G070xx -c -I../Core/Inc -I../Drivers/STM32G0xx_HAL_Driver/Inc -I../Drivers/STM32G0xx_HAL_Driver/Inc/Legacy -I../Drivers/CMSIS/Device/ST/STM32G0xx/Include -I../Drivers/CMSIS/Include -O0 -ffunction-sections -fdata-sections -Wall -fstack-usage -fcyclomatic-complexity -MMD -MP -MF"Core/Src/main.d" -MT"Core/Src/main.o" --specs=nano.specs -mfloat-abi=soft -mthumb -o "Core/Src/main.o"
arm-none-eabi-gcc -o "ADC_pwm.elf" @"objects.list"   -mcpu=cortex-m0plus -T"/Users/nithish/STM32CubeIDE/Device_Drivers/ADC_pwm/STM32G070RBTX_FLASH.ld" --specs=nosys.specs -Wl,-Map="ADC_pwm.map" -Wl,--gc-sections -static --specs=nano.specs -mfloat-abi=soft -mthumb -Wl,--start-group -lc -lm -Wl,--end-group
Finished building target: ADC_pwm.elf
 
arm-none-eabi-size   ADC_pwm.elf 
arm-none-eabi-objdump -h -S  ADC_pwm.elf  > "ADC_pwm.list"
   text	   data	    bss	    dec	    hex	filename
  13316	     20	   1748	  15084	   3aec	ADC_pwm.elf
Finished building: default.size.stdout
 
Finished building: ADC_pwm.list
 

16:15:37 Build Finished. 0 errors, 0 warnings. (took 1s.36ms)

