13:16:13 **** Incremental Build of configuration Debug for project Led_switch ****
make -j7 all 
arm-none-eabi-gcc "../Core/Src/main.c" -mcpu=cortex-m0plus -std=gnu11 -g3 -DDEBUG -DUSE_HAL_DRIVER -DSTM32G070xx -c -I../Core/Inc -I../Drivers/STM32G0xx_HAL_Driver/Inc -I../Drivers/STM32G0xx_HAL_Driver/Inc/Legacy -I../Drivers/CMSIS/Device/ST/STM32G0xx/Include -I../Drivers/CMSIS/Include -O0 -ffunction-sections -fdata-sections -Wall -fstack-usage -fcyclomatic-complexity -MMD -MP -MF"Core/Src/main.d" -MT"Core/Src/main.o" --specs=nano.specs -mfloat-abi=soft -mthumb -o "Core/Src/main.o"
arm-none-eabi-gcc -o "Led_switch.elf" @"objects.list"   -mcpu=cortex-m0plus -T"/Users/nithish/STM32CubeIDE/Device_Drivers/Led_switch/STM32G070RBTX_FLASH.ld" --specs=nosys.specs -Wl,-Map="Led_switch.map" -Wl,--gc-sections -static --specs=nano.specs -mfloat-abi=soft -mthumb -Wl,--start-group -lc -lm -Wl,--end-group
Finished building target: Led_switch.elf
 
arm-none-eabi-size   Led_switch.elf 
arm-none-eabi-objdump -h -S  Led_switch.elf  > "Led_switch.list"
   text	   data	    bss	    dec	    hex	filename
   5448	     20	   1572	   7040	   1b80	Led_switch.elf
Finished building: default.size.stdout
 
Finished building: Led_switch.list
 

13:16:14 Build Finished. 0 errors, 0 warnings. (took 791ms)

