14:12:45 **** Build of configuration Debug for project Pot_poll ****
make -j7 all 
arm-none-eabi-gcc "../Core/Src/main.c" -mcpu=cortex-m0plus -std=gnu11 -g3 -DDEBUG -DUSE_HAL_DRIVER -DSTM32G070xx -c -I../Core/Inc -I../Drivers/STM32G0xx_HAL_Driver/Inc -I../Drivers/STM32G0xx_HAL_Driver/Inc/Legacy -I../Drivers/CMSIS/Device/ST/STM32G0xx/Include -I../Drivers/CMSIS/Include -O0 -ffunction-sections -fdata-sections -Wall -fstack-usage -fcyclomatic-complexity -MMD -MP -MF"Core/Src/main.d" -MT"Core/Src/main.o" --specs=nano.specs -mfloat-abi=soft -mthumb -o "Core/Src/main.o"
arm-none-eabi-gcc -o "Pot_poll.elf" @"objects.list"   -mcpu=cortex-m0plus -T"/Users/nithish/STM32CubeIDE/Device_Drivers/Pot_poll/STM32G070RBTX_FLASH.ld" --specs=nosys.specs -Wl,-Map="Pot_poll.map" -Wl,--gc-sections -static --specs=nano.specs -mfloat-abi=soft -mthumb -Wl,--start-group -lc -lm -Wl,--end-group
Finished building target: Pot_poll.elf
 
arm-none-eabi-size   Pot_poll.elf 
arm-none-eabi-objdump -h -S  Pot_poll.elf  > "Pot_poll.list"
   text	   data	    bss	    dec	    hex	filename
   8520	     20	   1676	  10216	   27e8	Pot_poll.elf
Finished building: default.size.stdout
 
Finished building: Pot_poll.list
 

14:12:46 Build Finished. 0 errors, 0 warnings. (took 515ms)

