12:16:13 **** Incremental Build of configuration Debug for project Pot_dma ****
make -j7 all 
arm-none-eabi-gcc "../Core/Src/main.c" -mcpu=cortex-m0plus -std=gnu11 -g3 -DDEBUG -DUSE_HAL_DRIVER -DSTM32G070xx -c -I../Core/Inc -I../Drivers/STM32G0xx_HAL_Driver/Inc -I../Drivers/STM32G0xx_HAL_Driver/Inc/Legacy -I../Drivers/CMSIS/Device/ST/STM32G0xx/Include -I../Drivers/CMSIS/Include -O0 -ffunction-sections -fdata-sections -Wall -fstack-usage -fcyclomatic-complexity -MMD -MP -MF"Core/Src/main.d" -MT"Core/Src/main.o" --specs=nano.specs -mfloat-abi=soft -mthumb -o "Core/Src/main.o"
arm-none-eabi-gcc -o "Pot_dma.elf" @"objects.list"   -mcpu=cortex-m0plus -T"/Users/nithish/STM32CubeIDE/Device_Drivers/Pot_dma/STM32G070RBTX_FLASH.ld" --specs=nosys.specs -Wl,-Map="Pot_dma.map" -Wl,--gc-sections -static --specs=nano.specs -mfloat-abi=soft -mthumb -Wl,--start-group -lc -lm -Wl,--end-group
Finished building target: Pot_dma.elf
 
arm-none-eabi-size   Pot_dma.elf 
arm-none-eabi-objdump -h -S  Pot_dma.elf  > "Pot_dma.list"
   text	   data	    bss	    dec	    hex	filename
  10572	     20	   1764	  12356	   3044	Pot_dma.elf
Finished building: default.size.stdout
 
Finished building: Pot_dma.list
 

12:16:14 Build Finished. 0 errors, 0 warnings. (took 851ms)

