12:47:17 **** Incremental Build of configuration Debug for project Project_Main ****
make -j7 all 
arm-none-eabi-gcc "../Core/Src/main.c" -mcpu=cortex-m0plus -std=gnu11 -g3 -DDEBUG -DUSE_HAL_DRIVER -DSTM32G070xx -c -I../Core/Inc -I../Drivers/STM32G0xx_HAL_Driver/Inc -I../Drivers/STM32G0xx_HAL_Driver/Inc/Legacy -I../Drivers/CMSIS/Device/ST/STM32G0xx/Include -I../Drivers/CMSIS/Include -O0 -ffunction-sections -fdata-sections -Wall -fstack-usage -fcyclomatic-complexity -MMD -MP -MF"Core/Src/main.d" -MT"Core/Src/main.o" --specs=nano.specs -mfloat-abi=soft -mthumb -o "Core/Src/main.o"
arm-none-eabi-gcc -o "Project_Main.elf" @"objects.list"   -mcpu=cortex-m0plus -T"/Users/nithish/STM32CubeIDE/Device_Drivers/Project_Main/STM32G070RBTX_FLASH.ld" --specs=nosys.specs -Wl,-Map="Project_Main.map" -Wl,--gc-sections -static --specs=nano.specs -mfloat-abi=soft -mthumb -Wl,--start-group -lc -lm -Wl,--end-group
Finished building target: Project_Main.elf
 
arm-none-eabi-size   Project_Main.elf 
arm-none-eabi-objdump -h -S  Project_Main.elf  > "Project_Main.list"
   text	   data	    bss	    dec	    hex	filename
  17012	     20	   2028	  19060	   4a74	Project_Main.elf
Finished building: default.size.stdout
 
Finished building: Project_Main.list
 

12:47:18 Build Finished. 0 errors, 0 warnings. (took 936ms)

