20:02:53 **** Incremental Build of configuration Debug for project Switch_led ****
make -j7 all 
arm-none-eabi-gcc "../Core/Src/main.c" -mcpu=cortex-m0plus -std=gnu11 -g3 -DDEBUG -DUSE_HAL_DRIVER -DSTM32G070xx -c -I../Core/Inc -I../Drivers/STM32G0xx_HAL_Driver/Inc -I../Drivers/STM32G0xx_HAL_Driver/Inc/Legacy -I../Drivers/CMSIS/Device/ST/STM32G0xx/Include -I../Drivers/CMSIS/Include -O0 -ffunction-sections -fdata-sections -Wall -fstack-usage -fcyclomatic-complexity -MMD -MP -MF"Core/Src/main.d" -MT"Core/Src/main.o" --specs=nano.specs -mfloat-abi=soft -mthumb -o "Core/Src/main.o"
arm-none-eabi-gcc -o "Switch_led.elf" @"objects.list"   -mcpu=cortex-m0plus -T"/Users/nithish/STM32CubeIDE/Device_Drivers/Switch_led/STM32G070RBTX_FLASH.ld" --specs=nosys.specs -Wl,-Map="Switch_led.map" -Wl,--gc-sections -static --specs=nano.specs -mfloat-abi=soft -mthumb -Wl,--start-group -lc -lm -Wl,--end-group
Finished building target: Switch_led.elf
 
arm-none-eabi-size   Switch_led.elf 
arm-none-eabi-objdump -h -S  Switch_led.elf  > "Switch_led.list"
   text	   data	    bss	    dec	    hex	filename
   5548	     20	   1572	   7140	   1be4	Switch_led.elf
Finished building: default.size.stdout
 
Finished building: Switch_led.list
 

20:02:54 Build Finished. 0 errors, 0 warnings. (took 628ms)

