12:26:47 **** Incremental Build of configuration Debug for project UART_Rx ****
make -j7 all 
arm-none-eabi-gcc "../Core/Src/main.c" -mcpu=cortex-m0plus -std=gnu11 -g3 -DDEBUG -DUSE_HAL_DRIVER -DSTM32G070xx -c -I../Core/Inc -I../Drivers/STM32G0xx_HAL_Driver/Inc -I../Drivers/STM32G0xx_HAL_Driver/Inc/Legacy -I../Drivers/CMSIS/Device/ST/STM32G0xx/Include -I../Drivers/CMSIS/Include -O0 -ffunction-sections -fdata-sections -Wall -fstack-usage -fcyclomatic-complexity -MMD -MP -MF"Core/Src/main.d" -MT"Core/Src/main.o" --specs=nano.specs -mfloat-abi=soft -mthumb -o "Core/Src/main.o"
arm-none-eabi-gcc -o "UART_Rx.elf" @"objects.list"   -mcpu=cortex-m0plus -T"/Users/nithish/STM32CubeIDE/Device_Drivers/UART_Rx/STM32G070RBTX_FLASH.ld" --specs=nosys.specs -Wl,-Map="UART_Rx.map" -Wl,--gc-sections -static --specs=nano.specs -mfloat-abi=soft -mthumb -Wl,--start-group -lc -lm -Wl,--end-group
Finished building target: UART_Rx.elf
 
arm-none-eabi-size   UART_Rx.elf 
arm-none-eabi-objdump -h -S  UART_Rx.elf  > "UART_Rx.list"
   text	   data	    bss	    dec	    hex	filename
   9528	     20	   1732	  11280	   2c10	UART_Rx.elf
Finished building: default.size.stdout
 
Finished building: UART_Rx.list
 

12:26:48 Build Finished. 0 errors, 0 warnings. (took 470ms)

