11:57:34 **** Incremental Build of configuration Debug for project UART_Tx ****
make -j7 all 
arm-none-eabi-gcc "../Core/Src/main.c" -mcpu=cortex-m0plus -std=gnu11 -g3 -DDEBUG -DUSE_HAL_DRIVER -DSTM32G070xx -c -I../Core/Inc -I../Drivers/STM32G0xx_HAL_Driver/Inc -I../Drivers/STM32G0xx_HAL_Driver/Inc/Legacy -I../Drivers/CMSIS/Device/ST/STM32G0xx/Include -I../Drivers/CMSIS/Include -O0 -ffunction-sections -fdata-sections -Wall -fstack-usage -fcyclomatic-complexity -MMD -MP -MF"Core/Src/main.d" -MT"Core/Src/main.o" --specs=nano.specs -mfloat-abi=soft -mthumb -o "Core/Src/main.o"
arm-none-eabi-gcc -o "UART_Tx.elf" @"objects.list"   -mcpu=cortex-m0plus -T"/Users/nithish/STM32CubeIDE/Device_Drivers/UART_Tx/STM32G070RBTX_FLASH.ld" --specs=nosys.specs -Wl,-Map="UART_Tx.map" -Wl,--gc-sections -static --specs=nano.specs -mfloat-abi=soft -mthumb -Wl,--start-group -lc -lm -Wl,--end-group
Finished building target: UART_Tx.elf
 
arm-none-eabi-size   UART_Tx.elf 
arm-none-eabi-objdump -h -S  UART_Tx.elf  > "UART_Tx.list"
   text	   data	    bss	    dec	    hex	filename
   9468	     32	   1720	  11220	   2bd4	UART_Tx.elf
Finished building: default.size.stdout
 
Finished building: UART_Tx.list
 

11:57:35 Build Finished. 0 errors, 0 warnings. (took 710ms)

