../Core/Src/main.c:69:6:delay	24	static
../Core/Src/main.c:77:6:transmit1	40	static
../Core/Src/main.c:83:6:transmit2	40	static
../Core/Src/main.c:89:13:ptask	24	static
../Core/Src/main.c:110:13:ctask	24	static
../Core/Src/main.c:135:5:main	16	static
../Core/Src/main.c:190:6:SystemClock_Config	88	static
../Core/Src/main.c:231:13:MX_USART2_UART_Init	8	static
../Core/Src/main.c:279:13:MX_GPIO_Init	48	static
../Core/Src/main.c:316:6:HAL_TIM_PeriodElapsedCallback	16	static
../Core/Src/main.c:333:6:Error_Handler	8	static,ignoring_inline_asm
