../Core/Src/main.c:68:6:transmit1	24	static
../Core/Src/main.c:74:6:transmit2	24	static
../Core/Src/main.c:80:6:transmit3	32	static
../Core/Src/main.c:86:13:LED_ON	16	static
../Core/Src/main.c:99:13:LED_OFF	16	static
../Core/Src/main.c:111:13:IDLE_TASK	16	static
../Core/Src/main.c:129:5:main	32	static
../Core/Src/main.c:186:6:SystemClock_Config	88	static
../Core/Src/main.c:227:13:MX_USART2_UART_Init	8	static
../Core/Src/main.c:275:13:MX_GPIO_Init	48	static
../Core/Src/main.c:312:6:HAL_TIM_PeriodElapsedCallback	16	static
../Core/Src/main.c:329:6:Error_Handler	8	static,ignoring_inline_asm
