../Core/Src/main.c:73:6:delay	24	static
../Core/Src/main.c:81:6:transmit1	40	static
../Core/Src/main.c:87:6:transmit2	40	static
../Core/Src/main.c:93:13:ptask	16	static
../Core/Src/main.c:106:13:ctask	24	static
../Core/Src/main.c:209:5:main	16	static
../Core/Src/main.c:265:6:SystemClock_Config	88	static
../Core/Src/main.c:306:13:MX_USART2_UART_Init	8	static
../Core/Src/main.c:354:13:MX_GPIO_Init	48	static
../Core/Src/main.c:397:6:HAL_TIM_PeriodElapsedCallback	16	static
../Core/Src/main.c:414:6:Error_Handler	8	static,ignoring_inline_asm
